<?xml version="1.0" encoding="ISO-8859-1" ?>
<link_info>
   <banner>TI ARM Clang Linker Unix v3.2.2.LTS</banner>
   <copyright>Copyright (c) 1996-2018 Texas Instruments Incorporated</copyright>
   <link_time>0x6857261d</link_time>
   <link_errors>0x0</link_errors>
   <output_file>/Users/camilochiang/Documents/tmp/CC2652/20250621_i2ctmp/Debug/20250621_i2ctmp.out</output_file>
   <entry_point>
      <name>ResetISR</name>
      <address>0x624b</address>
   </entry_point>
   <input_file_list>
      <input_file id="fl-1">
         <path>/Users/camilochiang/Documents/tmp/CC2652/20250621_i2ctmp/Debug/./</path>
         <kind>object</kind>
         <file>i2ctmp.o</file>
         <name>i2ctmp.o</name>
      </input_file>
      <input_file id="fl-2">
         <path>/Users/camilochiang/Documents/tmp/CC2652/20250621_i2ctmp/Debug/./syscfg/</path>
         <kind>object</kind>
         <file>ti_devices_config.o</file>
         <name>ti_devices_config.o</name>
      </input_file>
      <input_file id="fl-3">
         <path>/Users/camilochiang/Documents/tmp/CC2652/20250621_i2ctmp/Debug/./syscfg/</path>
         <kind>object</kind>
         <file>ti_drivers_config.o</file>
         <name>ti_drivers_config.o</name>
      </input_file>
      <input_file id="fl-4">
         <path>/Users/camilochiang/Documents/tmp/CC2652/20250621_i2ctmp/Debug/./syscfg/</path>
         <kind>object</kind>
         <file>ti_sysbios_config.o</file>
         <name>ti_sysbios_config.o</name>
      </input_file>
      <input_file id="fl-5">
         <path>/Users/camilochiang/Documents/tmp/CC2652/20250621_i2ctmp/Debug/./</path>
         <kind>object</kind>
         <file>main_tirtos.o</file>
         <name>main_tirtos.o</name>
      </input_file>
      <input_file id="fl-16">
         <path>/Users/camilochiang/Documents/tmp/CC2652/20250621_i2ctmp/Debug/</path>
         <kind>object</kind>
         <file>&lt;internal&gt;</file>
         <name>&lt;internal&gt;</name>
      </input_file>
      <input_file id="fl-17">
         <path>/Users/camilochiang/ti/simplelink_cc13xx_cc26xx_sdk_8_30_01_01/source/ti/display/lib/ticlang/m4f/</path>
         <kind>archive</kind>
         <file>display_cc26x2.a</file>
         <name>Display.c.obj</name>
      </input_file>
      <input_file id="fl-18">
         <path>/Users/camilochiang/ti/simplelink_cc13xx_cc26xx_sdk_8_30_01_01/source/ti/display/lib/ticlang/m4f/</path>
         <kind>archive</kind>
         <file>display_cc26x2.a</file>
         <name>DisplayUart2.c.obj</name>
      </input_file>
      <input_file id="fl-19">
         <path>/Users/camilochiang/ti/simplelink_cc13xx_cc26xx_sdk_8_30_01_01/source/ti/drivers/lib/ticlang/m4f/</path>
         <kind>archive</kind>
         <file>drivers_cc26x2.a</file>
         <name>GPIO.c.obj</name>
      </input_file>
      <input_file id="fl-1a">
         <path>/Users/camilochiang/ti/simplelink_cc13xx_cc26xx_sdk_8_30_01_01/source/ti/drivers/lib/ticlang/m4f/</path>
         <kind>archive</kind>
         <file>drivers_cc26x2.a</file>
         <name>GPIOCC26XX.c.obj</name>
      </input_file>
      <input_file id="fl-1b">
         <path>/Users/camilochiang/ti/simplelink_cc13xx_cc26xx_sdk_8_30_01_01/source/ti/drivers/lib/ticlang/m4f/</path>
         <kind>archive</kind>
         <file>drivers_cc26x2.a</file>
         <name>I2C.c.obj</name>
      </input_file>
      <input_file id="fl-1c">
         <path>/Users/camilochiang/ti/simplelink_cc13xx_cc26xx_sdk_8_30_01_01/source/ti/drivers/lib/ticlang/m4f/</path>
         <kind>archive</kind>
         <file>drivers_cc26x2.a</file>
         <name>I2CCC26XX.c.obj</name>
      </input_file>
      <input_file id="fl-1d">
         <path>/Users/camilochiang/ti/simplelink_cc13xx_cc26xx_sdk_8_30_01_01/source/ti/drivers/lib/ticlang/m4f/</path>
         <kind>archive</kind>
         <file>drivers_cc26x2.a</file>
         <name>PowerCC26X2.c.obj</name>
      </input_file>
      <input_file id="fl-1e">
         <path>/Users/camilochiang/ti/simplelink_cc13xx_cc26xx_sdk_8_30_01_01/source/ti/drivers/lib/ticlang/m4f/</path>
         <kind>archive</kind>
         <file>drivers_cc26x2.a</file>
         <name>PowerCC26X2_calibrateRCOSC.c.obj</name>
      </input_file>
      <input_file id="fl-1f">
         <path>/Users/camilochiang/ti/simplelink_cc13xx_cc26xx_sdk_8_30_01_01/source/ti/drivers/lib/ticlang/m4f/</path>
         <kind>archive</kind>
         <file>drivers_cc26x2.a</file>
         <name>TemperatureCC26X2.c.obj</name>
      </input_file>
      <input_file id="fl-20">
         <path>/Users/camilochiang/ti/simplelink_cc13xx_cc26xx_sdk_8_30_01_01/source/ti/drivers/lib/ticlang/m4f/</path>
         <kind>archive</kind>
         <file>drivers_cc26x2.a</file>
         <name>UART2.c.obj</name>
      </input_file>
      <input_file id="fl-21">
         <path>/Users/camilochiang/ti/simplelink_cc13xx_cc26xx_sdk_8_30_01_01/source/ti/drivers/lib/ticlang/m4f/</path>
         <kind>archive</kind>
         <file>drivers_cc26x2.a</file>
         <name>UART2CC26X2.c.obj</name>
      </input_file>
      <input_file id="fl-22">
         <path>/Users/camilochiang/ti/simplelink_cc13xx_cc26xx_sdk_8_30_01_01/source/ti/drivers/lib/ticlang/m4f/</path>
         <kind>archive</kind>
         <file>drivers_cc26x2.a</file>
         <name>GPIOCC26X2.c.obj</name>
      </input_file>
      <input_file id="fl-23">
         <path>/Users/camilochiang/ti/simplelink_cc13xx_cc26xx_sdk_8_30_01_01/source/ti/drivers/lib/ticlang/m4f/</path>
         <kind>archive</kind>
         <file>drivers_cc26x2.a</file>
         <name>PowerCC26X2_calibrateRCOSC_helpers.c.obj</name>
      </input_file>
      <input_file id="fl-24">
         <path>/Users/camilochiang/ti/simplelink_cc13xx_cc26xx_sdk_8_30_01_01/source/ti/drivers/lib/ticlang/m4f/</path>
         <kind>archive</kind>
         <file>drivers_cc26x2.a</file>
         <name>PowerCC26X2_helpers.c.obj</name>
      </input_file>
      <input_file id="fl-25">
         <path>/Users/camilochiang/ti/simplelink_cc13xx_cc26xx_sdk_8_30_01_01/source/ti/drivers/lib/ticlang/m4f/</path>
         <kind>archive</kind>
         <file>drivers_cc26x2.a</file>
         <name>List.c.obj</name>
      </input_file>
      <input_file id="fl-26">
         <path>/Users/camilochiang/ti/simplelink_cc13xx_cc26xx_sdk_8_30_01_01/source/ti/drivers/lib/ticlang/m4f/</path>
         <kind>archive</kind>
         <file>drivers_cc26x2.a</file>
         <name>RingBuf.c.obj</name>
      </input_file>
      <input_file id="fl-27">
         <path>/Users/camilochiang/ti/simplelink_cc13xx_cc26xx_sdk_8_30_01_01/source/ti/drivers/lib/ticlang/m4f/</path>
         <kind>archive</kind>
         <file>drivers_cc26x2.a</file>
         <name>UDMACC26XX.c.obj</name>
      </input_file>
      <input_file id="fl-28">
         <path>/Users/camilochiang/ti/simplelink_cc13xx_cc26xx_sdk_8_30_01_01/source/ti/devices/cc13x2_cc26x2/driverlib/bin/ticlang/</path>
         <kind>archive</kind>
         <file>driverlib.lib</file>
         <name>cpu.c.obj</name>
      </input_file>
      <input_file id="fl-29">
         <path>/Users/camilochiang/ti/simplelink_cc13xx_cc26xx_sdk_8_30_01_01/source/ti/devices/cc13x2_cc26x2/driverlib/bin/ticlang/</path>
         <kind>archive</kind>
         <file>driverlib.lib</file>
         <name>osc.c.obj</name>
      </input_file>
      <input_file id="fl-2a">
         <path>/Users/camilochiang/ti/simplelink_cc13xx_cc26xx_sdk_8_30_01_01/source/ti/devices/cc13x2_cc26x2/driverlib/bin/ticlang/</path>
         <kind>archive</kind>
         <file>driverlib.lib</file>
         <name>prcm.c.obj</name>
      </input_file>
      <input_file id="fl-2b">
         <path>/Users/camilochiang/ti/simplelink_cc13xx_cc26xx_sdk_8_30_01_01/source/ti/devices/cc13x2_cc26x2/driverlib/bin/ticlang/</path>
         <kind>archive</kind>
         <file>driverlib.lib</file>
         <name>setup.c.obj</name>
      </input_file>
      <input_file id="fl-2c">
         <path>/Users/camilochiang/ti/simplelink_cc13xx_cc26xx_sdk_8_30_01_01/source/ti/devices/cc13x2_cc26x2/driverlib/bin/ticlang/</path>
         <kind>archive</kind>
         <file>driverlib.lib</file>
         <name>sys_ctrl.c.obj</name>
      </input_file>
      <input_file id="fl-2d">
         <path>/Users/camilochiang/ti/simplelink_cc13xx_cc26xx_sdk_8_30_01_01/source/ti/devices/cc13x2_cc26x2/driverlib/bin/ticlang/</path>
         <kind>archive</kind>
         <file>driverlib.lib</file>
         <name>aux_sysif.c.obj</name>
      </input_file>
      <input_file id="fl-2e">
         <path>/Users/camilochiang/ti/simplelink_cc13xx_cc26xx_sdk_8_30_01_01/source/ti/devices/cc13x2_cc26x2/driverlib/bin/ticlang/</path>
         <kind>archive</kind>
         <file>driverlib.lib</file>
         <name>chipinfo.c.obj</name>
      </input_file>
      <input_file id="fl-2f">
         <path>/Users/camilochiang/ti/simplelink_cc13xx_cc26xx_sdk_8_30_01_01/kernel/tirtos7/packages/ti/sysbios/lib/ticlang/m4f/</path>
         <kind>archive</kind>
         <file>sysbios.a</file>
         <name>TaskSupport_asm_gcc.s.obj</name>
      </input_file>
      <input_file id="fl-30">
         <path>/Users/camilochiang/ti/simplelink_cc13xx_cc26xx_sdk_8_30_01_01/kernel/tirtos7/packages/ti/sysbios/lib/ticlang/m4f/</path>
         <kind>archive</kind>
         <file>sysbios.a</file>
         <name>Hwi_asm_gcc.s.obj</name>
      </input_file>
      <input_file id="fl-31">
         <path>/Users/camilochiang/ti/simplelink_cc13xx_cc26xx_sdk_8_30_01_01/kernel/tirtos7/packages/ti/sysbios/lib/ticlang/m4f/</path>
         <kind>archive</kind>
         <file>sysbios.a</file>
         <name>Hwi_asm_switch_gcc.s.obj</name>
      </input_file>
      <input_file id="fl-32">
         <path>/Users/camilochiang/ti/simplelink_cc13xx_cc26xx_sdk_8_30_01_01/kernel/tirtos7/packages/ti/sysbios/lib/ticlang/m4f/</path>
         <kind>archive</kind>
         <file>sysbios.a</file>
         <name>boot_cortex_m.c.obj</name>
      </input_file>
      <input_file id="fl-41">
         <path>/Users/camilochiang/ti/ti_cgt_tiarmclang_3.2.2.LTS/lib/armv7em-ti-none-eabihf/c/</path>
         <kind>archive</kind>
         <file>libc.a</file>
         <name>strcmp_t2.S.obj</name>
      </input_file>
      <input_file id="fl-42">
         <path>/Users/camilochiang/ti/ti_cgt_tiarmclang_3.2.2.LTS/lib/armv7em-ti-none-eabihf/c/</path>
         <kind>archive</kind>
         <file>libc.a</file>
         <name>aeabi_portable.c.obj</name>
      </input_file>
      <input_file id="fl-43">
         <path>/Users/camilochiang/ti/ti_cgt_tiarmclang_3.2.2.LTS/lib/armv7em-ti-none-eabihf/c/</path>
         <kind>archive</kind>
         <file>libc.a</file>
         <name>exit.c.obj</name>
      </input_file>
      <input_file id="fl-44">
         <path>/Users/camilochiang/ti/ti_cgt_tiarmclang_3.2.2.LTS/lib/armv7em-ti-none-eabihf/c/</path>
         <kind>archive</kind>
         <file>libc.a</file>
         <name>_lock.c.obj</name>
      </input_file>
      <input_file id="fl-45">
         <path>/Users/camilochiang/ti/ti_cgt_tiarmclang_3.2.2.LTS/lib/armv7em-ti-none-eabihf/c/</path>
         <kind>archive</kind>
         <file>libc.a</file>
         <name>args_main.c.obj</name>
      </input_file>
      <input_file id="fl-46">
         <path>/Users/camilochiang/ti/ti_cgt_tiarmclang_3.2.2.LTS/lib/armv7em-ti-none-eabihf/c/</path>
         <kind>archive</kind>
         <file>libc.a</file>
         <name>assert.c.obj</name>
      </input_file>
      <input_file id="fl-47">
         <path>/Users/camilochiang/ti/ti_cgt_tiarmclang_3.2.2.LTS/lib/armv7em-ti-none-eabihf/c/</path>
         <kind>archive</kind>
         <file>libc.a</file>
         <name>defs.c.obj</name>
      </input_file>
      <input_file id="fl-48">
         <path>/Users/camilochiang/ti/ti_cgt_tiarmclang_3.2.2.LTS/lib/armv7em-ti-none-eabihf/c/</path>
         <kind>archive</kind>
         <file>libc.a</file>
         <name>autoinit.c.obj</name>
      </input_file>
      <input_file id="fl-49">
         <path>/Users/camilochiang/ti/ti_cgt_tiarmclang_3.2.2.LTS/lib/armv7em-ti-none-eabihf/c/</path>
         <kind>archive</kind>
         <file>libc.a</file>
         <name>cpy_tbl.c.obj</name>
      </input_file>
      <input_file id="fl-4a">
         <path>/Users/camilochiang/ti/ti_cgt_tiarmclang_3.2.2.LTS/lib/armv7em-ti-none-eabihf/c/</path>
         <kind>archive</kind>
         <file>libc.a</file>
         <name>copy_zero_init.c.obj</name>
      </input_file>
      <input_file id="fl-4b">
         <path>/Users/camilochiang/ti/ti_cgt_tiarmclang_3.2.2.LTS/lib/armv7em-ti-none-eabihf/c/</path>
         <kind>archive</kind>
         <file>libc.a</file>
         <name>copy_decompress_none.c.obj</name>
      </input_file>
      <input_file id="fl-4c">
         <path>/Users/camilochiang/ti/ti_cgt_tiarmclang_3.2.2.LTS/lib/armv7em-ti-none-eabihf/c/</path>
         <kind>archive</kind>
         <file>libc.a</file>
         <name>copy_decompress_lzss.c.obj</name>
      </input_file>
      <input_file id="fl-4d">
         <path>/Users/camilochiang/ti/ti_cgt_tiarmclang_3.2.2.LTS/lib/armv7em-ti-none-eabihf/c/</path>
         <kind>archive</kind>
         <file>libc.a</file>
         <name>sprintf.c.obj</name>
      </input_file>
      <input_file id="fl-4e">
         <path>/Users/camilochiang/ti/ti_cgt_tiarmclang_3.2.2.LTS/lib/armv7em-ti-none-eabihf/c/</path>
         <kind>archive</kind>
         <file>libc.a</file>
         <name>fflush.c.obj</name>
      </input_file>
      <input_file id="fl-4f">
         <path>/Users/camilochiang/ti/ti_cgt_tiarmclang_3.2.2.LTS/lib/armv7em-ti-none-eabihf/c/</path>
         <kind>archive</kind>
         <file>libc.a</file>
         <name>fputs.c.obj</name>
      </input_file>
      <input_file id="fl-50">
         <path>/Users/camilochiang/ti/ti_cgt_tiarmclang_3.2.2.LTS/lib/armv7em-ti-none-eabihf/c/</path>
         <kind>archive</kind>
         <file>libc.a</file>
         <name>_io_perm.c.obj</name>
      </input_file>
      <input_file id="fl-51">
         <path>/Users/camilochiang/ti/ti_cgt_tiarmclang_3.2.2.LTS/lib/armv7em-ti-none-eabihf/c/</path>
         <kind>archive</kind>
         <file>libc.a</file>
         <name>setvbuf.c.obj</name>
      </input_file>
      <input_file id="fl-52">
         <path>/Users/camilochiang/ti/ti_cgt_tiarmclang_3.2.2.LTS/lib/armv7em-ti-none-eabihf/c/</path>
         <kind>archive</kind>
         <file>libc.a</file>
         <name>_printfi.c.obj</name>
      </input_file>
      <input_file id="fl-53">
         <path>/Users/camilochiang/ti/ti_cgt_tiarmclang_3.2.2.LTS/lib/armv7em-ti-none-eabihf/c/</path>
         <kind>archive</kind>
         <file>libc.a</file>
         <name>fopen.c.obj</name>
      </input_file>
      <input_file id="fl-54">
         <path>/Users/camilochiang/ti/ti_cgt_tiarmclang_3.2.2.LTS/lib/armv7em-ti-none-eabihf/c/</path>
         <kind>archive</kind>
         <file>libc.a</file>
         <name>fseek.c.obj</name>
      </input_file>
      <input_file id="fl-55">
         <path>/Users/camilochiang/ti/ti_cgt_tiarmclang_3.2.2.LTS/lib/armv7em-ti-none-eabihf/c/</path>
         <kind>archive</kind>
         <file>libc.a</file>
         <name>wcslen.c.obj</name>
      </input_file>
      <input_file id="fl-56">
         <path>/Users/camilochiang/ti/ti_cgt_tiarmclang_3.2.2.LTS/lib/armv7em-ti-none-eabihf/c/</path>
         <kind>archive</kind>
         <file>libc.a</file>
         <name>_ltoa.c.obj</name>
      </input_file>
      <input_file id="fl-57">
         <path>/Users/camilochiang/ti/ti_cgt_tiarmclang_3.2.2.LTS/lib/armv7em-ti-none-eabihf/c/</path>
         <kind>archive</kind>
         <file>libc.a</file>
         <name>atoi.c.obj</name>
      </input_file>
      <input_file id="fl-58">
         <path>/Users/camilochiang/ti/ti_cgt_tiarmclang_3.2.2.LTS/lib/armv7em-ti-none-eabihf/c/</path>
         <kind>archive</kind>
         <file>libc.a</file>
         <name>memccpy.c.obj</name>
      </input_file>
      <input_file id="fl-59">
         <path>/Users/camilochiang/ti/ti_cgt_tiarmclang_3.2.2.LTS/lib/armv7em-ti-none-eabihf/c/</path>
         <kind>archive</kind>
         <file>libc.a</file>
         <name>s_frexp.c.obj</name>
      </input_file>
      <input_file id="fl-5a">
         <path>/Users/camilochiang/ti/ti_cgt_tiarmclang_3.2.2.LTS/lib/armv7em-ti-none-eabihf/c/</path>
         <kind>archive</kind>
         <file>libc.a</file>
         <name>s_scalbn.c.obj</name>
      </input_file>
      <input_file id="fl-5b">
         <path>/Users/camilochiang/ti/ti_cgt_tiarmclang_3.2.2.LTS/lib/armv7em-ti-none-eabihf/c/</path>
         <kind>archive</kind>
         <file>libc.a</file>
         <name>fclose.c.obj</name>
      </input_file>
      <input_file id="fl-5c">
         <path>/Users/camilochiang/ti/ti_cgt_tiarmclang_3.2.2.LTS/lib/armv7em-ti-none-eabihf/c/</path>
         <kind>archive</kind>
         <file>libc.a</file>
         <name>aeabi_ctype.S.obj</name>
      </input_file>
      <input_file id="fl-c2">
         <path>/Users/camilochiang/ti/ti_cgt_tiarmclang_3.2.2.LTS/lib/armv7em-ti-none-eabihf/c/</path>
         <kind>archive</kind>
         <file>libsysbm.a</file>
         <name>write.c.obj</name>
      </input_file>
      <input_file id="fl-c3">
         <path>/Users/camilochiang/ti/ti_cgt_tiarmclang_3.2.2.LTS/lib/armv7em-ti-none-eabihf/c/</path>
         <kind>archive</kind>
         <file>libsysbm.a</file>
         <name>host_device.c.obj</name>
      </input_file>
      <input_file id="fl-c4">
         <path>/Users/camilochiang/ti/ti_cgt_tiarmclang_3.2.2.LTS/lib/armv7em-ti-none-eabihf/c/</path>
         <kind>archive</kind>
         <file>libsysbm.a</file>
         <name>remove.c.obj</name>
      </input_file>
      <input_file id="fl-c5">
         <path>/Users/camilochiang/ti/ti_cgt_tiarmclang_3.2.2.LTS/lib/armv7em-ti-none-eabihf/c/</path>
         <kind>archive</kind>
         <file>libsysbm.a</file>
         <name>open.c.obj</name>
      </input_file>
      <input_file id="fl-c6">
         <path>/Users/camilochiang/ti/ti_cgt_tiarmclang_3.2.2.LTS/lib/armv7em-ti-none-eabihf/c/</path>
         <kind>archive</kind>
         <file>libsysbm.a</file>
         <name>lseek.c.obj</name>
      </input_file>
      <input_file id="fl-c7">
         <path>/Users/camilochiang/ti/ti_cgt_tiarmclang_3.2.2.LTS/lib/armv7em-ti-none-eabihf/c/</path>
         <kind>archive</kind>
         <file>libsysbm.a</file>
         <name>close.c.obj</name>
      </input_file>
      <input_file id="fl-c8">
         <path>/Users/camilochiang/ti/ti_cgt_tiarmclang_3.2.2.LTS/lib/armv7em-ti-none-eabihf/c/</path>
         <kind>archive</kind>
         <file>libsysbm.a</file>
         <name>unlink.c.obj</name>
      </input_file>
      <input_file id="fl-c9">
         <path>/Users/camilochiang/ti/ti_cgt_tiarmclang_3.2.2.LTS/lib/armv7em-ti-none-eabihf/c/</path>
         <kind>archive</kind>
         <file>libsysbm.a</file>
         <name>hostclose.c.obj</name>
      </input_file>
      <input_file id="fl-ca">
         <path>/Users/camilochiang/ti/ti_cgt_tiarmclang_3.2.2.LTS/lib/armv7em-ti-none-eabihf/c/</path>
         <kind>archive</kind>
         <file>libsysbm.a</file>
         <name>hostlseek.c.obj</name>
      </input_file>
      <input_file id="fl-cb">
         <path>/Users/camilochiang/ti/ti_cgt_tiarmclang_3.2.2.LTS/lib/armv7em-ti-none-eabihf/c/</path>
         <kind>archive</kind>
         <file>libsysbm.a</file>
         <name>hostopen.c.obj</name>
      </input_file>
      <input_file id="fl-cc">
         <path>/Users/camilochiang/ti/ti_cgt_tiarmclang_3.2.2.LTS/lib/armv7em-ti-none-eabihf/c/</path>
         <kind>archive</kind>
         <file>libsysbm.a</file>
         <name>hostread.c.obj</name>
      </input_file>
      <input_file id="fl-cd">
         <path>/Users/camilochiang/ti/ti_cgt_tiarmclang_3.2.2.LTS/lib/armv7em-ti-none-eabihf/c/</path>
         <kind>archive</kind>
         <file>libsysbm.a</file>
         <name>hostrename.c.obj</name>
      </input_file>
      <input_file id="fl-ce">
         <path>/Users/camilochiang/ti/ti_cgt_tiarmclang_3.2.2.LTS/lib/armv7em-ti-none-eabihf/c/</path>
         <kind>archive</kind>
         <file>libsysbm.a</file>
         <name>hostunlink.c.obj</name>
      </input_file>
      <input_file id="fl-cf">
         <path>/Users/camilochiang/ti/ti_cgt_tiarmclang_3.2.2.LTS/lib/armv7em-ti-none-eabihf/c/</path>
         <kind>archive</kind>
         <file>libsysbm.a</file>
         <name>hostwrite.c.obj</name>
      </input_file>
      <input_file id="fl-d0">
         <path>/Users/camilochiang/ti/ti_cgt_tiarmclang_3.2.2.LTS/lib/armv7em-ti-none-eabihf/c/</path>
         <kind>archive</kind>
         <file>libsysbm.a</file>
         <name>trgmsg.c.obj</name>
      </input_file>
      <input_file id="fl-d1">
         <path>/Users/camilochiang/ti/ti_cgt_tiarmclang_3.2.2.LTS/lib/clang/15.0.7/lib/armv7em-ti-none-eabihf/</path>
         <kind>archive</kind>
         <file>libclang_rt.builtins.a</file>
         <name>adddf3.S.obj</name>
      </input_file>
      <input_file id="fl-d2">
         <path>/Users/camilochiang/ti/ti_cgt_tiarmclang_3.2.2.LTS/lib/clang/15.0.7/lib/armv7em-ti-none-eabihf/</path>
         <kind>archive</kind>
         <file>libclang_rt.builtins.a</file>
         <name>muldf3.S.obj</name>
      </input_file>
      <input_file id="fl-d3">
         <path>/Users/camilochiang/ti/ti_cgt_tiarmclang_3.2.2.LTS/lib/clang/15.0.7/lib/armv7em-ti-none-eabihf/</path>
         <kind>archive</kind>
         <file>libclang_rt.builtins.a</file>
         <name>ashldi3.S.obj</name>
      </input_file>
      <input_file id="fl-d4">
         <path>/Users/camilochiang/ti/ti_cgt_tiarmclang_3.2.2.LTS/lib/clang/15.0.7/lib/armv7em-ti-none-eabihf/</path>
         <kind>archive</kind>
         <file>libclang_rt.builtins.a</file>
         <name>ashrdi3.S.obj</name>
      </input_file>
      <input_file id="fl-d5">
         <path>/Users/camilochiang/ti/ti_cgt_tiarmclang_3.2.2.LTS/lib/clang/15.0.7/lib/armv7em-ti-none-eabihf/</path>
         <kind>archive</kind>
         <file>libclang_rt.builtins.a</file>
         <name>divdf3.S.obj</name>
      </input_file>
      <input_file id="fl-d6">
         <path>/Users/camilochiang/ti/ti_cgt_tiarmclang_3.2.2.LTS/lib/clang/15.0.7/lib/armv7em-ti-none-eabihf/</path>
         <kind>archive</kind>
         <file>libclang_rt.builtins.a</file>
         <name>extendsfdf2.S.obj</name>
      </input_file>
      <input_file id="fl-d7">
         <path>/Users/camilochiang/ti/ti_cgt_tiarmclang_3.2.2.LTS/lib/clang/15.0.7/lib/armv7em-ti-none-eabihf/</path>
         <kind>archive</kind>
         <file>libclang_rt.builtins.a</file>
         <name>fixdfsi.S.obj</name>
      </input_file>
      <input_file id="fl-d8">
         <path>/Users/camilochiang/ti/ti_cgt_tiarmclang_3.2.2.LTS/lib/clang/15.0.7/lib/armv7em-ti-none-eabihf/</path>
         <kind>archive</kind>
         <file>libclang_rt.builtins.a</file>
         <name>fixunsdfsi.S.obj</name>
      </input_file>
      <input_file id="fl-d9">
         <path>/Users/camilochiang/ti/ti_cgt_tiarmclang_3.2.2.LTS/lib/clang/15.0.7/lib/armv7em-ti-none-eabihf/</path>
         <kind>archive</kind>
         <file>libclang_rt.builtins.a</file>
         <name>floatsidf.S.obj</name>
      </input_file>
      <input_file id="fl-da">
         <path>/Users/camilochiang/ti/ti_cgt_tiarmclang_3.2.2.LTS/lib/clang/15.0.7/lib/armv7em-ti-none-eabihf/</path>
         <kind>archive</kind>
         <file>libclang_rt.builtins.a</file>
         <name>aeabi_dcmp.S.obj</name>
      </input_file>
      <input_file id="fl-db">
         <path>/Users/camilochiang/ti/ti_cgt_tiarmclang_3.2.2.LTS/lib/clang/15.0.7/lib/armv7em-ti-none-eabihf/</path>
         <kind>archive</kind>
         <file>libclang_rt.builtins.a</file>
         <name>aeabi_ldivmod.S.obj</name>
      </input_file>
      <input_file id="fl-dc">
         <path>/Users/camilochiang/ti/ti_cgt_tiarmclang_3.2.2.LTS/lib/clang/15.0.7/lib/armv7em-ti-none-eabihf/</path>
         <kind>archive</kind>
         <file>libclang_rt.builtins.a</file>
         <name>aeabi_memcpy.S.obj</name>
      </input_file>
      <input_file id="fl-dd">
         <path>/Users/camilochiang/ti/ti_cgt_tiarmclang_3.2.2.LTS/lib/clang/15.0.7/lib/armv7em-ti-none-eabihf/</path>
         <kind>archive</kind>
         <file>libclang_rt.builtins.a</file>
         <name>aeabi_memset.S.obj</name>
      </input_file>
      <input_file id="fl-de">
         <path>/Users/camilochiang/ti/ti_cgt_tiarmclang_3.2.2.LTS/lib/clang/15.0.7/lib/armv7em-ti-none-eabihf/</path>
         <kind>archive</kind>
         <file>libclang_rt.builtins.a</file>
         <name>aeabi_uldivmod.S.obj</name>
      </input_file>
      <input_file id="fl-df">
         <path>/Users/camilochiang/ti/ti_cgt_tiarmclang_3.2.2.LTS/lib/clang/15.0.7/lib/armv7em-ti-none-eabihf/</path>
         <kind>archive</kind>
         <file>libclang_rt.builtins.a</file>
         <name>udivmoddi4.S.obj</name>
      </input_file>
      <input_file id="fl-e0">
         <path>/Users/camilochiang/ti/ti_cgt_tiarmclang_3.2.2.LTS/lib/clang/15.0.7/lib/armv7em-ti-none-eabihf/</path>
         <kind>archive</kind>
         <file>libclang_rt.builtins.a</file>
         <name>comparedf2.c.obj</name>
      </input_file>
      <input_file id="fl-e1">
         <path>/Users/camilochiang/ti/ti_cgt_tiarmclang_3.2.2.LTS/lib/clang/15.0.7/lib/armv7em-ti-none-eabihf/</path>
         <kind>archive</kind>
         <file>libclang_rt.builtins.a</file>
         <name>divmoddi4.c.obj</name>
      </input_file>
      <input_file id="fl-e2">
         <path>/Users/camilochiang/ti/ti_cgt_tiarmclang_3.2.2.LTS/lib/clang/15.0.7/lib/armv7em-ti-none-eabihf/</path>
         <kind>archive</kind>
         <file>libclang_rt.builtins.a</file>
         <name>aeabi_div0.c.obj</name>
      </input_file>
      <input_file id="fl-e3">
         <path>/Users/camilochiang/ti/ti_cgt_tiarmclang_3.2.2.LTS/lib/armv7em-ti-none-eabihf/c/</path>
         <kind>archive</kind>
         <file>libc.a</file>
         <name>getdevice.c.obj</name>
      </input_file>
      <input_file id="fl-e4">
         <path>/Users/camilochiang/ti/ti_cgt_tiarmclang_3.2.2.LTS/lib/armv7em-ti-none-eabihf/c/</path>
         <kind>archive</kind>
         <file>libc.a</file>
         <name>memcpy_t2.S.obj</name>
      </input_file>
      <input_file id="fl-e5">
         <path>/Users/camilochiang/ti/ti_cgt_tiarmclang_3.2.2.LTS/lib/armv7em-ti-none-eabihf/c/</path>
         <kind>archive</kind>
         <file>libc.a</file>
         <name>memset_t2.S.obj</name>
      </input_file>
   </input_file_list>
   <object_component_list>
      <object_component id="oc-23">
         <name>.resetVecs</name>
         <load_address>0x0</load_address>
         <readonly>true</readonly>
         <run_address>0x0</run_address>
         <size>0x3c</size>
         <alignment>0x4</alignment>
         <input_file_ref idref="fl-4"/>
      </object_component>
      <object_component id="oc-317">
         <name>.text.ti_sysbios_runtime_System_doPrint</name>
         <load_address>0x40</load_address>
         <readonly>true</readonly>
         <executable>true</executable>
         <run_address>0x40</run_address>
         <size>0x34c</size>
         <alignment>0x4</alignment>
         <input_file_ref idref="fl-4"/>
      </object_component>
      <object_component id="oc-175">
         <name>.text.findHposcCoefficients</name>
         <load_address>0x38c</load_address>
         <readonly>true</readonly>
         <executable>true</executable>
         <run_address>0x38c</run_address>
         <size>0x260</size>
         <alignment>0x4</alignment>
         <input_file_ref idref="fl-29"/>
      </object_component>
      <object_component id="oc-2f2">
         <name>.text.UART2CC26X2_hwiIntFxn</name>
         <load_address>0x5ec</load_address>
         <readonly>true</readonly>
         <executable>true</executable>
         <run_address>0x5ec</run_address>
         <size>0x1f0</size>
         <alignment>0x2</alignment>
         <input_file_ref idref="fl-21"/>
      </object_component>
      <object_component id="oc-347">
         <name>.text.adddf3_subdf3</name>
         <load_address>0x7dc</load_address>
         <readonly>true</readonly>
         <executable>true</executable>
         <run_address>0x7dc</run_address>
         <size>0x1b6</size>
         <alignment>0x4</alignment>
         <input_file_ref idref="fl-d1"/>
      </object_component>
      <object_component id="oc-1be">
         <name>.text.BIOS_nullFunc</name>
         <load_address>0x992</load_address>
         <readonly>true</readonly>
         <executable>true</executable>
         <run_address>0x992</run_address>
         <size>0x2</size>
         <alignment>0x2</alignment>
         <input_file_ref idref="fl-4"/>
      </object_component>
      <object_component id="oc-172">
         <name>.text.PowerCC26X2_auxISR</name>
         <load_address>0x994</load_address>
         <readonly>true</readonly>
         <executable>true</executable>
         <run_address>0x994</run_address>
         <size>0x194</size>
         <alignment>0x4</alignment>
         <input_file_ref idref="fl-1e"/>
      </object_component>
      <object_component id="oc-bf">
         <name>.text.mainThread</name>
         <load_address>0xb28</load_address>
         <readonly>true</readonly>
         <executable>true</executable>
         <run_address>0xb28</run_address>
         <size>0x194</size>
         <alignment>0x4</alignment>
         <input_file_ref idref="fl-1"/>
      </object_component>
      <object_component id="oc-2c3">
         <name>.text.UART2_open</name>
         <load_address>0xcbc</load_address>
         <readonly>true</readonly>
         <executable>true</executable>
         <run_address>0xcbc</run_address>
         <size>0x18c</size>
         <alignment>0x4</alignment>
         <input_file_ref idref="fl-21"/>
      </object_component>
      <object_component id="oc-319">
         <name>.text.UART2_writeTimeoutBlocking</name>
         <load_address>0xe48</load_address>
         <readonly>true</readonly>
         <executable>true</executable>
         <run_address>0xe48</run_address>
         <size>0x16c</size>
         <alignment>0x2</alignment>
         <input_file_ref idref="fl-20"/>
      </object_component>
      <object_component id="oc-25e">
         <name>.text.Power_sleep</name>
         <load_address>0xfb4</load_address>
         <readonly>true</readonly>
         <executable>true</executable>
         <run_address>0xfb4</run_address>
         <size>0x158</size>
         <alignment>0x4</alignment>
         <input_file_ref idref="fl-1d"/>
      </object_component>
      <object_component id="oc-15f">
         <name>.text.ClockP_getSystemTickPeriod</name>
         <load_address>0x110c</load_address>
         <readonly>true</readonly>
         <executable>true</executable>
         <run_address>0x110c</run_address>
         <size>0x4</size>
         <alignment>0x2</alignment>
         <input_file_ref idref="fl-4"/>
      </object_component>
      <object_component id="oc-32e">
         <name>.text.ti_sysbios_runtime_System_printfExtend</name>
         <load_address>0x1110</load_address>
         <readonly>true</readonly>
         <executable>true</executable>
         <run_address>0x1110</run_address>
         <size>0x144</size>
         <alignment>0x8</alignment>
         <input_file_ref idref="fl-4"/>
      </object_component>
      <object_component id="oc-115">
         <name>.text.I2C_open</name>
         <load_address>0x1254</load_address>
         <readonly>true</readonly>
         <executable>true</executable>
         <run_address>0x1254</run_address>
         <size>0x13c</size>
         <alignment>0x4</alignment>
         <input_file_ref idref="fl-1c"/>
      </object_component>
      <object_component id="oc-1af">
         <name>.text.I2C_transferTimeout</name>
         <load_address>0x1390</load_address>
         <readonly>true</readonly>
         <executable>true</executable>
         <run_address>0x1390</run_address>
         <size>0x126</size>
         <alignment>0x2</alignment>
         <input_file_ref idref="fl-1b"/>
      </object_component>
      <object_component id="oc-f7">
         <name>.text.Board_initHook</name>
         <load_address>0x14b6</load_address>
         <readonly>true</readonly>
         <executable>true</executable>
         <run_address>0x14b6</run_address>
         <size>0x2</size>
         <alignment>0x2</alignment>
         <input_file_ref idref="fl-3"/>
      </object_component>
      <object_component id="oc-246">
         <name>.text.ti_sysbios_family_arm_cc26xx_Timer_construct</name>
         <load_address>0x14b8</load_address>
         <readonly>true</readonly>
         <executable>true</executable>
         <run_address>0x14b8</run_address>
         <size>0x120</size>
         <alignment>0x4</alignment>
         <input_file_ref idref="fl-4"/>
      </object_component>
      <object_component id="oc-52">
         <name>.text.ti_sysbios_family_arm_m3_Hwi_dispatch</name>
         <load_address>0x15d8</load_address>
         <readonly>true</readonly>
         <executable>true</executable>
         <run_address>0x15d8</run_address>
         <size>0x11c</size>
         <alignment>0x4</alignment>
         <input_file_ref idref="fl-30"/>
      </object_component>
      <object_component id="oc-e9">
         <name>.text.Power_init</name>
         <load_address>0x16f4</load_address>
         <readonly>true</readonly>
         <executable>true</executable>
         <run_address>0x16f4</run_address>
         <size>0x118</size>
         <alignment>0x4</alignment>
         <input_file_ref idref="fl-1d"/>
      </object_component>
      <object_component id="oc-318">
         <name>.text.UART2_writeTimeoutNonblocking</name>
         <load_address>0x180c</load_address>
         <readonly>true</readonly>
         <executable>true</executable>
         <run_address>0x180c</run_address>
         <size>0x118</size>
         <alignment>0x2</alignment>
         <input_file_ref idref="fl-20"/>
      </object_component>
      <object_component id="oc-1f3">
         <name>.text.PowerCC26X2_calibrate</name>
         <load_address>0x1924</load_address>
         <readonly>true</readonly>
         <executable>true</executable>
         <run_address>0x1924</run_address>
         <size>0x10c</size>
         <alignment>0x4</alignment>
         <input_file_ref idref="fl-1e"/>
      </object_component>
      <object_component id="oc-2ed">
         <name>.text.UART2CC26X2_initHw</name>
         <load_address>0x1a30</load_address>
         <readonly>true</readonly>
         <executable>true</executable>
         <run_address>0x1a30</run_address>
         <size>0x104</size>
         <alignment>0x4</alignment>
         <input_file_ref idref="fl-21"/>
      </object_component>
      <object_component id="oc-f0">
         <name>.text.GPIO_init</name>
         <load_address>0x1b34</load_address>
         <readonly>true</readonly>
         <executable>true</executable>
         <run_address>0x1b34</run_address>
         <size>0x100</size>
         <alignment>0x4</alignment>
         <input_file_ref idref="fl-22"/>
      </object_component>
      <object_component id="oc-34b">
         <name>.text.__muldf3</name>
         <load_address>0x1c34</load_address>
         <readonly>true</readonly>
         <executable>true</executable>
         <run_address>0x1c34</run_address>
         <size>0xfc</size>
         <alignment>0x4</alignment>
         <input_file_ref idref="fl-d2"/>
      </object_component>
      <object_component id="oc-313">
         <name>.text.UART2Support_dmaStartRx</name>
         <load_address>0x1d30</load_address>
         <readonly>true</readonly>
         <executable>true</executable>
         <run_address>0x1d30</run_address>
         <size>0xf0</size>
         <alignment>0x4</alignment>
         <input_file_ref idref="fl-21"/>
      </object_component>
      <object_component id="oc-1a9">
         <name>.text.I2CCC26XX_hwiFxn</name>
         <load_address>0x1e20</load_address>
         <readonly>true</readonly>
         <executable>true</executable>
         <run_address>0x1e20</run_address>
         <size>0xe4</size>
         <alignment>0x2</alignment>
         <input_file_ref idref="fl-1c"/>
      </object_component>
      <object_component id="oc-278">
         <name>.text.ti_sysbios_knl_Semaphore_pend</name>
         <load_address>0x1f04</load_address>
         <readonly>true</readonly>
         <executable>true</executable>
         <run_address>0x1f04</run_address>
         <size>0xe4</size>
         <alignment>0x4</alignment>
         <input_file_ref idref="fl-4"/>
      </object_component>
      <object_component id="oc-2da">
         <name>.text.NOROM_SysCtrlStandby</name>
         <load_address>0x1fe8</load_address>
         <readonly>true</readonly>
         <executable>true</executable>
         <run_address>0x1fe8</run_address>
         <size>0xe0</size>
         <alignment>0x4</alignment>
         <input_file_ref idref="fl-2c"/>
      </object_component>
      <object_component id="oc-bd">
         <name>.text.pthread_create</name>
         <load_address>0x20c8</load_address>
         <readonly>true</readonly>
         <executable>true</executable>
         <run_address>0x20c8</run_address>
         <size>0xd8</size>
         <alignment>0x4</alignment>
         <input_file_ref idref="fl-4"/>
      </object_component>
      <object_component id="oc-ce">
         <name>.text.ti_sysbios_family_arm_m3_Hwi_excFillContext</name>
         <load_address>0x21a0</load_address>
         <readonly>true</readonly>
         <executable>true</executable>
         <run_address>0x21a0</run_address>
         <size>0xd8</size>
         <alignment>0x4</alignment>
         <input_file_ref idref="fl-4"/>
      </object_component>
      <object_component id="oc-7c">
         <name>.text.NOROM_SetupTrimDevice</name>
         <load_address>0x2278</load_address>
         <readonly>true</readonly>
         <executable>true</executable>
         <run_address>0x2278</run_address>
         <size>0xd0</size>
         <alignment>0x4</alignment>
         <input_file_ref idref="fl-2b"/>
      </object_component>
      <object_component id="oc-1d9">
         <name>.text.configureXOSCHF</name>
         <load_address>0x2348</load_address>
         <readonly>true</readonly>
         <executable>true</executable>
         <run_address>0x2348</run_address>
         <size>0xd0</size>
         <alignment>0x4</alignment>
         <input_file_ref idref="fl-1d"/>
      </object_component>
      <object_component id="oc-1cc">
         <name>.text.ti_sysbios_knl_Clock_workFuncDynamic</name>
         <load_address>0x2418</load_address>
         <readonly>true</readonly>
         <executable>true</executable>
         <run_address>0x2418</run_address>
         <size>0xcc</size>
         <alignment>0x4</alignment>
         <input_file_ref idref="fl-4"/>
      </object_component>
      <object_component id="oc-315">
         <name>.text.UART2Support_dmaStartTx</name>
         <load_address>0x24e4</load_address>
         <readonly>true</readonly>
         <executable>true</executable>
         <run_address>0x24e4</run_address>
         <size>0xc0</size>
         <alignment>0x4</alignment>
         <input_file_ref idref="fl-21"/>
      </object_component>
      <object_component id="oc-212">
         <name>.text.ti_sysbios_knl_Task_Instance_finalize</name>
         <load_address>0x25a4</load_address>
         <readonly>true</readonly>
         <executable>true</executable>
         <run_address>0x25a4</run_address>
         <size>0xb8</size>
         <alignment>0x4</alignment>
         <input_file_ref idref="fl-4"/>
      </object_component>
      <object_component id="oc-fc">
         <name>.text.ti_sysbios_knl_Task_setPri</name>
         <load_address>0x265c</load_address>
         <readonly>true</readonly>
         <executable>true</executable>
         <run_address>0x265c</run_address>
         <size>0xb8</size>
         <alignment>0x4</alignment>
         <input_file_ref idref="fl-4"/>
      </object_component>
      <object_component id="oc-1db">
         <name>.text.PowerCC26XX_standbyPolicy</name>
         <load_address>0x2714</load_address>
         <readonly>true</readonly>
         <executable>true</executable>
         <run_address>0x2714</run_address>
         <size>0xb4</size>
         <alignment>0x4</alignment>
         <input_file_ref idref="fl-4"/>
      </object_component>
      <object_component id="oc-177">
         <name>.text.findHposcPc</name>
         <load_address>0x27c8</load_address>
         <readonly>true</readonly>
         <executable>true</executable>
         <run_address>0x27c8</run_address>
         <size>0xb2</size>
         <alignment>0x2</alignment>
         <input_file_ref idref="fl-29"/>
      </object_component>
      <object_component id="oc-281">
         <name>.text.DisplayUart2Min_clear</name>
         <load_address>0x287a</load_address>
         <readonly>true</readonly>
         <executable>true</executable>
         <run_address>0x287a</run_address>
         <size>0x2</size>
         <alignment>0x2</alignment>
         <input_file_ref idref="fl-18"/>
      </object_component>
      <object_component id="oc-19b">
         <name>.text.GPIO_setConfigAndMux</name>
         <load_address>0x287c</load_address>
         <readonly>true</readonly>
         <executable>true</executable>
         <run_address>0x287c</run_address>
         <size>0xb0</size>
         <alignment>0x4</alignment>
         <input_file_ref idref="fl-1a"/>
      </object_component>
      <object_component id="oc-ef">
         <name>.text.NOROM_OSC_HPOSCInitializeFrequencyOffsetParameters</name>
         <load_address>0x292c</load_address>
         <readonly>true</readonly>
         <executable>true</executable>
         <run_address>0x292c</run_address>
         <size>0xb0</size>
         <alignment>0x4</alignment>
         <input_file_ref idref="fl-29"/>
      </object_component>
      <object_component id="oc-17a">
         <name>.text.Power_setDependency</name>
         <load_address>0x29dc</load_address>
         <readonly>true</readonly>
         <executable>true</executable>
         <run_address>0x29dc</run_address>
         <size>0xb0</size>
         <alignment>0x4</alignment>
         <input_file_ref idref="fl-1d"/>
      </object_component>
      <object_component id="oc-ad">
         <name>.text.TrimAfterColdResetWakeupFromShutDown</name>
         <load_address>0x2a8c</load_address>
         <readonly>true</readonly>
         <executable>true</executable>
         <run_address>0x2a8c</run_address>
         <size>0xb0</size>
         <alignment>0x4</alignment>
         <input_file_ref idref="fl-2b"/>
      </object_component>
      <object_component id="oc-249">
         <name>.text</name>
         <load_address>0x2b3c</load_address>
         <readonly>true</readonly>
         <executable>true</executable>
         <run_address>0x2b3c</run_address>
         <size>0xb0</size>
         <alignment>0x4</alignment>
         <input_file_ref idref="fl-df"/>
      </object_component>
      <object_component id="oc-269">
         <name>.text.Power_releaseDependency</name>
         <load_address>0x2bec</load_address>
         <readonly>true</readonly>
         <executable>true</executable>
         <run_address>0x2bec</run_address>
         <size>0xac</size>
         <alignment>0x4</alignment>
         <input_file_ref idref="fl-1d"/>
      </object_component>
      <object_component id="oc-211">
         <name>.text.ti_sysbios_knl_Task_Instance_init</name>
         <load_address>0x2c98</load_address>
         <readonly>true</readonly>
         <executable>true</executable>
         <run_address>0x2c98</run_address>
         <size>0xa4</size>
         <alignment>0x4</alignment>
         <input_file_ref idref="fl-4"/>
      </object_component>
      <object_component id="oc-1aa">
         <name>.text.I2CCC26XX_swiFxn</name>
         <load_address>0x2d3c</load_address>
         <readonly>true</readonly>
         <executable>true</executable>
         <run_address>0x2d3c</run_address>
         <size>0xa0</size>
         <alignment>0x2</alignment>
         <input_file_ref idref="fl-1c"/>
      </object_component>
      <object_component id="oc-2f7">
         <name>.text.UART2_writeCancel</name>
         <load_address>0x2ddc</load_address>
         <readonly>true</readonly>
         <executable>true</executable>
         <run_address>0x2ddc</run_address>
         <size>0x9a</size>
         <alignment>0x2</alignment>
         <input_file_ref idref="fl-20"/>
      </object_component>
      <object_component id="oc-282">
         <name>.text.DisplayUart2Min_clearLines</name>
         <load_address>0x2e76</load_address>
         <readonly>true</readonly>
         <executable>true</executable>
         <run_address>0x2e76</run_address>
         <size>0x2</size>
         <alignment>0x2</alignment>
         <input_file_ref idref="fl-18"/>
      </object_component>
      <object_component id="oc-2cc">
         <name>.text.UART2_close</name>
         <load_address>0x2e78</load_address>
         <readonly>true</readonly>
         <executable>true</executable>
         <run_address>0x2e78</run_address>
         <size>0x98</size>
         <alignment>0x4</alignment>
         <input_file_ref idref="fl-21"/>
      </object_component>
      <object_component id="oc-21b">
         <name>.text.ti_sysbios_knl_Clock_startI</name>
         <load_address>0x2f10</load_address>
         <readonly>true</readonly>
         <executable>true</executable>
         <run_address>0x2f10</run_address>
         <size>0x94</size>
         <alignment>0x4</alignment>
         <input_file_ref idref="fl-4"/>
      </object_component>
      <object_component id="oc-19f">
         <name>.text.ti_sysbios_knl_Task_sleep</name>
         <load_address>0x2fa4</load_address>
         <readonly>true</readonly>
         <executable>true</executable>
         <run_address>0x2fa4</run_address>
         <size>0x94</size>
         <alignment>0x4</alignment>
         <input_file_ref idref="fl-4"/>
      </object_component>
      <object_component id="oc-153">
         <name>.text.ti_sysbios_knl_Clock_init</name>
         <load_address>0x3038</load_address>
         <readonly>true</readonly>
         <executable>true</executable>
         <run_address>0x3038</run_address>
         <size>0x8c</size>
         <alignment>0x4</alignment>
         <input_file_ref idref="fl-4"/>
      </object_component>
      <object_component id="oc-314">
         <name>.text.UART2Support_dmaStopTx</name>
         <load_address>0x30c4</load_address>
         <readonly>true</readonly>
         <executable>true</executable>
         <run_address>0x30c4</run_address>
         <size>0x80</size>
         <alignment>0x4</alignment>
         <input_file_ref idref="fl-21"/>
      </object_component>
      <object_component id="oc-150">
         <name>.text.ti_sysbios_family_arm_m3_Hwi_initNVIC</name>
         <load_address>0x3144</load_address>
         <readonly>true</readonly>
         <executable>true</executable>
         <run_address>0x3144</run_address>
         <size>0x80</size>
         <alignment>0x4</alignment>
         <input_file_ref idref="fl-4"/>
      </object_component>
      <object_component id="oc-2d4">
         <name>.text.ti_sysbios_family_arm_m3_Hwi_postInit</name>
         <load_address>0x31c4</load_address>
         <readonly>true</readonly>
         <executable>true</executable>
         <run_address>0x31c4</run_address>
         <size>0x7c</size>
         <alignment>0x4</alignment>
         <input_file_ref idref="fl-4"/>
      </object_component>
      <object_component id="oc-2ff">
         <name>.text.NOROM_SysCtrlSetRechargeBeforePowerDown</name>
         <load_address>0x3240</load_address>
         <readonly>true</readonly>
         <executable>true</executable>
         <run_address>0x3240</run_address>
         <size>0x78</size>
         <alignment>0x4</alignment>
         <input_file_ref idref="fl-2c"/>
      </object_component>
      <object_component id="oc-214">
         <name>.text._pthread_removeThreadKeys</name>
         <load_address>0x32b8</load_address>
         <readonly>true</readonly>
         <executable>true</executable>
         <run_address>0x32b8</run_address>
         <size>0x78</size>
         <alignment>0x4</alignment>
         <input_file_ref idref="fl-4"/>
      </object_component>
      <object_component id="oc-275">
         <name>.text.ti_sysbios_knl_Task_postInit</name>
         <load_address>0x3330</load_address>
         <readonly>true</readonly>
         <executable>true</executable>
         <run_address>0x3330</run_address>
         <size>0x78</size>
         <alignment>0x4</alignment>
         <input_file_ref idref="fl-4"/>
      </object_component>
      <object_component id="oc-1e6">
         <name>.text.PowerCC26X2_updateSubSecInc</name>
         <load_address>0x33a8</load_address>
         <readonly>true</readonly>
         <executable>true</executable>
         <run_address>0x33a8</run_address>
         <size>0x74</size>
         <alignment>0x4</alignment>
         <input_file_ref idref="fl-23"/>
      </object_component>
      <object_component id="oc-a5">
         <name>.text.ti_sysbios_knl_Swi_restoreHwi</name>
         <load_address>0x341c</load_address>
         <readonly>true</readonly>
         <executable>true</executable>
         <run_address>0x341c</run_address>
         <size>0x74</size>
         <alignment>0x4</alignment>
         <input_file_ref idref="fl-4"/>
      </object_component>
      <object_component id="oc-22a">
         <name>.text.I2CSupport_primeTransfer</name>
         <load_address>0x3490</load_address>
         <readonly>true</readonly>
         <executable>true</executable>
         <run_address>0x3490</run_address>
         <size>0x70</size>
         <alignment>0x2</alignment>
         <input_file_ref idref="fl-1c"/>
      </object_component>
      <object_component id="oc-1fc">
         <name>.text.multiplyColumns</name>
         <load_address>0x3500</load_address>
         <readonly>true</readonly>
         <executable>true</executable>
         <run_address>0x3500</run_address>
         <size>0x70</size>
         <alignment>0x2</alignment>
         <input_file_ref idref="fl-29"/>
      </object_component>
      <object_component id="oc-2a5">
         <name>.text.ti_sysbios_family_arm_m3_Hwi_Instance_init</name>
         <load_address>0x3570</load_address>
         <readonly>true</readonly>
         <executable>true</executable>
         <run_address>0x3570</run_address>
         <size>0x70</size>
         <alignment>0x4</alignment>
         <input_file_ref idref="fl-4"/>
      </object_component>
      <object_component id="oc-297">
         <name>.text.ti_sysbios_heaps_HeapMem_allocUnprotected</name>
         <load_address>0x35e0</load_address>
         <readonly>true</readonly>
         <executable>true</executable>
         <run_address>0x35e0</run_address>
         <size>0x70</size>
         <alignment>0x2</alignment>
         <input_file_ref idref="fl-4"/>
      </object_component>
      <object_component id="oc-13d">
         <name>.text.ti_sysbios_knl_Task_startup</name>
         <load_address>0x3650</load_address>
         <readonly>true</readonly>
         <executable>true</executable>
         <run_address>0x3650</run_address>
         <size>0x70</size>
         <alignment>0x4</alignment>
         <input_file_ref idref="fl-4"/>
      </object_component>
      <object_component id="oc-32d">
         <name>.text.ti_sysbios_runtime_System_formatNum</name>
         <load_address>0x36c0</load_address>
         <readonly>true</readonly>
         <executable>true</executable>
         <run_address>0x36c0</run_address>
         <size>0x70</size>
         <alignment>0x4</alignment>
         <input_file_ref idref="fl-4"/>
      </object_component>
      <object_component id="oc-31">
         <name>.text:decompress:lzss</name>
         <load_address>0x3730</load_address>
         <readonly>true</readonly>
         <executable>true</executable>
         <run_address>0x3730</run_address>
         <size>0x70</size>
         <alignment>0x2</alignment>
         <input_file_ref idref="fl-4c"/>
      </object_component>
      <object_component id="oc-35b">
         <name>.text.__gedf2</name>
         <load_address>0x37a0</load_address>
         <readonly>true</readonly>
         <executable>true</executable>
         <run_address>0x37a0</run_address>
         <size>0x6e</size>
         <alignment>0x4</alignment>
         <input_file_ref idref="fl-e0"/>
      </object_component>
      <object_component id="oc-27b">
         <name>.text.DisplayUart2Min_init</name>
         <load_address>0x380e</load_address>
         <readonly>true</readonly>
         <executable>true</executable>
         <run_address>0x380e</run_address>
         <size>0x2</size>
         <alignment>0x2</alignment>
         <input_file_ref idref="fl-18"/>
      </object_component>
      <object_component id="oc-355">
         <name>.text.__ledf2</name>
         <load_address>0x3810</load_address>
         <readonly>true</readonly>
         <executable>true</executable>
         <run_address>0x3810</run_address>
         <size>0x6e</size>
         <alignment>0x4</alignment>
         <input_file_ref idref="fl-e0"/>
      </object_component>
      <object_component id="oc-1fd">
         <name>.text.findNumerator</name>
         <load_address>0x387e</load_address>
         <readonly>true</readonly>
         <executable>true</executable>
         <run_address>0x387e</run_address>
         <size>0x6e</size>
         <alignment>0x2</alignment>
         <input_file_ref idref="fl-29"/>
      </object_component>
      <object_component id="oc-171">
         <name>.text.oscillatorISR</name>
         <load_address>0x38ec</load_address>
         <readonly>true</readonly>
         <executable>true</executable>
         <run_address>0x38ec</run_address>
         <size>0x6c</size>
         <alignment>0x4</alignment>
         <input_file_ref idref="fl-1d"/>
      </object_component>
      <object_component id="oc-78">
         <name>.text.ti_sysbios_family_arm_m3_Hwi_dispatchC</name>
         <load_address>0x3958</load_address>
         <readonly>true</readonly>
         <executable>true</executable>
         <run_address>0x3958</run_address>
         <size>0x6c</size>
         <alignment>0x4</alignment>
         <input_file_ref idref="fl-4"/>
      </object_component>
      <object_component id="oc-312">
         <name>.text.UART2Support_dmaStopRx</name>
         <load_address>0x39c4</load_address>
         <readonly>true</readonly>
         <executable>true</executable>
         <run_address>0x39c4</run_address>
         <size>0x68</size>
         <alignment>0x4</alignment>
         <input_file_ref idref="fl-21"/>
      </object_component>
      <object_component id="oc-d6">
         <name>.text.ti_sysbios_knl_Swi_run</name>
         <load_address>0x3a2c</load_address>
         <readonly>true</readonly>
         <executable>true</executable>
         <run_address>0x3a2c</run_address>
         <size>0x68</size>
         <alignment>0x4</alignment>
         <input_file_ref idref="fl-4"/>
      </object_component>
      <object_component id="oc-2b3">
         <name>.text.NOROM_OSCHF_AttemptToSwitchToXosc</name>
         <load_address>0x3a94</load_address>
         <readonly>true</readonly>
         <executable>true</executable>
         <run_address>0x3a94</run_address>
         <size>0x64</size>
         <alignment>0x4</alignment>
         <input_file_ref idref="fl-29"/>
      </object_component>
      <object_component id="oc-261">
         <name>.text.PowerCC26X2_initiateCalibration</name>
         <load_address>0x3af8</load_address>
         <readonly>true</readonly>
         <executable>true</executable>
         <run_address>0x3af8</run_address>
         <size>0x64</size>
         <alignment>0x4</alignment>
         <input_file_ref idref="fl-1e"/>
      </object_component>
      <object_component id="oc-2e7">
         <name>.text.UDMACC26XX_open</name>
         <load_address>0x3b5c</load_address>
         <readonly>true</readonly>
         <executable>true</executable>
         <run_address>0x3b5c</run_address>
         <size>0x64</size>
         <alignment>0x4</alignment>
         <input_file_ref idref="fl-27"/>
      </object_component>
      <object_component id="oc-156">
         <name>.text.ti_sysbios_knl_Idle_init</name>
         <load_address>0x3bc0</load_address>
         <readonly>true</readonly>
         <executable>true</executable>
         <run_address>0x3bc0</run_address>
         <size>0x64</size>
         <alignment>0x4</alignment>
         <input_file_ref idref="fl-4"/>
      </object_component>
      <object_component id="oc-2dd">
         <name>.text.ti_sysbios_knl_TaskSupport_buildTaskStack</name>
         <load_address>0x3c24</load_address>
         <readonly>true</readonly>
         <executable>true</executable>
         <run_address>0x3c24</run_address>
         <size>0x64</size>
         <alignment>0x4</alignment>
         <input_file_ref idref="fl-4"/>
      </object_component>
      <object_component id="oc-33b">
         <name>.text.__aeabi_dcmp</name>
         <load_address>0x3c88</load_address>
         <readonly>true</readonly>
         <executable>true</executable>
         <run_address>0x3c88</run_address>
         <size>0x62</size>
         <alignment>0x4</alignment>
         <input_file_ref idref="fl-da"/>
      </object_component>
      <object_component id="oc-106">
         <name>.text.I2C_init</name>
         <load_address>0x3cea</load_address>
         <readonly>true</readonly>
         <executable>true</executable>
         <run_address>0x3cea</run_address>
         <size>0x2</size>
         <alignment>0x2</alignment>
         <input_file_ref idref="fl-1b"/>
      </object_component>
      <object_component id="oc-24e">
         <name>.text.ti_sysbios_knl_Clock_walkQueueDynamic</name>
         <load_address>0x3cec</load_address>
         <readonly>true</readonly>
         <executable>true</executable>
         <run_address>0x3cec</run_address>
         <size>0x60</size>
         <alignment>0x4</alignment>
         <input_file_ref idref="fl-4"/>
      </object_component>
      <object_component id="oc-215">
         <name>.text.ti_sysbios_knl_Semaphore_post</name>
         <load_address>0x3d4c</load_address>
         <readonly>true</readonly>
         <executable>true</executable>
         <run_address>0x3d4c</run_address>
         <size>0x60</size>
         <alignment>0x4</alignment>
         <input_file_ref idref="fl-4"/>
      </object_component>
      <object_component id="oc-239">
         <name>.text.ti_sysbios_knl_Swi_schedule</name>
         <load_address>0x3dac</load_address>
         <readonly>true</readonly>
         <executable>true</executable>
         <run_address>0x3dac</run_address>
         <size>0x60</size>
         <alignment>0x4</alignment>
         <input_file_ref idref="fl-4"/>
      </object_component>
      <object_component id="oc-26a">
         <name>.text.__divmoddi4</name>
         <load_address>0x3e0c</load_address>
         <readonly>true</readonly>
         <executable>true</executable>
         <run_address>0x3e0c</run_address>
         <size>0x5c</size>
         <alignment>0x2</alignment>
         <input_file_ref idref="fl-e1"/>
      </object_component>
      <object_component id="oc-194">
         <name>.text.pthread_exit</name>
         <load_address>0x3e68</load_address>
         <readonly>true</readonly>
         <executable>true</executable>
         <run_address>0x3e68</run_address>
         <size>0x5c</size>
         <alignment>0x4</alignment>
         <input_file_ref idref="fl-4"/>
      </object_component>
      <object_component id="oc-8f">
         <name>.text.main</name>
         <load_address>0x3ec4</load_address>
         <readonly>true</readonly>
         <executable>true</executable>
         <run_address>0x3ec4</run_address>
         <size>0x58</size>
         <alignment>0x4</alignment>
         <input_file_ref idref="fl-5"/>
      </object_component>
      <object_component id="oc-23a">
         <name>.text.ti_sysbios_family_arm_m3_Hwi_initStacks</name>
         <load_address>0x3f1c</load_address>
         <readonly>true</readonly>
         <executable>true</executable>
         <run_address>0x3f1c</run_address>
         <size>0x58</size>
         <alignment>0x4</alignment>
         <input_file_ref idref="fl-31"/>
      </object_component>
      <object_component id="oc-2f8">
         <name>.text.UART2_readCancel</name>
         <load_address>0x3f74</load_address>
         <readonly>true</readonly>
         <executable>true</executable>
         <run_address>0x3f74</run_address>
         <size>0x56</size>
         <alignment>0x2</alignment>
         <input_file_ref idref="fl-20"/>
      </object_component>
      <object_component id="oc-2f0">
         <name>.text.UART2CC26X2_eventCallback</name>
         <load_address>0x3fca</load_address>
         <readonly>true</readonly>
         <executable>true</executable>
         <run_address>0x3fca</run_address>
         <size>0x2</size>
         <alignment>0x2</alignment>
         <input_file_ref idref="fl-21"/>
      </object_component>
      <object_component id="oc-1a4">
         <name>.text.I2CCC26XX_initHw</name>
         <load_address>0x3fcc</load_address>
         <readonly>true</readonly>
         <executable>true</executable>
         <run_address>0x3fcc</run_address>
         <size>0x54</size>
         <alignment>0x4</alignment>
         <input_file_ref idref="fl-1c"/>
      </object_component>
      <object_component id="oc-283">
         <name>.text.DisplayUart2Min_vprintf</name>
         <load_address>0x4020</load_address>
         <readonly>true</readonly>
         <executable>true</executable>
         <run_address>0x4020</run_address>
         <size>0x52</size>
         <alignment>0x2</alignment>
         <input_file_ref idref="fl-18"/>
      </object_component>
      <object_component id="oc-29c">
         <name>.text.__aeabi_ldiv0</name>
         <load_address>0x4072</load_address>
         <readonly>true</readonly>
         <executable>true</executable>
         <run_address>0x4072</run_address>
         <size>0x2</size>
         <alignment>0x2</alignment>
         <input_file_ref idref="fl-e2"/>
      </object_component>
      <object_component id="oc-f6">
         <name>.text.Board_shutDownExtFlash</name>
         <load_address>0x4074</load_address>
         <readonly>true</readonly>
         <executable>true</executable>
         <run_address>0x4074</run_address>
         <size>0x50</size>
         <alignment>0x4</alignment>
         <input_file_ref idref="fl-3"/>
      </object_component>
      <object_component id="oc-111">
         <name>.text.Display_doOpen</name>
         <load_address>0x40c4</load_address>
         <readonly>true</readonly>
         <executable>true</executable>
         <run_address>0x40c4</run_address>
         <size>0x50</size>
         <alignment>0x4</alignment>
         <input_file_ref idref="fl-17"/>
      </object_component>
      <object_component id="oc-28e">
         <name>.text.ti_sysbios_knl_Swi_post</name>
         <load_address>0x4114</load_address>
         <readonly>true</readonly>
         <executable>true</executable>
         <run_address>0x4114</run_address>
         <size>0x50</size>
         <alignment>0x4</alignment>
         <input_file_ref idref="fl-4"/>
      </object_component>
      <object_component id="oc-293">
         <name>.text.ti_sysbios_knl_Swi_runLoop</name>
         <load_address>0x4164</load_address>
         <readonly>true</readonly>
         <executable>true</executable>
         <run_address>0x4164</run_address>
         <size>0x50</size>
         <alignment>0x4</alignment>
         <input_file_ref idref="fl-4"/>
      </object_component>
      <object_component id="oc-185">
         <name>.text.Board_sendExtFlashByte</name>
         <load_address>0x41b4</load_address>
         <readonly>true</readonly>
         <executable>true</executable>
         <run_address>0x41b4</run_address>
         <size>0x4e</size>
         <alignment>0x2</alignment>
         <input_file_ref idref="fl-3"/>
      </object_component>
      <object_component id="oc-296">
         <name>.text.ti_sysbios_heaps_HeapMem_freeUnprotected</name>
         <load_address>0x4202</load_address>
         <readonly>true</readonly>
         <executable>true</executable>
         <run_address>0x4202</run_address>
         <size>0x4e</size>
         <alignment>0x2</alignment>
         <input_file_ref idref="fl-4"/>
      </object_component>
      <object_component id="oc-cf">
         <name>.text.BIOS_startFunc</name>
         <load_address>0x4250</load_address>
         <readonly>true</readonly>
         <executable>true</executable>
         <run_address>0x4250</run_address>
         <size>0x4c</size>
         <alignment>0x4</alignment>
         <input_file_ref idref="fl-4"/>
      </object_component>
      <object_component id="oc-d8">
         <name>.text.NOROM_ChipInfo_GetHwRevision</name>
         <load_address>0x429c</load_address>
         <readonly>true</readonly>
         <executable>true</executable>
         <run_address>0x429c</run_address>
         <size>0x4c</size>
         <alignment>0x4</alignment>
         <input_file_ref idref="fl-2e"/>
      </object_component>
      <object_component id="oc-1de">
         <name>.text.switchXOSCHF</name>
         <load_address>0x42e8</load_address>
         <readonly>true</readonly>
         <executable>true</executable>
         <run_address>0x42e8</run_address>
         <size>0x4c</size>
         <alignment>0x4</alignment>
         <input_file_ref idref="fl-1d"/>
      </object_component>
      <object_component id="oc-1c4">
         <name>.text.ti_sysbios_knl_Swi_Instance_init</name>
         <load_address>0x4334</load_address>
         <readonly>true</readonly>
         <executable>true</executable>
         <run_address>0x4334</run_address>
         <size>0x4c</size>
         <alignment>0x4</alignment>
         <input_file_ref idref="fl-4"/>
      </object_component>
      <object_component id="oc-152">
         <name>.text.BIOS_init</name>
         <load_address>0x4380</load_address>
         <readonly>true</readonly>
         <executable>true</executable>
         <run_address>0x4380</run_address>
         <size>0x48</size>
         <alignment>0x4</alignment>
         <input_file_ref idref="fl-4"/>
      </object_component>
      <object_component id="oc-33f">
         <name>.text.__fixdfsi</name>
         <load_address>0x43c8</load_address>
         <readonly>true</readonly>
         <executable>true</executable>
         <run_address>0x43c8</run_address>
         <size>0x48</size>
         <alignment>0x4</alignment>
         <input_file_ref idref="fl-d7"/>
      </object_component>
      <object_component id="oc-299">
         <name>.text.ti_sysbios_family_arm_cc26xx_Timer_start</name>
         <load_address>0x4410</load_address>
         <readonly>true</readonly>
         <executable>true</executable>
         <run_address>0x4410</run_address>
         <size>0x48</size>
         <alignment>0x4</alignment>
         <input_file_ref idref="fl-4"/>
      </object_component>
      <object_component id="oc-240">
         <name>.text.ti_sysbios_heaps_HeapMem_Instance_init</name>
         <load_address>0x4458</load_address>
         <readonly>true</readonly>
         <executable>true</executable>
         <run_address>0x4458</run_address>
         <size>0x48</size>
         <alignment>0x4</alignment>
         <input_file_ref idref="fl-4"/>
      </object_component>
      <object_component id="oc-245">
         <name>.text.ti_sysbios_heaps_HeapMem_alloc</name>
         <load_address>0x44a0</load_address>
         <readonly>true</readonly>
         <executable>true</executable>
         <run_address>0x44a0</run_address>
         <size>0x48</size>
         <alignment>0x4</alignment>
         <input_file_ref idref="fl-4"/>
      </object_component>
      <object_component id="oc-d7">
         <name>.text.ti_sysbios_knl_Task_schedule</name>
         <load_address>0x44e8</load_address>
         <readonly>true</readonly>
         <executable>true</executable>
         <run_address>0x44e8</run_address>
         <size>0x48</size>
         <alignment>0x4</alignment>
         <input_file_ref idref="fl-4"/>
      </object_component>
      <object_component id="oc-e5">
         <name>.text.ti_sysbios_runtime_Startup_exec</name>
         <load_address>0x4530</load_address>
         <readonly>true</readonly>
         <executable>true</executable>
         <run_address>0x4530</run_address>
         <size>0x48</size>
         <alignment>0x4</alignment>
         <input_file_ref idref="fl-4"/>
      </object_component>
      <object_component id="oc-325">
         <name>.text.RingBuf_put</name>
         <load_address>0x4578</load_address>
         <readonly>true</readonly>
         <executable>true</executable>
         <run_address>0x4578</run_address>
         <size>0x46</size>
         <alignment>0x2</alignment>
         <input_file_ref idref="fl-26"/>
      </object_component>
      <object_component id="oc-1bd">
         <name>.text._nop</name>
         <load_address>0x45be</load_address>
         <readonly>true</readonly>
         <executable>true</executable>
         <run_address>0x45be</run_address>
         <size>0x2</size>
         <alignment>0x2</alignment>
         <input_file_ref idref="fl-44"/>
      </object_component>
      <object_component id="oc-13f">
         <name>.text.BIOS_atExitFunc</name>
         <load_address>0x45c0</load_address>
         <readonly>true</readonly>
         <executable>true</executable>
         <run_address>0x45c0</run_address>
         <size>0x44</size>
         <alignment>0x4</alignment>
         <input_file_ref idref="fl-4"/>
      </object_component>
      <object_component id="oc-17f">
         <name>.text.GPIO_hwiIntFxn</name>
         <load_address>0x4604</load_address>
         <readonly>true</readonly>
         <executable>true</executable>
         <run_address>0x4604</run_address>
         <size>0x44</size>
         <alignment>0x4</alignment>
         <input_file_ref idref="fl-22"/>
      </object_component>
      <object_component id="oc-2b4">
         <name>.text.NOROM_PRCMPowerDomainsAllOff</name>
         <load_address>0x4648</load_address>
         <readonly>true</readonly>
         <executable>true</executable>
         <run_address>0x4648</run_address>
         <size>0x44</size>
         <alignment>0x4</alignment>
         <input_file_ref idref="fl-2a"/>
      </object_component>
      <object_component id="oc-1ff">
         <name>.text.NOROM_PRCMPowerDomainsAllOn</name>
         <load_address>0x468c</load_address>
         <readonly>true</readonly>
         <executable>true</executable>
         <run_address>0x468c</run_address>
         <size>0x44</size>
         <alignment>0x4</alignment>
         <input_file_ref idref="fl-2a"/>
      </object_component>
      <object_component id="oc-34f">
         <name>.text.__fixunsdfsi</name>
         <load_address>0x46d0</load_address>
         <readonly>true</readonly>
         <executable>true</executable>
         <run_address>0x46d0</run_address>
         <size>0x44</size>
         <alignment>0x4</alignment>
         <input_file_ref idref="fl-d8"/>
      </object_component>
      <object_component id="oc-335">
         <name>.text.ti_sysbios_family_arm_m3_Hwi_Instance_finalize</name>
         <load_address>0x4714</load_address>
         <readonly>true</readonly>
         <executable>true</executable>
         <run_address>0x4714</run_address>
         <size>0x44</size>
         <alignment>0x4</alignment>
         <input_file_ref idref="fl-4"/>
      </object_component>
      <object_component id="oc-1d6">
         <name>.text.ti_sysbios_family_arm_m3_Hwi_construct2</name>
         <load_address>0x4758</load_address>
         <readonly>true</readonly>
         <executable>true</executable>
         <run_address>0x4758</run_address>
         <size>0x44</size>
         <alignment>0x4</alignment>
         <input_file_ref idref="fl-4"/>
      </object_component>
      <object_component id="oc-28f">
         <name>.text.ti_sysbios_family_arm_m3_Hwi_disableInterrupt</name>
         <load_address>0x479c</load_address>
         <readonly>true</readonly>
         <executable>true</executable>
         <run_address>0x479c</run_address>
         <size>0x44</size>
         <alignment>0x4</alignment>
         <input_file_ref idref="fl-4"/>
      </object_component>
      <object_component id="oc-290">
         <name>.text.ti_sysbios_family_arm_m3_Hwi_enableInterrupt</name>
         <load_address>0x47e0</load_address>
         <readonly>true</readonly>
         <executable>true</executable>
         <run_address>0x47e0</run_address>
         <size>0x44</size>
         <alignment>0x4</alignment>
         <input_file_ref idref="fl-4"/>
      </object_component>
      <object_component id="oc-1bb">
         <name>.text.ti_sysbios_knl_Swi_restore</name>
         <load_address>0x4824</load_address>
         <readonly>true</readonly>
         <executable>true</executable>
         <run_address>0x4824</run_address>
         <size>0x44</size>
         <alignment>0x4</alignment>
         <input_file_ref idref="fl-4"/>
      </object_component>
      <object_component id="oc-fb">
         <name>.text.ti_sysbios_knl_Task_create</name>
         <load_address>0x4868</load_address>
         <readonly>true</readonly>
         <executable>true</executable>
         <run_address>0x4868</run_address>
         <size>0x44</size>
         <alignment>0x4</alignment>
         <input_file_ref idref="fl-4"/>
      </object_component>
      <object_component id="oc-16b">
         <name>.text.PowerCC26X2_RCOSC_clockFunc</name>
         <load_address>0x48ac</load_address>
         <readonly>true</readonly>
         <executable>true</executable>
         <run_address>0x48ac</run_address>
         <size>0x40</size>
         <alignment>0x4</alignment>
         <input_file_ref idref="fl-1e"/>
      </object_component>
      <object_component id="oc-268">
         <name>.text.PowerCC26X2_setAclkRefSrc</name>
         <load_address>0x48ec</load_address>
         <readonly>true</readonly>
         <executable>true</executable>
         <run_address>0x48ec</run_address>
         <size>0x40</size>
         <alignment>0x4</alignment>
         <input_file_ref idref="fl-23"/>
      </object_component>
      <object_component id="oc-242">
         <name>.text.ti_sysbios_heaps_HeapMem_getStats</name>
         <load_address>0x492c</load_address>
         <readonly>true</readonly>
         <executable>true</executable>
         <run_address>0x492c</run_address>
         <size>0x40</size>
         <alignment>0x4</alignment>
         <input_file_ref idref="fl-4"/>
      </object_component>
      <object_component id="oc-25c">
         <name>.text.ti_sysbios_knl_Clock_getTicksUntilInterrupt</name>
         <load_address>0x496c</load_address>
         <readonly>true</readonly>
         <executable>true</executable>
         <run_address>0x496c</run_address>
         <size>0x40</size>
         <alignment>0x4</alignment>
         <input_file_ref idref="fl-4"/>
      </object_component>
      <object_component id="oc-2bb">
         <name>.text.ti_sysbios_knl_Task_exit</name>
         <load_address>0x49ac</load_address>
         <readonly>true</readonly>
         <executable>true</executable>
         <run_address>0x49ac</run_address>
         <size>0x40</size>
         <alignment>0x4</alignment>
         <input_file_ref idref="fl-4"/>
      </object_component>
      <object_component id="oc-27f">
         <name>.text.DisplayUart2Min_open</name>
         <load_address>0x49ec</load_address>
         <readonly>true</readonly>
         <executable>true</executable>
         <run_address>0x49ec</run_address>
         <size>0x3c</size>
         <alignment>0x2</alignment>
         <input_file_ref idref="fl-18"/>
      </object_component>
      <object_component id="oc-186">
         <name>.text.GPIO_resetConfig</name>
         <load_address>0x4a28</load_address>
         <readonly>true</readonly>
         <executable>true</executable>
         <run_address>0x4a28</run_address>
         <size>0x3c</size>
         <alignment>0x4</alignment>
         <input_file_ref idref="fl-19"/>
      </object_component>
      <object_component id="oc-164">
         <name>.text.HwiP_construct</name>
         <load_address>0x4a64</load_address>
         <readonly>true</readonly>
         <executable>true</executable>
         <run_address>0x4a64</run_address>
         <size>0x3c</size>
         <alignment>0x4</alignment>
         <input_file_ref idref="fl-4"/>
      </object_component>
      <object_component id="oc-264">
         <name>.text.NOROM_OSC_HPOSCRelativeFrequencyOffsetGet</name>
         <load_address>0x4aa0</load_address>
         <readonly>true</readonly>
         <executable>true</executable>
         <run_address>0x4aa0</run_address>
         <size>0x3c</size>
         <alignment>0x4</alignment>
         <input_file_ref idref="fl-29"/>
      </object_component>
      <object_component id="oc-267">
         <name>.text.PowerCC26X2_setTdcClkSrc24M</name>
         <load_address>0x4adc</load_address>
         <readonly>true</readonly>
         <executable>true</executable>
         <run_address>0x4adc</run_address>
         <size>0x3c</size>
         <alignment>0x4</alignment>
         <input_file_ref idref="fl-23"/>
      </object_component>
      <object_component id="oc-29a">
         <name>.text.ti_sysbios_family_arm_cc26xx_Timer_periodicStub</name>
         <load_address>0x4b18</load_address>
         <readonly>true</readonly>
         <executable>true</executable>
         <run_address>0x4b18</run_address>
         <size>0x3c</size>
         <alignment>0x4</alignment>
         <input_file_ref idref="fl-4"/>
      </object_component>
      <object_component id="oc-2ce">
         <name>.text.ti_sysbios_family_arm_cc26xx_Timer_setThreshold</name>
         <load_address>0x4b54</load_address>
         <readonly>true</readonly>
         <executable>true</executable>
         <run_address>0x4b54</run_address>
         <size>0x3c</size>
         <alignment>0x4</alignment>
         <input_file_ref idref="fl-4"/>
      </object_component>
      <object_component id="oc-1c2">
         <name>.text.ti_sysbios_heaps_HeapMem_construct</name>
         <load_address>0x4b90</load_address>
         <readonly>true</readonly>
         <executable>true</executable>
         <run_address>0x4b90</run_address>
         <size>0x3c</size>
         <alignment>0x4</alignment>
         <input_file_ref idref="fl-4"/>
      </object_component>
      <object_component id="oc-1c5">
         <name>.text.ti_sysbios_knl_ClockSupport_init</name>
         <load_address>0x4bcc</load_address>
         <readonly>true</readonly>
         <executable>true</executable>
         <run_address>0x4bcc</run_address>
         <size>0x3c</size>
         <alignment>0x4</alignment>
         <input_file_ref idref="fl-4"/>
      </object_component>
      <object_component id="oc-21a">
         <name>.text.ti_sysbios_knl_Task_blockI</name>
         <load_address>0x4c08</load_address>
         <readonly>true</readonly>
         <executable>true</executable>
         <run_address>0x4c08</run_address>
         <size>0x3c</size>
         <alignment>0x4</alignment>
         <input_file_ref idref="fl-4"/>
      </object_component>
      <object_component id="oc-191">
         <name>.text.ti_sysbios_knl_Task_restore</name>
[...]
         <name>PowerCC26X2_readRtrim</name>
         <value>0x5f75</value>
         <object_component_ref idref="oc-1f1"/>
      </symbol>
      <symbol id="sm-518">
         <name>PowerCC26X2_writeCtrim</name>
         <value>0x5885</value>
         <object_component_ref idref="oc-1ec"/>
      </symbol>
      <symbol id="sm-519">
         <name>PowerCC26X2_writeCtrimFract</name>
         <value>0x58a9</value>
         <object_component_ref idref="oc-1ed"/>
      </symbol>
      <symbol id="sm-51a">
         <name>PowerCC26X2_writeCtrimFractEn</name>
         <value>0x58cd</value>
         <object_component_ref idref="oc-1f2"/>
      </symbol>
      <symbol id="sm-51b">
         <name>PowerCC26X2_writeRtrim</name>
         <value>0x58f1</value>
         <object_component_ref idref="oc-1ee"/>
      </symbol>
      <symbol id="sm-51c">
         <name>PowerCC26X2_setTdcClkSrc24M</name>
         <value>0x4add</value>
         <object_component_ref idref="oc-267"/>
      </symbol>
      <symbol id="sm-51d">
         <name>PowerCC26X2_setAclkRefSrc</name>
         <value>0x48ed</value>
         <object_component_ref idref="oc-268"/>
      </symbol>
      <symbol id="sm-550">
         <name>PowerCC26X2_oscCtlClearXtal</name>
         <value>0x5f35</value>
         <object_component_ref idref="oc-161"/>
      </symbol>
      <symbol id="sm-551">
         <name>PowerCC26X2_prcmEnableCacheRetention</name>
         <value>0x5f45</value>
         <object_component_ref idref="oc-2aa"/>
      </symbol>
      <symbol id="sm-552">
         <name>PowerCC26X2_oschfSwitchToRcosc</name>
         <value>0x623f</value>
         <object_component_ref idref="oc-255"/>
      </symbol>
      <symbol id="sm-553">
         <name>PowerCC26X2_oscClockSourceGet</name>
         <value>0x60b5</value>
         <object_component_ref idref="oc-1e2"/>
      </symbol>
      <symbol id="sm-554">
         <name>PowerCC26X2_oscDisableQualifiers</name>
         <value>0x4dd5</value>
         <object_component_ref idref="oc-166"/>
      </symbol>
      <symbol id="sm-555">
         <name>PowerCC26X2_oschfTrySwitchToXosc</name>
         <value>0x61bb</value>
         <object_component_ref idref="oc-263"/>
      </symbol>
      <symbol id="sm-556">
         <name>PowerCC26X2_enableTCXOQual</name>
         <value>0x5a0d</value>
         <object_component_ref idref="oc-253"/>
      </symbol>
      <symbol id="sm-557">
         <name>PowerCC26X2_disableTCXOQual</name>
         <value>0x59ed</value>
         <object_component_ref idref="oc-257"/>
      </symbol>
      <symbol id="sm-558">
         <name>PowerCC26X2_turnOnXosc</name>
         <value>0x6247</value>
         <object_component_ref idref="oc-258"/>
      </symbol>
      <symbol id="sm-559">
         <name>PowerCC26X2_switchToTCXO</name>
         <value>0x5f85</value>
         <object_component_ref idref="oc-1dd"/>
      </symbol>
      <symbol id="sm-55a">
         <name>PowerCC26X2_sysCtrlStandby</name>
         <value>0x617d</value>
         <object_component_ref idref="oc-2a9"/>
      </symbol>
      <symbol id="sm-55b">
         <name>PowerCC26X2_sysCtrlIdle</name>
         <value>0x6243</value>
         <object_component_ref idref="oc-25f"/>
      </symbol>
      <symbol id="sm-55c">
         <name>PowerCC26X2_setPeriphDeepSleepEnable</name>
         <value>0x60c1</value>
         <object_component_ref idref="oc-2ab"/>
      </symbol>
      <symbol id="sm-55d">
         <name>PowerCC26X2_sysCtrlGetResetSource</name>
         <value>0x60cd</value>
         <object_component_ref idref="oc-15a"/>
      </symbol>
      <symbol id="sm-55e">
         <name>PowerCC26X2_setSubSecIncToXoscLf</name>
         <value>0x4f5d</value>
         <object_component_ref idref="oc-1e1"/>
      </symbol>
      <symbol id="sm-55f">
         <name>PowerCC26X2_sysCtrlUpdateVoltageRegulator</name>
         <value>0x60d9</value>
         <object_component_ref idref="oc-25a"/>
      </symbol>
      <symbol id="sm-56b">
         <name>List_put</name>
         <value>0x583d</value>
         <object_component_ref idref="oc-21f"/>
      </symbol>
      <symbol id="sm-56c">
         <name>List_remove</name>
         <value>0x563d</value>
         <object_component_ref idref="oc-320"/>
      </symbol>
      <symbol id="sm-584">
         <name>RingBuf_construct</name>
         <value>0x5fa5</value>
         <object_component_ref idref="oc-2e2"/>
      </symbol>
      <symbol id="sm-585">
         <name>RingBuf_getConsume</name>
         <value>0x53ad</value>
         <object_component_ref idref="oc-32a"/>
      </symbol>
      <symbol id="sm-586">
         <name>RingBuf_getCount</name>
         <value>0x624f</value>
         <object_component_ref idref="oc-327"/>
      </symbol>
      <symbol id="sm-587">
         <name>RingBuf_getPointer</name>
         <value>0x59c9</value>
         <object_component_ref idref="oc-32b"/>
      </symbol>
      <symbol id="sm-588">
         <name>RingBuf_flush</name>
         <value>0x5bc1</value>
         <object_component_ref idref="oc-31c"/>
      </symbol>
      <symbol id="sm-589">
         <name>RingBuf_put</name>
         <value>0x4579</value>
         <object_component_ref idref="oc-325"/>
      </symbol>
      <symbol id="sm-58a">
         <name>RingBuf_putAdvance</name>
         <value>0x4e0d</value>
         <object_component_ref idref="oc-326"/>
      </symbol>
      <symbol id="sm-58b">
         <name>RingBuf_putPointer</name>
         <value>0x53db</value>
         <object_component_ref idref="oc-328"/>
      </symbol>
      <symbol id="sm-59a">
         <name>UDMACC26XX_hwiIntFxn</name>
         <value>0x6191</value>
         <object_component_ref idref="oc-306"/>
      </symbol>
      <symbol id="sm-59b">
         <name>UDMACC26XX_open</name>
         <value>0x3b5d</value>
         <object_component_ref idref="oc-2e7"/>
      </symbol>
      <symbol id="sm-59c">
         <name>UDMACC26XX_close</name>
         <value>0x4e45</value>
         <object_component_ref idref="oc-2fc"/>
      </symbol>
      <symbol id="sm-5aa">
         <name>NOROM_CPUcpsid</name>
         <value>0x61ab</value>
         <object_component_ref idref="oc-259"/>
      </symbol>
      <symbol id="sm-5ab">
         <name>NOROM_CPUcpsie</name>
         <value>0x61b3</value>
         <object_component_ref idref="oc-260"/>
      </symbol>
      <symbol id="sm-5ac">
         <name>NOROM_CPUdelay</name>
         <value>0x61ff</value>
         <object_component_ref idref="oc-209"/>
      </symbol>
      <symbol id="sm-5e8">
         <name>NOROM_OSCHF_TurnOnXosc</name>
         <value>0x5861</value>
         <object_component_ref idref="oc-262"/>
      </symbol>
      <symbol id="sm-5e9">
         <name>NOROM_OSCHF_AttemptToSwitchToXosc</name>
         <value>0x3a95</value>
         <object_component_ref idref="oc-2b3"/>
      </symbol>
      <symbol id="sm-5ea">
         <name>NOROM_OSCHF_SwitchToRcOscTurnOffXosc</name>
         <value>0x4d2d</value>
         <object_component_ref idref="oc-2a6"/>
      </symbol>
      <symbol id="sm-5eb">
         <name>NOROM_OSC_CapArrayAdjustWorkaround_Boot</name>
         <value>0x5665</value>
         <object_component_ref idref="oc-db"/>
      </symbol>
      <symbol id="sm-5ec">
         <name>NOROM_OSC_HPOSCInitializeFrequencyOffsetParameters</name>
         <value>0x292d</value>
         <object_component_ref idref="oc-ef"/>
      </symbol>
      <symbol id="sm-5ed">
         <name>_hposcCoeffs</name>
         <value>0x20001080</value>
         <object_component_ref idref="oc-1fe"/>
      </symbol>
      <symbol id="sm-5ee">
         <name>NOROM_OSC_HPOSCRelativeFrequencyOffsetGet</name>
         <value>0x4aa1</value>
         <object_component_ref idref="oc-264"/>
      </symbol>
      <symbol id="sm-5fc">
         <name>NOROM_PRCMPowerDomainsAllOff</name>
         <value>0x4649</value>
         <object_component_ref idref="oc-2b4"/>
      </symbol>
      <symbol id="sm-5fd">
         <name>NOROM_PRCMPowerDomainsAllOn</name>
         <value>0x468d</value>
         <object_component_ref idref="oc-1ff"/>
      </symbol>
      <symbol id="sm-60c">
         <name>NOROM_SetupTrimDevice</name>
         <value>0x2279</value>
         <object_component_ref idref="oc-7c"/>
      </symbol>
      <symbol id="sm-61d">
         <name>NOROM_SysCtrlIdle</name>
         <value>0x4d65</value>
         <object_component_ref idref="oc-2ac"/>
      </symbol>
      <symbol id="sm-61e">
         <name>NOROM_SysCtrlStandby</name>
         <value>0x1fe9</value>
         <object_component_ref idref="oc-2da"/>
      </symbol>
      <symbol id="sm-61f">
         <name>NOROM_SysCtrlSetRechargeBeforePowerDown</name>
         <value>0x3241</value>
         <object_component_ref idref="oc-2ff"/>
      </symbol>
      <symbol id="sm-62c">
         <name>NOROM_AUXSYSIFOpModeChange</name>
         <value>0x4cf5</value>
         <object_component_ref idref="oc-e1"/>
      </symbol>
      <symbol id="sm-63a">
         <name>NOROM_ChipInfo_GetHwRevision</name>
         <value>0x429d</value>
         <object_component_ref idref="oc-d8"/>
      </symbol>
      <symbol id="sm-63b">
         <name>NOROM_ThisLibraryIsFor_CC13x2_CC26x2_HwRev20AndLater_HaltIfViolated</name>
         <value>0x568d</value>
         <object_component_ref idref="oc-a7"/>
      </symbol>
      <symbol id="sm-644">
         <name>ti_sysbios_knl_TaskSupport_swap</name>
         <value>0x5755</value>
         <object_component_ref idref="oc-143"/>
      </symbol>
      <symbol id="sm-645">
         <name>ti_sysbios_knl_TaskSupport_glue</name>
         <value>0x5d8d</value>
         <object_component_ref idref="oc-300"/>
      </symbol>
      <symbol id="sm-646">
         <name>ti_sysbios_knl_TaskSupport_swapReturn</name>
         <value>0x5760</value>
         <object_component_ref idref="oc-143"/>
      </symbol>
      <symbol id="sm-65b">
         <name>ti_sysbios_family_arm_m3_Hwi_dispatch</name>
         <value>0x15d9</value>
         <object_component_ref idref="oc-52"/>
      </symbol>
      <symbol id="sm-65c">
         <name>ti_sysbios_family_arm_m3_Hwi_pendSV</name>
         <value>0x16b5</value>
         <object_component_ref idref="oc-52"/>
      </symbol>
      <symbol id="sm-65d">
         <name>ti_sysbios_family_arm_m3_Hwi_excHandlerAsm</name>
         <value>0x56b5</value>
         <object_component_ref idref="oc-4d"/>
      </symbol>
      <symbol id="sm-65e">
         <name>ti_sysbios_family_arm_m3_Hwi_return</name>
         <value>0x16d8</value>
         <object_component_ref idref="oc-52"/>
      </symbol>
      <symbol id="sm-65f">
         <name>ti_sysbios_family_arm_m3_Hwi_interruptsAreDisabledButShouldNotBe</name>
         <value>0x16b0</value>
         <object_component_ref idref="oc-52"/>
      </symbol>
      <symbol id="sm-66c">
         <name>ti_sysbios_family_arm_m3_Hwi_switchAndRunFunc</name>
         <value>0x5b4b</value>
         <object_component_ref idref="oc-292"/>
      </symbol>
      <symbol id="sm-66d">
         <name>ti_sysbios_family_arm_m3_Hwi_initStacks</name>
         <value>0x3f1d</value>
         <object_component_ref idref="oc-23a"/>
      </symbol>
      <symbol id="sm-676">
         <name>_c_int00</name>
         <value>0x5165</value>
         <object_component_ref idref="oc-29"/>
      </symbol>
      <symbol id="sm-677">
         <name>__stack</name>
         <value>0x20013a00</value>
         <object_component_ref idref="oc-49"/>
      </symbol>
      <symbol id="sm-688">
         <name>_nop</name>
         <value>0x45bf</value>
         <object_component_ref idref="oc-1bd"/>
      </symbol>
      <symbol id="sm-689">
         <name>_register_lock</name>
         <value>0x6121</value>
         <object_component_ref idref="oc-1b3"/>
      </symbol>
      <symbol id="sm-68a">
         <name>_lock</name>
         <value>0x200010ac</value>
         <object_component_ref idref="oc-233"/>
      </symbol>
      <symbol id="sm-68b">
         <name>_register_unlock</name>
         <value>0x612d</value>
         <object_component_ref idref="oc-1b8"/>
      </symbol>
      <symbol id="sm-68c">
         <name>_unlock</name>
         <value>0x200010b0</value>
         <object_component_ref idref="oc-236"/>
      </symbol>
      <symbol id="sm-696">
         <name>_args_main</name>
         <value>0x5e81</value>
         <object_component_ref idref="oc-58"/>
      </symbol>
      <symbol id="sm-6a3">
         <name>__TI_auto_init_nobinit_nopinit</name>
         <value>0x4eed</value>
         <object_component_ref idref="oc-82"/>
      </symbol>
      <symbol id="sm-6ae">
         <name>__TI_zero_init</name>
         <value>0x6005</value>
         <object_component_ref idref="oc-70"/>
      </symbol>
      <symbol id="sm-6b7">
         <name>__TI_decompress_none</name>
         <value>0x6069</value>
         <object_component_ref idref="oc-35"/>
      </symbol>
      <symbol id="sm-6c1">
         <name>__TI_decompress_lzss</name>
         <value>0x3731</value>
         <object_component_ref idref="oc-31"/>
      </symbol>
      <symbol id="sm-6e5">
         <name>__aeabi_dadd</name>
         <value>0x7e7</value>
         <object_component_ref idref="oc-347"/>
      </symbol>
      <symbol id="sm-6e6">
         <name>__adddf3</name>
         <value>0x7e7</value>
         <object_component_ref idref="oc-347"/>
      </symbol>
      <symbol id="sm-6e7">
         <name>__aeabi_dsub</name>
         <value>0x7dd</value>
         <object_component_ref idref="oc-347"/>
      </symbol>
      <symbol id="sm-6e8">
         <name>__subdf3</name>
         <value>0x7dd</value>
         <object_component_ref idref="oc-347"/>
      </symbol>
      <symbol id="sm-6ee">
         <name>__aeabi_dmul</name>
         <value>0x1c35</value>
         <object_component_ref idref="oc-34b"/>
      </symbol>
      <symbol id="sm-6ef">
         <name>__muldf3</name>
         <value>0x1c35</value>
         <object_component_ref idref="oc-34b"/>
      </symbol>
      <symbol id="sm-6f5">
         <name>__aeabi_lasr</name>
         <value>0x5b2d</value>
         <object_component_ref idref="oc-1f8"/>
      </symbol>
      <symbol id="sm-6f6">
         <name>__ashrdi3</name>
         <value>0x5b2d</value>
         <object_component_ref idref="oc-1f8"/>
      </symbol>
      <symbol id="sm-6fc">
         <name>__aeabi_f2d</name>
         <value>0x4e7d</value>
         <object_component_ref idref="oc-337"/>
      </symbol>
      <symbol id="sm-6fd">
         <name>__extendsfdf2</name>
         <value>0x4e7d</value>
         <object_component_ref idref="oc-337"/>
      </symbol>
      <symbol id="sm-703">
         <name>__aeabi_d2iz</name>
         <value>0x43c9</value>
         <object_component_ref idref="oc-33f"/>
      </symbol>
      <symbol id="sm-704">
         <name>__fixdfsi</name>
         <value>0x43c9</value>
         <object_component_ref idref="oc-33f"/>
      </symbol>
      <symbol id="sm-70a">
         <name>__aeabi_d2uiz</name>
         <value>0x46d1</value>
         <object_component_ref idref="oc-34f"/>
      </symbol>
      <symbol id="sm-70b">
         <name>__fixunsdfsi</name>
         <value>0x46d1</value>
         <object_component_ref idref="oc-34f"/>
      </symbol>
      <symbol id="sm-711">
         <name>__aeabi_i2d</name>
         <value>0x5409</value>
         <object_component_ref idref="oc-343"/>
      </symbol>
      <symbol id="sm-712">
         <name>__floatsidf</name>
         <value>0x5409</value>
         <object_component_ref idref="oc-343"/>
      </symbol>
      <symbol id="sm-718">
         <name>__aeabi_dcmpeq</name>
         <value>0x3c89</value>
         <object_component_ref idref="oc-33b"/>
      </symbol>
      <symbol id="sm-719">
         <name>__aeabi_dcmplt</name>
         <value>0x3c9d</value>
         <object_component_ref idref="oc-33b"/>
      </symbol>
      <symbol id="sm-71a">
         <name>__aeabi_dcmple</name>
         <value>0x3cb1</value>
         <object_component_ref idref="oc-33b"/>
      </symbol>
      <symbol id="sm-71b">
         <name>__aeabi_dcmpge</name>
         <value>0x3cc5</value>
         <object_component_ref idref="oc-33b"/>
      </symbol>
      <symbol id="sm-71c">
         <name>__aeabi_dcmpgt</name>
         <value>0x3cd9</value>
         <object_component_ref idref="oc-33b"/>
      </symbol>
      <symbol id="sm-722">
         <name>__aeabi_ldivmod</name>
         <value>0x5e59</value>
         <object_component_ref idref="oc-1f4"/>
      </symbol>
      <symbol id="sm-728">
         <name>__aeabi_memcpy</name>
         <value>0x6265</value>
         <object_component_ref idref="oc-63"/>
      </symbol>
      <symbol id="sm-729">
         <name>__aeabi_memcpy4</name>
         <value>0x6265</value>
         <object_component_ref idref="oc-63"/>
      </symbol>
      <symbol id="sm-72a">
         <name>__aeabi_memcpy8</name>
         <value>0x6265</value>
         <object_component_ref idref="oc-63"/>
      </symbol>
      <symbol id="sm-731">
         <name>__aeabi_memclr</name>
         <value>0x61c5</value>
         <object_component_ref idref="oc-9c"/>
      </symbol>
      <symbol id="sm-732">
         <name>__aeabi_memclr4</name>
         <value>0x61c5</value>
         <object_component_ref idref="oc-9c"/>
      </symbol>
      <symbol id="sm-733">
         <name>__aeabi_memclr8</name>
         <value>0x61c5</value>
         <object_component_ref idref="oc-9c"/>
      </symbol>
      <symbol id="sm-739">
         <name>__aeabi_uldivmod</name>
         <value>0x5e6d</value>
         <object_component_ref idref="oc-1c6"/>
      </symbol>
      <symbol id="sm-73f">
         <name>__udivmoddi4</name>
         <value>0x2b3d</value>
         <object_component_ref idref="oc-249"/>
      </symbol>
      <symbol id="sm-74b">
         <name>__ledf2</name>
         <value>0x3811</value>
         <object_component_ref idref="oc-355"/>
      </symbol>
      <symbol id="sm-74c">
         <name>__gedf2</name>
         <value>0x37a1</value>
         <object_component_ref idref="oc-35b"/>
      </symbol>
      <symbol id="sm-74d">
         <name>__cmpdf2</name>
         <value>0x3811</value>
         <object_component_ref idref="oc-355"/>
      </symbol>
      <symbol id="sm-74e">
         <name>__eqdf2</name>
         <value>0x3811</value>
         <object_component_ref idref="oc-355"/>
      </symbol>
      <symbol id="sm-74f">
         <name>__ltdf2</name>
         <value>0x3811</value>
         <object_component_ref idref="oc-355"/>
      </symbol>
      <symbol id="sm-750">
         <name>__nedf2</name>
         <value>0x3811</value>
         <object_component_ref idref="oc-355"/>
      </symbol>
      <symbol id="sm-751">
         <name>__gtdf2</name>
         <value>0x37a1</value>
         <object_component_ref idref="oc-35b"/>
      </symbol>
      <symbol id="sm-75a">
         <name>__divmoddi4</name>
         <value>0x3e0d</value>
         <object_component_ref idref="oc-26a"/>
      </symbol>
      <symbol id="sm-764">
         <name>__aeabi_ldiv0</name>
         <value>0x4073</value>
         <object_component_ref idref="oc-29c"/>
      </symbol>
      <symbol id="sm-76d">
         <name>TI_memcpy_small</name>
         <value>0x5ef3</value>
         <object_component_ref idref="oc-c6"/>
      </symbol>
      <symbol id="sm-775">
         <name>TI_memset_small</name>
         <value>0x605b</value>
         <object_component_ref idref="oc-133"/>
      </symbol>
      <symbol id="sm-776">
         <name>__TI_static_base__</name>
         <value>0x0</value>
      </symbol>
      <symbol id="sm-779">
         <name>ITM_flush</name>
         <value>0x0</value>
      </symbol>
      <symbol id="sm-77a">
         <name>ITM_restore</name>
         <value>0x0</value>
      </symbol>
      <symbol id="sm-77b">
         <name>__mpu_init</name>
         <value>0x0</value>
      </symbol>
   </symbol_table>
   <title>Link successful</title>
</link_info>
