<?xml version="1.0" encoding="ISO-8859-1" ?>
<link_info>
   <banner>TI ARM Clang Linker Unix v3.2.2.LTS</banner>
   <copyright>Copyright (c) 1996-2018 Texas Instruments Incorporated</copyright>
   <link_time>0x68547a02</link_time>
   <link_errors>0x0</link_errors>
   <output_file>/Users/camilochiang/Documents/tmp/20250619_LED/Debug/20250619_LED.out</output_file>
   <entry_point>
      <name>ResetISR</name>
      <address>0x3f5f</address>
   </entry_point>
   <input_file_list>
      <input_file id="fl-1">
         <path>/Users/camilochiang/Documents/tmp/20250619_LED/Debug/./</path>
         <kind>object</kind>
         <file>main_tirtos.o</file>
         <name>main_tirtos.o</name>
      </input_file>
      <input_file id="fl-2">
         <path>/Users/camilochiang/Documents/tmp/20250619_LED/Debug/./</path>
         <kind>object</kind>
         <file>timerled.o</file>
         <name>timerled.o</name>
      </input_file>
      <input_file id="fl-3">
         <path>/Users/camilochiang/Documents/tmp/20250619_LED/Debug/./syscfg/</path>
         <kind>object</kind>
         <file>ti_devices_config.o</file>
         <name>ti_devices_config.o</name>
      </input_file>
      <input_file id="fl-4">
         <path>/Users/camilochiang/Documents/tmp/20250619_LED/Debug/./syscfg/</path>
         <kind>object</kind>
         <file>ti_drivers_config.o</file>
         <name>ti_drivers_config.o</name>
      </input_file>
      <input_file id="fl-5">
         <path>/Users/camilochiang/Documents/tmp/20250619_LED/Debug/./syscfg/</path>
         <kind>object</kind>
         <file>ti_sysbios_config.o</file>
         <name>ti_sysbios_config.o</name>
      </input_file>
      <input_file id="fl-15">
         <path>/Users/camilochiang/Documents/tmp/20250619_LED/Debug/</path>
         <kind>object</kind>
         <file>&lt;internal&gt;</file>
         <name>&lt;internal&gt;</name>
      </input_file>
      <input_file id="fl-16">
         <path>/Users/camilochiang/ti/simplelink_cc13xx_cc26xx_sdk_8_30_01_01/source/ti/drivers/lib/ticlang/m4f/</path>
         <kind>archive</kind>
         <file>drivers_cc26x2.a</file>
         <name>GPIO.c.obj</name>
      </input_file>
      <input_file id="fl-17">
         <path>/Users/camilochiang/ti/simplelink_cc13xx_cc26xx_sdk_8_30_01_01/source/ti/drivers/lib/ticlang/m4f/</path>
         <kind>archive</kind>
         <file>drivers_cc26x2.a</file>
         <name>GPIOCC26XX.c.obj</name>
      </input_file>
      <input_file id="fl-18">
         <path>/Users/camilochiang/ti/simplelink_cc13xx_cc26xx_sdk_8_30_01_01/source/ti/drivers/lib/ticlang/m4f/</path>
         <kind>archive</kind>
         <file>drivers_cc26x2.a</file>
         <name>PowerCC26X2.c.obj</name>
      </input_file>
      <input_file id="fl-19">
         <path>/Users/camilochiang/ti/simplelink_cc13xx_cc26xx_sdk_8_30_01_01/source/ti/drivers/lib/ticlang/m4f/</path>
         <kind>archive</kind>
         <file>drivers_cc26x2.a</file>
         <name>PowerCC26X2_calibrateRCOSC.c.obj</name>
      </input_file>
      <input_file id="fl-1a">
         <path>/Users/camilochiang/ti/simplelink_cc13xx_cc26xx_sdk_8_30_01_01/source/ti/drivers/lib/ticlang/m4f/</path>
         <kind>archive</kind>
         <file>drivers_cc26x2.a</file>
         <name>TemperatureCC26X2.c.obj</name>
      </input_file>
      <input_file id="fl-1b">
         <path>/Users/camilochiang/ti/simplelink_cc13xx_cc26xx_sdk_8_30_01_01/source/ti/drivers/lib/ticlang/m4f/</path>
         <kind>archive</kind>
         <file>drivers_cc26x2.a</file>
         <name>GPIOCC26X2.c.obj</name>
      </input_file>
      <input_file id="fl-1c">
         <path>/Users/camilochiang/ti/simplelink_cc13xx_cc26xx_sdk_8_30_01_01/source/ti/drivers/lib/ticlang/m4f/</path>
         <kind>archive</kind>
         <file>drivers_cc26x2.a</file>
         <name>PowerCC26X2_calibrateRCOSC_helpers.c.obj</name>
      </input_file>
      <input_file id="fl-1d">
         <path>/Users/camilochiang/ti/simplelink_cc13xx_cc26xx_sdk_8_30_01_01/source/ti/drivers/lib/ticlang/m4f/</path>
         <kind>archive</kind>
         <file>drivers_cc26x2.a</file>
         <name>PowerCC26X2_helpers.c.obj</name>
      </input_file>
      <input_file id="fl-1e">
         <path>/Users/camilochiang/ti/simplelink_cc13xx_cc26xx_sdk_8_30_01_01/source/ti/drivers/lib/ticlang/m4f/</path>
         <kind>archive</kind>
         <file>drivers_cc26x2.a</file>
         <name>List.c.obj</name>
      </input_file>
      <input_file id="fl-1f">
         <path>/Users/camilochiang/ti/simplelink_cc13xx_cc26xx_sdk_8_30_01_01/source/ti/devices/cc13x2_cc26x2/driverlib/bin/ticlang/</path>
         <kind>archive</kind>
         <file>driverlib.lib</file>
         <name>cpu.c.obj</name>
      </input_file>
      <input_file id="fl-20">
         <path>/Users/camilochiang/ti/simplelink_cc13xx_cc26xx_sdk_8_30_01_01/source/ti/devices/cc13x2_cc26x2/driverlib/bin/ticlang/</path>
         <kind>archive</kind>
         <file>driverlib.lib</file>
         <name>osc.c.obj</name>
      </input_file>
      <input_file id="fl-21">
         <path>/Users/camilochiang/ti/simplelink_cc13xx_cc26xx_sdk_8_30_01_01/source/ti/devices/cc13x2_cc26x2/driverlib/bin/ticlang/</path>
         <kind>archive</kind>
         <file>driverlib.lib</file>
         <name>prcm.c.obj</name>
      </input_file>
      <input_file id="fl-22">
         <path>/Users/camilochiang/ti/simplelink_cc13xx_cc26xx_sdk_8_30_01_01/source/ti/devices/cc13x2_cc26x2/driverlib/bin/ticlang/</path>
         <kind>archive</kind>
         <file>driverlib.lib</file>
         <name>setup.c.obj</name>
      </input_file>
      <input_file id="fl-23">
         <path>/Users/camilochiang/ti/simplelink_cc13xx_cc26xx_sdk_8_30_01_01/source/ti/devices/cc13x2_cc26x2/driverlib/bin/ticlang/</path>
         <kind>archive</kind>
         <file>driverlib.lib</file>
         <name>sys_ctrl.c.obj</name>
      </input_file>
      <input_file id="fl-24">
         <path>/Users/camilochiang/ti/simplelink_cc13xx_cc26xx_sdk_8_30_01_01/source/ti/devices/cc13x2_cc26x2/driverlib/bin/ticlang/</path>
         <kind>archive</kind>
         <file>driverlib.lib</file>
         <name>aux_sysif.c.obj</name>
      </input_file>
      <input_file id="fl-25">
         <path>/Users/camilochiang/ti/simplelink_cc13xx_cc26xx_sdk_8_30_01_01/source/ti/devices/cc13x2_cc26x2/driverlib/bin/ticlang/</path>
         <kind>archive</kind>
         <file>driverlib.lib</file>
         <name>chipinfo.c.obj</name>
      </input_file>
      <input_file id="fl-26">
         <path>/Users/camilochiang/ti/simplelink_cc13xx_cc26xx_sdk_8_30_01_01/kernel/tirtos7/packages/ti/sysbios/lib/ticlang/m4f/</path>
         <kind>archive</kind>
         <file>sysbios.a</file>
         <name>TaskSupport_asm_gcc.s.obj</name>
      </input_file>
      <input_file id="fl-27">
         <path>/Users/camilochiang/ti/simplelink_cc13xx_cc26xx_sdk_8_30_01_01/kernel/tirtos7/packages/ti/sysbios/lib/ticlang/m4f/</path>
         <kind>archive</kind>
         <file>sysbios.a</file>
         <name>Hwi_asm_gcc.s.obj</name>
      </input_file>
      <input_file id="fl-28">
         <path>/Users/camilochiang/ti/simplelink_cc13xx_cc26xx_sdk_8_30_01_01/kernel/tirtos7/packages/ti/sysbios/lib/ticlang/m4f/</path>
         <kind>archive</kind>
         <file>sysbios.a</file>
         <name>Hwi_asm_switch_gcc.s.obj</name>
      </input_file>
      <input_file id="fl-29">
         <path>/Users/camilochiang/ti/simplelink_cc13xx_cc26xx_sdk_8_30_01_01/kernel/tirtos7/packages/ti/sysbios/lib/ticlang/m4f/</path>
         <kind>archive</kind>
         <file>sysbios.a</file>
         <name>boot_cortex_m.c.obj</name>
      </input_file>
      <input_file id="fl-38">
         <path>/Users/camilochiang/ti/ti_cgt_tiarmclang_3.2.2.LTS/lib/armv7em-ti-none-eabihf/c/</path>
         <kind>archive</kind>
         <file>libc.a</file>
         <name>strcmp_t2.S.obj</name>
      </input_file>
      <input_file id="fl-39">
         <path>/Users/camilochiang/ti/ti_cgt_tiarmclang_3.2.2.LTS/lib/armv7em-ti-none-eabihf/c/</path>
         <kind>archive</kind>
         <file>libc.a</file>
         <name>aeabi_portable.c.obj</name>
      </input_file>
      <input_file id="fl-3a">
         <path>/Users/camilochiang/ti/ti_cgt_tiarmclang_3.2.2.LTS/lib/armv7em-ti-none-eabihf/c/</path>
         <kind>archive</kind>
         <file>libc.a</file>
         <name>exit.c.obj</name>
      </input_file>
      <input_file id="fl-3b">
         <path>/Users/camilochiang/ti/ti_cgt_tiarmclang_3.2.2.LTS/lib/armv7em-ti-none-eabihf/c/</path>
         <kind>archive</kind>
         <file>libc.a</file>
         <name>_lock.c.obj</name>
      </input_file>
      <input_file id="fl-3c">
         <path>/Users/camilochiang/ti/ti_cgt_tiarmclang_3.2.2.LTS/lib/armv7em-ti-none-eabihf/c/</path>
         <kind>archive</kind>
         <file>libc.a</file>
         <name>args_main.c.obj</name>
      </input_file>
      <input_file id="fl-3d">
         <path>/Users/camilochiang/ti/ti_cgt_tiarmclang_3.2.2.LTS/lib/armv7em-ti-none-eabihf/c/</path>
         <kind>archive</kind>
         <file>libc.a</file>
         <name>assert.c.obj</name>
      </input_file>
      <input_file id="fl-3e">
         <path>/Users/camilochiang/ti/ti_cgt_tiarmclang_3.2.2.LTS/lib/armv7em-ti-none-eabihf/c/</path>
         <kind>archive</kind>
         <file>libc.a</file>
         <name>defs.c.obj</name>
      </input_file>
      <input_file id="fl-3f">
         <path>/Users/camilochiang/ti/ti_cgt_tiarmclang_3.2.2.LTS/lib/armv7em-ti-none-eabihf/c/</path>
         <kind>archive</kind>
         <file>libc.a</file>
         <name>autoinit.c.obj</name>
      </input_file>
      <input_file id="fl-40">
         <path>/Users/camilochiang/ti/ti_cgt_tiarmclang_3.2.2.LTS/lib/armv7em-ti-none-eabihf/c/</path>
         <kind>archive</kind>
         <file>libc.a</file>
         <name>cpy_tbl.c.obj</name>
      </input_file>
      <input_file id="fl-41">
         <path>/Users/camilochiang/ti/ti_cgt_tiarmclang_3.2.2.LTS/lib/armv7em-ti-none-eabihf/c/</path>
         <kind>archive</kind>
         <file>libc.a</file>
         <name>copy_zero_init.c.obj</name>
      </input_file>
      <input_file id="fl-42">
         <path>/Users/camilochiang/ti/ti_cgt_tiarmclang_3.2.2.LTS/lib/armv7em-ti-none-eabihf/c/</path>
         <kind>archive</kind>
         <file>libc.a</file>
         <name>copy_decompress_none.c.obj</name>
      </input_file>
      <input_file id="fl-43">
         <path>/Users/camilochiang/ti/ti_cgt_tiarmclang_3.2.2.LTS/lib/armv7em-ti-none-eabihf/c/</path>
         <kind>archive</kind>
         <file>libc.a</file>
         <name>copy_decompress_lzss.c.obj</name>
      </input_file>
      <input_file id="fl-44">
         <path>/Users/camilochiang/ti/ti_cgt_tiarmclang_3.2.2.LTS/lib/armv7em-ti-none-eabihf/c/</path>
         <kind>archive</kind>
         <file>libc.a</file>
         <name>sprintf.c.obj</name>
      </input_file>
      <input_file id="fl-45">
         <path>/Users/camilochiang/ti/ti_cgt_tiarmclang_3.2.2.LTS/lib/armv7em-ti-none-eabihf/c/</path>
         <kind>archive</kind>
         <file>libc.a</file>
         <name>fflush.c.obj</name>
      </input_file>
      <input_file id="fl-46">
         <path>/Users/camilochiang/ti/ti_cgt_tiarmclang_3.2.2.LTS/lib/armv7em-ti-none-eabihf/c/</path>
         <kind>archive</kind>
         <file>libc.a</file>
         <name>fputs.c.obj</name>
      </input_file>
      <input_file id="fl-47">
         <path>/Users/camilochiang/ti/ti_cgt_tiarmclang_3.2.2.LTS/lib/armv7em-ti-none-eabihf/c/</path>
         <kind>archive</kind>
         <file>libc.a</file>
         <name>_io_perm.c.obj</name>
      </input_file>
      <input_file id="fl-48">
         <path>/Users/camilochiang/ti/ti_cgt_tiarmclang_3.2.2.LTS/lib/armv7em-ti-none-eabihf/c/</path>
         <kind>archive</kind>
         <file>libc.a</file>
         <name>setvbuf.c.obj</name>
      </input_file>
      <input_file id="fl-49">
         <path>/Users/camilochiang/ti/ti_cgt_tiarmclang_3.2.2.LTS/lib/armv7em-ti-none-eabihf/c/</path>
         <kind>archive</kind>
         <file>libc.a</file>
         <name>_printfi.c.obj</name>
      </input_file>
      <input_file id="fl-4a">
         <path>/Users/camilochiang/ti/ti_cgt_tiarmclang_3.2.2.LTS/lib/armv7em-ti-none-eabihf/c/</path>
         <kind>archive</kind>
         <file>libc.a</file>
         <name>fopen.c.obj</name>
      </input_file>
      <input_file id="fl-4b">
         <path>/Users/camilochiang/ti/ti_cgt_tiarmclang_3.2.2.LTS/lib/armv7em-ti-none-eabihf/c/</path>
         <kind>archive</kind>
         <file>libc.a</file>
         <name>fseek.c.obj</name>
      </input_file>
      <input_file id="fl-4c">
         <path>/Users/camilochiang/ti/ti_cgt_tiarmclang_3.2.2.LTS/lib/armv7em-ti-none-eabihf/c/</path>
         <kind>archive</kind>
         <file>libc.a</file>
         <name>wcslen.c.obj</name>
      </input_file>
      <input_file id="fl-4d">
         <path>/Users/camilochiang/ti/ti_cgt_tiarmclang_3.2.2.LTS/lib/armv7em-ti-none-eabihf/c/</path>
         <kind>archive</kind>
         <file>libc.a</file>
         <name>_ltoa.c.obj</name>
      </input_file>
      <input_file id="fl-4e">
         <path>/Users/camilochiang/ti/ti_cgt_tiarmclang_3.2.2.LTS/lib/armv7em-ti-none-eabihf/c/</path>
         <kind>archive</kind>
         <file>libc.a</file>
         <name>atoi.c.obj</name>
      </input_file>
      <input_file id="fl-4f">
         <path>/Users/camilochiang/ti/ti_cgt_tiarmclang_3.2.2.LTS/lib/armv7em-ti-none-eabihf/c/</path>
         <kind>archive</kind>
         <file>libc.a</file>
         <name>memccpy.c.obj</name>
      </input_file>
      <input_file id="fl-50">
         <path>/Users/camilochiang/ti/ti_cgt_tiarmclang_3.2.2.LTS/lib/armv7em-ti-none-eabihf/c/</path>
         <kind>archive</kind>
         <file>libc.a</file>
         <name>s_frexp.c.obj</name>
      </input_file>
      <input_file id="fl-51">
         <path>/Users/camilochiang/ti/ti_cgt_tiarmclang_3.2.2.LTS/lib/armv7em-ti-none-eabihf/c/</path>
         <kind>archive</kind>
         <file>libc.a</file>
         <name>s_scalbn.c.obj</name>
      </input_file>
      <input_file id="fl-52">
         <path>/Users/camilochiang/ti/ti_cgt_tiarmclang_3.2.2.LTS/lib/armv7em-ti-none-eabihf/c/</path>
         <kind>archive</kind>
         <file>libc.a</file>
         <name>fclose.c.obj</name>
      </input_file>
      <input_file id="fl-53">
         <path>/Users/camilochiang/ti/ti_cgt_tiarmclang_3.2.2.LTS/lib/armv7em-ti-none-eabihf/c/</path>
         <kind>archive</kind>
         <file>libc.a</file>
         <name>aeabi_ctype.S.obj</name>
      </input_file>
      <input_file id="fl-b9">
         <path>/Users/camilochiang/ti/ti_cgt_tiarmclang_3.2.2.LTS/lib/armv7em-ti-none-eabihf/c/</path>
         <kind>archive</kind>
         <file>libsysbm.a</file>
         <name>write.c.obj</name>
      </input_file>
      <input_file id="fl-ba">
         <path>/Users/camilochiang/ti/ti_cgt_tiarmclang_3.2.2.LTS/lib/armv7em-ti-none-eabihf/c/</path>
         <kind>archive</kind>
         <file>libsysbm.a</file>
         <name>host_device.c.obj</name>
      </input_file>
      <input_file id="fl-bb">
         <path>/Users/camilochiang/ti/ti_cgt_tiarmclang_3.2.2.LTS/lib/armv7em-ti-none-eabihf/c/</path>
         <kind>archive</kind>
         <file>libsysbm.a</file>
         <name>remove.c.obj</name>
      </input_file>
      <input_file id="fl-bc">
         <path>/Users/camilochiang/ti/ti_cgt_tiarmclang_3.2.2.LTS/lib/armv7em-ti-none-eabihf/c/</path>
         <kind>archive</kind>
         <file>libsysbm.a</file>
         <name>open.c.obj</name>
      </input_file>
      <input_file id="fl-bd">
         <path>/Users/camilochiang/ti/ti_cgt_tiarmclang_3.2.2.LTS/lib/armv7em-ti-none-eabihf/c/</path>
         <kind>archive</kind>
         <file>libsysbm.a</file>
         <name>lseek.c.obj</name>
      </input_file>
      <input_file id="fl-be">
         <path>/Users/camilochiang/ti/ti_cgt_tiarmclang_3.2.2.LTS/lib/armv7em-ti-none-eabihf/c/</path>
         <kind>archive</kind>
         <file>libsysbm.a</file>
         <name>close.c.obj</name>
      </input_file>
      <input_file id="fl-bf">
         <path>/Users/camilochiang/ti/ti_cgt_tiarmclang_3.2.2.LTS/lib/armv7em-ti-none-eabihf/c/</path>
         <kind>archive</kind>
         <file>libsysbm.a</file>
         <name>unlink.c.obj</name>
      </input_file>
      <input_file id="fl-c0">
         <path>/Users/camilochiang/ti/ti_cgt_tiarmclang_3.2.2.LTS/lib/armv7em-ti-none-eabihf/c/</path>
         <kind>archive</kind>
         <file>libsysbm.a</file>
         <name>hostclose.c.obj</name>
      </input_file>
      <input_file id="fl-c1">
         <path>/Users/camilochiang/ti/ti_cgt_tiarmclang_3.2.2.LTS/lib/armv7em-ti-none-eabihf/c/</path>
         <kind>archive</kind>
         <file>libsysbm.a</file>
         <name>hostlseek.c.obj</name>
      </input_file>
      <input_file id="fl-c2">
         <path>/Users/camilochiang/ti/ti_cgt_tiarmclang_3.2.2.LTS/lib/armv7em-ti-none-eabihf/c/</path>
         <kind>archive</kind>
         <file>libsysbm.a</file>
         <name>hostopen.c.obj</name>
      </input_file>
      <input_file id="fl-c3">
         <path>/Users/camilochiang/ti/ti_cgt_tiarmclang_3.2.2.LTS/lib/armv7em-ti-none-eabihf/c/</path>
         <kind>archive</kind>
         <file>libsysbm.a</file>
         <name>hostread.c.obj</name>
      </input_file>
      <input_file id="fl-c4">
         <path>/Users/camilochiang/ti/ti_cgt_tiarmclang_3.2.2.LTS/lib/armv7em-ti-none-eabihf/c/</path>
         <kind>archive</kind>
         <file>libsysbm.a</file>
         <name>hostrename.c.obj</name>
      </input_file>
      <input_file id="fl-c5">
         <path>/Users/camilochiang/ti/ti_cgt_tiarmclang_3.2.2.LTS/lib/armv7em-ti-none-eabihf/c/</path>
         <kind>archive</kind>
         <file>libsysbm.a</file>
         <name>hostunlink.c.obj</name>
      </input_file>
      <input_file id="fl-c6">
         <path>/Users/camilochiang/ti/ti_cgt_tiarmclang_3.2.2.LTS/lib/armv7em-ti-none-eabihf/c/</path>
         <kind>archive</kind>
         <file>libsysbm.a</file>
         <name>hostwrite.c.obj</name>
      </input_file>
      <input_file id="fl-c7">
         <path>/Users/camilochiang/ti/ti_cgt_tiarmclang_3.2.2.LTS/lib/armv7em-ti-none-eabihf/c/</path>
         <kind>archive</kind>
         <file>libsysbm.a</file>
         <name>trgmsg.c.obj</name>
      </input_file>
      <input_file id="fl-c8">
         <path>/Users/camilochiang/ti/ti_cgt_tiarmclang_3.2.2.LTS/lib/clang/15.0.7/lib/armv7em-ti-none-eabihf/</path>
         <kind>archive</kind>
         <file>libclang_rt.builtins.a</file>
         <name>adddf3.S.obj</name>
      </input_file>
      <input_file id="fl-c9">
         <path>/Users/camilochiang/ti/ti_cgt_tiarmclang_3.2.2.LTS/lib/clang/15.0.7/lib/armv7em-ti-none-eabihf/</path>
         <kind>archive</kind>
         <file>libclang_rt.builtins.a</file>
         <name>muldf3.S.obj</name>
      </input_file>
      <input_file id="fl-ca">
         <path>/Users/camilochiang/ti/ti_cgt_tiarmclang_3.2.2.LTS/lib/clang/15.0.7/lib/armv7em-ti-none-eabihf/</path>
         <kind>archive</kind>
         <file>libclang_rt.builtins.a</file>
         <name>ashldi3.S.obj</name>
      </input_file>
      <input_file id="fl-cb">
         <path>/Users/camilochiang/ti/ti_cgt_tiarmclang_3.2.2.LTS/lib/clang/15.0.7/lib/armv7em-ti-none-eabihf/</path>
         <kind>archive</kind>
         <file>libclang_rt.builtins.a</file>
         <name>ashrdi3.S.obj</name>
      </input_file>
      <input_file id="fl-cc">
         <path>/Users/camilochiang/ti/ti_cgt_tiarmclang_3.2.2.LTS/lib/clang/15.0.7/lib/armv7em-ti-none-eabihf/</path>
         <kind>archive</kind>
         <file>libclang_rt.builtins.a</file>
         <name>divdf3.S.obj</name>
      </input_file>
      <input_file id="fl-cd">
         <path>/Users/camilochiang/ti/ti_cgt_tiarmclang_3.2.2.LTS/lib/clang/15.0.7/lib/armv7em-ti-none-eabihf/</path>
         <kind>archive</kind>
         <file>libclang_rt.builtins.a</file>
         <name>extendsfdf2.S.obj</name>
      </input_file>
      <input_file id="fl-ce">
         <path>/Users/camilochiang/ti/ti_cgt_tiarmclang_3.2.2.LTS/lib/clang/15.0.7/lib/armv7em-ti-none-eabihf/</path>
         <kind>archive</kind>
         <file>libclang_rt.builtins.a</file>
         <name>fixdfsi.S.obj</name>
      </input_file>
      <input_file id="fl-cf">
         <path>/Users/camilochiang/ti/ti_cgt_tiarmclang_3.2.2.LTS/lib/clang/15.0.7/lib/armv7em-ti-none-eabihf/</path>
         <kind>archive</kind>
         <file>libclang_rt.builtins.a</file>
         <name>fixunsdfsi.S.obj</name>
      </input_file>
      <input_file id="fl-d0">
         <path>/Users/camilochiang/ti/ti_cgt_tiarmclang_3.2.2.LTS/lib/clang/15.0.7/lib/armv7em-ti-none-eabihf/</path>
         <kind>archive</kind>
         <file>libclang_rt.builtins.a</file>
         <name>floatsidf.S.obj</name>
      </input_file>
      <input_file id="fl-d1">
         <path>/Users/camilochiang/ti/ti_cgt_tiarmclang_3.2.2.LTS/lib/clang/15.0.7/lib/armv7em-ti-none-eabihf/</path>
         <kind>archive</kind>
         <file>libclang_rt.builtins.a</file>
         <name>aeabi_dcmp.S.obj</name>
      </input_file>
      <input_file id="fl-d2">
         <path>/Users/camilochiang/ti/ti_cgt_tiarmclang_3.2.2.LTS/lib/clang/15.0.7/lib/armv7em-ti-none-eabihf/</path>
         <kind>archive</kind>
         <file>libclang_rt.builtins.a</file>
         <name>aeabi_ldivmod.S.obj</name>
      </input_file>
      <input_file id="fl-d3">
         <path>/Users/camilochiang/ti/ti_cgt_tiarmclang_3.2.2.LTS/lib/clang/15.0.7/lib/armv7em-ti-none-eabihf/</path>
         <kind>archive</kind>
         <file>libclang_rt.builtins.a</file>
         <name>aeabi_memcpy.S.obj</name>
      </input_file>
      <input_file id="fl-d4">
         <path>/Users/camilochiang/ti/ti_cgt_tiarmclang_3.2.2.LTS/lib/clang/15.0.7/lib/armv7em-ti-none-eabihf/</path>
         <kind>archive</kind>
         <file>libclang_rt.builtins.a</file>
         <name>aeabi_memset.S.obj</name>
      </input_file>
      <input_file id="fl-d5">
         <path>/Users/camilochiang/ti/ti_cgt_tiarmclang_3.2.2.LTS/lib/clang/15.0.7/lib/armv7em-ti-none-eabihf/</path>
         <kind>archive</kind>
         <file>libclang_rt.builtins.a</file>
         <name>aeabi_uldivmod.S.obj</name>
      </input_file>
      <input_file id="fl-d6">
         <path>/Users/camilochiang/ti/ti_cgt_tiarmclang_3.2.2.LTS/lib/clang/15.0.7/lib/armv7em-ti-none-eabihf/</path>
         <kind>archive</kind>
         <file>libclang_rt.builtins.a</file>
         <name>udivmoddi4.S.obj</name>
      </input_file>
      <input_file id="fl-d7">
         <path>/Users/camilochiang/ti/ti_cgt_tiarmclang_3.2.2.LTS/lib/clang/15.0.7/lib/armv7em-ti-none-eabihf/</path>
         <kind>archive</kind>
         <file>libclang_rt.builtins.a</file>
         <name>comparedf2.c.obj</name>
      </input_file>
      <input_file id="fl-d8">
         <path>/Users/camilochiang/ti/ti_cgt_tiarmclang_3.2.2.LTS/lib/clang/15.0.7/lib/armv7em-ti-none-eabihf/</path>
         <kind>archive</kind>
         <file>libclang_rt.builtins.a</file>
         <name>divmoddi4.c.obj</name>
      </input_file>
      <input_file id="fl-d9">
         <path>/Users/camilochiang/ti/ti_cgt_tiarmclang_3.2.2.LTS/lib/clang/15.0.7/lib/armv7em-ti-none-eabihf/</path>
         <kind>archive</kind>
         <file>libclang_rt.builtins.a</file>
         <name>aeabi_div0.c.obj</name>
      </input_file>
      <input_file id="fl-da">
         <path>/Users/camilochiang/ti/ti_cgt_tiarmclang_3.2.2.LTS/lib/armv7em-ti-none-eabihf/c/</path>
         <kind>archive</kind>
         <file>libc.a</file>
         <name>getdevice.c.obj</name>
      </input_file>
      <input_file id="fl-db">
         <path>/Users/camilochiang/ti/ti_cgt_tiarmclang_3.2.2.LTS/lib/armv7em-ti-none-eabihf/c/</path>
         <kind>archive</kind>
         <file>libc.a</file>
         <name>memcpy_t2.S.obj</name>
      </input_file>
      <input_file id="fl-dc">
         <path>/Users/camilochiang/ti/ti_cgt_tiarmclang_3.2.2.LTS/lib/armv7em-ti-none-eabihf/c/</path>
         <kind>archive</kind>
         <file>libc.a</file>
         <name>memset_t2.S.obj</name>
      </input_file>
   </input_file_list>
   <object_component_list>
      <object_component id="oc-23">
         <name>.resetVecs</name>
         <load_address>0x0</load_address>
         <readonly>true</readonly>
         <run_address>0x0</run_address>
         <size>0x3c</size>
         <alignment>0x4</alignment>
         <input_file_ref idref="fl-5"/>
      </object_component>
      <object_component id="oc-14e">
         <name>.text.findHposcCoefficients</name>
         <load_address>0x3c</load_address>
         <readonly>true</readonly>
         <executable>true</executable>
         <run_address>0x3c</run_address>
         <size>0x260</size>
         <alignment>0x4</alignment>
         <input_file_ref idref="fl-20"/>
      </object_component>
      <object_component id="oc-14b">
         <name>.text.PowerCC26X2_auxISR</name>
         <load_address>0x29c</load_address>
         <readonly>true</readonly>
         <executable>true</executable>
         <run_address>0x29c</run_address>
         <size>0x194</size>
         <alignment>0x4</alignment>
         <input_file_ref idref="fl-19"/>
      </object_component>
      <object_component id="oc-207">
         <name>.text.Power_sleep</name>
         <load_address>0x430</load_address>
         <readonly>true</readonly>
         <executable>true</executable>
         <run_address>0x430</run_address>
         <size>0x158</size>
         <alignment>0x4</alignment>
         <input_file_ref idref="fl-18"/>
      </object_component>
      <object_component id="oc-1f0">
         <name>.text.ti_sysbios_family_arm_cc26xx_Timer_construct</name>
         <load_address>0x588</load_address>
         <readonly>true</readonly>
         <executable>true</executable>
         <run_address>0x588</run_address>
         <size>0x120</size>
         <alignment>0x4</alignment>
         <input_file_ref idref="fl-5"/>
      </object_component>
      <object_component id="oc-4f">
         <name>.text.ti_sysbios_family_arm_m3_Hwi_dispatch</name>
         <load_address>0x6a8</load_address>
         <readonly>true</readonly>
         <executable>true</executable>
         <run_address>0x6a8</run_address>
         <size>0x11c</size>
         <alignment>0x4</alignment>
         <input_file_ref idref="fl-27"/>
      </object_component>
      <object_component id="oc-e4">
         <name>.text.Power_init</name>
         <load_address>0x7c4</load_address>
         <readonly>true</readonly>
         <executable>true</executable>
         <run_address>0x7c4</run_address>
         <size>0x118</size>
         <alignment>0x4</alignment>
         <input_file_ref idref="fl-18"/>
      </object_component>
      <object_component id="oc-1b7">
         <name>.text.PowerCC26X2_calibrate</name>
         <load_address>0x8dc</load_address>
         <readonly>true</readonly>
         <executable>true</executable>
         <run_address>0x8dc</run_address>
         <size>0x10c</size>
         <alignment>0x4</alignment>
         <input_file_ref idref="fl-19"/>
      </object_component>
      <object_component id="oc-eb">
         <name>.text.GPIO_init</name>
         <load_address>0x9e8</load_address>
         <readonly>true</readonly>
         <executable>true</executable>
         <run_address>0x9e8</run_address>
         <size>0x100</size>
         <alignment>0x4</alignment>
         <input_file_ref idref="fl-1b"/>
      </object_component>
      <object_component id="oc-221">
         <name>.text.ti_sysbios_knl_Semaphore_pend</name>
         <load_address>0xae8</load_address>
         <readonly>true</readonly>
         <executable>true</executable>
         <run_address>0xae8</run_address>
         <size>0xe4</size>
         <alignment>0x4</alignment>
         <input_file_ref idref="fl-5"/>
      </object_component>
      <object_component id="oc-25c">
         <name>.text.NOROM_SysCtrlStandby</name>
         <load_address>0xbcc</load_address>
         <readonly>true</readonly>
         <executable>true</executable>
         <run_address>0xbcc</run_address>
         <size>0xe0</size>
         <alignment>0x4</alignment>
         <input_file_ref idref="fl-23"/>
      </object_component>
      <object_component id="oc-b8">
         <name>.text.pthread_create</name>
         <load_address>0xcac</load_address>
         <readonly>true</readonly>
         <executable>true</executable>
         <run_address>0xcac</run_address>
         <size>0xd8</size>
         <alignment>0x4</alignment>
         <input_file_ref idref="fl-5"/>
      </object_component>
      <object_component id="oc-c9">
         <name>.text.ti_sysbios_family_arm_m3_Hwi_excFillContext</name>
         <load_address>0xd84</load_address>
         <readonly>true</readonly>
         <executable>true</executable>
         <run_address>0xd84</run_address>
         <size>0xd8</size>
         <alignment>0x4</alignment>
         <input_file_ref idref="fl-5"/>
      </object_component>
      <object_component id="oc-74">
         <name>.text.NOROM_SetupTrimDevice</name>
         <load_address>0xe5c</load_address>
         <readonly>true</readonly>
         <executable>true</executable>
         <run_address>0xe5c</run_address>
         <size>0xd0</size>
         <alignment>0x4</alignment>
         <input_file_ref idref="fl-22"/>
      </object_component>
      <object_component id="oc-19d">
         <name>.text.configureXOSCHF</name>
         <load_address>0xf2c</load_address>
         <readonly>true</readonly>
         <executable>true</executable>
         <run_address>0xf2c</run_address>
         <size>0xd0</size>
         <alignment>0x4</alignment>
         <input_file_ref idref="fl-18"/>
      </object_component>
      <object_component id="oc-190">
         <name>.text.ti_sysbios_knl_Clock_workFuncDynamic</name>
         <load_address>0xffc</load_address>
         <readonly>true</readonly>
         <executable>true</executable>
         <run_address>0xffc</run_address>
         <size>0xcc</size>
         <alignment>0x4</alignment>
         <input_file_ref idref="fl-5"/>
      </object_component>
      <object_component id="oc-1d6">
         <name>.text.ti_sysbios_knl_Task_Instance_finalize</name>
         <load_address>0x10c8</load_address>
         <readonly>true</readonly>
         <executable>true</executable>
         <run_address>0x10c8</run_address>
         <size>0xb8</size>
         <alignment>0x4</alignment>
         <input_file_ref idref="fl-5"/>
      </object_component>
      <object_component id="oc-fa">
         <name>.text.ti_sysbios_knl_Task_setPri</name>
         <load_address>0x1180</load_address>
         <readonly>true</readonly>
         <executable>true</executable>
         <run_address>0x1180</run_address>
         <size>0xb8</size>
         <alignment>0x4</alignment>
         <input_file_ref idref="fl-5"/>
      </object_component>
      <object_component id="oc-19f">
         <name>.text.PowerCC26XX_standbyPolicy</name>
         <load_address>0x1238</load_address>
         <readonly>true</readonly>
         <executable>true</executable>
         <run_address>0x1238</run_address>
         <size>0xb4</size>
         <alignment>0x4</alignment>
         <input_file_ref idref="fl-5"/>
      </object_component>
      <object_component id="oc-150">
         <name>.text.findHposcPc</name>
         <load_address>0x12ec</load_address>
         <readonly>true</readonly>
         <executable>true</executable>
         <run_address>0x12ec</run_address>
         <size>0xb2</size>
         <alignment>0x2</alignment>
         <input_file_ref idref="fl-20"/>
      </object_component>
      <object_component id="oc-183">
         <name>.text.BIOS_nullFunc</name>
         <load_address>0x139e</load_address>
         <readonly>true</readonly>
         <executable>true</executable>
         <run_address>0x139e</run_address>
         <size>0x2</size>
         <alignment>0x2</alignment>
         <input_file_ref idref="fl-5"/>
      </object_component>
      <object_component id="oc-16e">
         <name>.text.GPIO_setConfigAndMux</name>
         <load_address>0x13a0</load_address>
         <readonly>true</readonly>
         <executable>true</executable>
         <run_address>0x13a0</run_address>
         <size>0xb0</size>
         <alignment>0x4</alignment>
         <input_file_ref idref="fl-17"/>
      </object_component>
      <object_component id="oc-ea">
         <name>.text.NOROM_OSC_HPOSCInitializeFrequencyOffsetParameters</name>
         <load_address>0x1450</load_address>
         <readonly>true</readonly>
         <executable>true</executable>
         <run_address>0x1450</run_address>
         <size>0xb0</size>
         <alignment>0x4</alignment>
         <input_file_ref idref="fl-20"/>
      </object_component>
      <object_component id="oc-153">
         <name>.text.Power_setDependency</name>
         <load_address>0x1500</load_address>
         <readonly>true</readonly>
         <executable>true</executable>
         <run_address>0x1500</run_address>
         <size>0xb0</size>
         <alignment>0x4</alignment>
         <input_file_ref idref="fl-18"/>
      </object_component>
      <object_component id="oc-a5">
         <name>.text.TrimAfterColdResetWakeupFromShutDown</name>
         <load_address>0x15b0</load_address>
         <readonly>true</readonly>
         <executable>true</executable>
         <run_address>0x15b0</run_address>
         <size>0xb0</size>
         <alignment>0x4</alignment>
         <input_file_ref idref="fl-22"/>
      </object_component>
      <object_component id="oc-1f3">
         <name>.text</name>
         <load_address>0x1660</load_address>
         <readonly>true</readonly>
         <executable>true</executable>
         <run_address>0x1660</run_address>
         <size>0xb0</size>
         <alignment>0x4</alignment>
         <input_file_ref idref="fl-d6"/>
      </object_component>
      <object_component id="oc-212">
         <name>.text.Power_releaseDependency</name>
         <load_address>0x1710</load_address>
         <readonly>true</readonly>
         <executable>true</executable>
         <run_address>0x1710</run_address>
         <size>0xac</size>
         <alignment>0x4</alignment>
         <input_file_ref idref="fl-18"/>
      </object_component>
      <object_component id="oc-1d5">
         <name>.text.ti_sysbios_knl_Task_Instance_init</name>
         <load_address>0x17bc</load_address>
         <readonly>true</readonly>
         <executable>true</executable>
         <run_address>0x17bc</run_address>
         <size>0xa4</size>
         <alignment>0x4</alignment>
         <input_file_ref idref="fl-5"/>
      </object_component>
      <object_component id="oc-172">
         <name>.text.ti_sysbios_knl_Clock_startI</name>
         <load_address>0x1860</load_address>
         <readonly>true</readonly>
         <executable>true</executable>
         <run_address>0x1860</run_address>
         <size>0x94</size>
         <alignment>0x4</alignment>
         <input_file_ref idref="fl-5"/>
      </object_component>
      <object_component id="oc-104">
         <name>.text.ti_sysbios_knl_Task_sleep</name>
         <load_address>0x18f4</load_address>
         <readonly>true</readonly>
         <executable>true</executable>
         <run_address>0x18f4</run_address>
         <size>0x94</size>
         <alignment>0x4</alignment>
         <input_file_ref idref="fl-5"/>
      </object_component>
      <object_component id="oc-12c">
         <name>.text.ti_sysbios_knl_Clock_init</name>
         <load_address>0x1988</load_address>
         <readonly>true</readonly>
         <executable>true</executable>
         <run_address>0x1988</run_address>
         <size>0x8c</size>
         <alignment>0x4</alignment>
         <input_file_ref idref="fl-5"/>
      </object_component>
      <object_component id="oc-129">
         <name>.text.ti_sysbios_family_arm_m3_Hwi_initNVIC</name>
         <load_address>0x1a14</load_address>
         <readonly>true</readonly>
         <executable>true</executable>
         <run_address>0x1a14</run_address>
         <size>0x80</size>
         <alignment>0x4</alignment>
         <input_file_ref idref="fl-5"/>
      </object_component>
      <object_component id="oc-256">
         <name>.text.ti_sysbios_family_arm_m3_Hwi_postInit</name>
         <load_address>0x1a94</load_address>
         <readonly>true</readonly>
         <executable>true</executable>
         <run_address>0x1a94</run_address>
         <size>0x7c</size>
         <alignment>0x4</alignment>
         <input_file_ref idref="fl-5"/>
      </object_component>
      <object_component id="oc-261">
         <name>.text.NOROM_SysCtrlSetRechargeBeforePowerDown</name>
         <load_address>0x1b10</load_address>
         <readonly>true</readonly>
         <executable>true</executable>
         <run_address>0x1b10</run_address>
         <size>0x78</size>
         <alignment>0x4</alignment>
         <input_file_ref idref="fl-23"/>
      </object_component>
      <object_component id="oc-1d8">
         <name>.text._pthread_removeThreadKeys</name>
         <load_address>0x1b88</load_address>
         <readonly>true</readonly>
         <executable>true</executable>
         <run_address>0x1b88</run_address>
         <size>0x78</size>
         <alignment>0x4</alignment>
         <input_file_ref idref="fl-5"/>
      </object_component>
      <object_component id="oc-21e">
         <name>.text.ti_sysbios_knl_Task_postInit</name>
         <load_address>0x1c00</load_address>
         <readonly>true</readonly>
         <executable>true</executable>
         <run_address>0x1c00</run_address>
         <size>0x78</size>
         <alignment>0x4</alignment>
         <input_file_ref idref="fl-5"/>
      </object_component>
      <object_component id="oc-1aa">
         <name>.text.PowerCC26X2_updateSubSecInc</name>
         <load_address>0x1c78</load_address>
         <readonly>true</readonly>
         <executable>true</executable>
         <run_address>0x1c78</run_address>
         <size>0x74</size>
         <alignment>0x4</alignment>
         <input_file_ref idref="fl-1c"/>
      </object_component>
      <object_component id="oc-9d">
         <name>.text.ti_sysbios_knl_Swi_restoreHwi</name>
         <load_address>0x1cec</load_address>
         <readonly>true</readonly>
         <executable>true</executable>
         <run_address>0x1cec</run_address>
         <size>0x74</size>
         <alignment>0x4</alignment>
         <input_file_ref idref="fl-5"/>
      </object_component>
      <object_component id="oc-1c0">
         <name>.text.multiplyColumns</name>
         <load_address>0x1d60</load_address>
         <readonly>true</readonly>
         <executable>true</executable>
         <run_address>0x1d60</run_address>
         <size>0x70</size>
         <alignment>0x2</alignment>
         <input_file_ref idref="fl-20"/>
      </object_component>
      <object_component id="oc-237">
         <name>.text.ti_sysbios_family_arm_m3_Hwi_Instance_init</name>
         <load_address>0x1dd0</load_address>
         <readonly>true</readonly>
         <executable>true</executable>
         <run_address>0x1dd0</run_address>
         <size>0x70</size>
         <alignment>0x4</alignment>
         <input_file_ref idref="fl-5"/>
      </object_component>
      <object_component id="oc-229">
         <name>.text.ti_sysbios_heaps_HeapMem_allocUnprotected</name>
         <load_address>0x1e40</load_address>
         <readonly>true</readonly>
         <executable>true</executable>
         <run_address>0x1e40</run_address>
         <size>0x70</size>
         <alignment>0x2</alignment>
         <input_file_ref idref="fl-5"/>
      </object_component>
      <object_component id="oc-116">
         <name>.text.ti_sysbios_knl_Task_startup</name>
         <load_address>0x1eb0</load_address>
         <readonly>true</readonly>
         <executable>true</executable>
         <run_address>0x1eb0</run_address>
         <size>0x70</size>
         <alignment>0x4</alignment>
         <input_file_ref idref="fl-5"/>
      </object_component>
      <object_component id="oc-31">
         <name>.text:decompress:lzss</name>
         <load_address>0x1f20</load_address>
         <readonly>true</readonly>
         <executable>true</executable>
         <run_address>0x1f20</run_address>
         <size>0x70</size>
         <alignment>0x2</alignment>
         <input_file_ref idref="fl-43"/>
      </object_component>
      <object_component id="oc-1c1">
         <name>.text.findNumerator</name>
         <load_address>0x1f90</load_address>
         <readonly>true</readonly>
         <executable>true</executable>
         <run_address>0x1f90</run_address>
         <size>0x6e</size>
         <alignment>0x2</alignment>
         <input_file_ref idref="fl-20"/>
      </object_component>
      <object_component id="oc-f3">
         <name>.text.Board_initHook</name>
         <load_address>0x1ffe</load_address>
         <readonly>true</readonly>
         <executable>true</executable>
         <run_address>0x1ffe</run_address>
         <size>0x2</size>
         <alignment>0x2</alignment>
         <input_file_ref idref="fl-4"/>
      </object_component>
      <object_component id="oc-14a">
         <name>.text.oscillatorISR</name>
         <load_address>0x2000</load_address>
         <readonly>true</readonly>
         <executable>true</executable>
         <run_address>0x2000</run_address>
         <size>0x6c</size>
         <alignment>0x4</alignment>
         <input_file_ref idref="fl-18"/>
      </object_component>
      <object_component id="oc-70">
         <name>.text.ti_sysbios_family_arm_m3_Hwi_dispatchC</name>
         <load_address>0x206c</load_address>
         <readonly>true</readonly>
         <executable>true</executable>
         <run_address>0x206c</run_address>
         <size>0x6c</size>
         <alignment>0x4</alignment>
         <input_file_ref idref="fl-5"/>
      </object_component>
      <object_component id="oc-d1">
         <name>.text.ti_sysbios_knl_Swi_run</name>
         <load_address>0x20d8</load_address>
         <readonly>true</readonly>
         <executable>true</executable>
         <run_address>0x20d8</run_address>
         <size>0x68</size>
         <alignment>0x4</alignment>
         <input_file_ref idref="fl-5"/>
      </object_component>
      <object_component id="oc-245">
         <name>.text.NOROM_OSCHF_AttemptToSwitchToXosc</name>
         <load_address>0x2140</load_address>
         <readonly>true</readonly>
         <executable>true</executable>
         <run_address>0x2140</run_address>
         <size>0x64</size>
         <alignment>0x4</alignment>
         <input_file_ref idref="fl-20"/>
      </object_component>
      <object_component id="oc-20a">
         <name>.text.PowerCC26X2_initiateCalibration</name>
         <load_address>0x21a4</load_address>
         <readonly>true</readonly>
         <executable>true</executable>
         <run_address>0x21a4</run_address>
         <size>0x64</size>
         <alignment>0x4</alignment>
         <input_file_ref idref="fl-19"/>
      </object_component>
      <object_component id="oc-12f">
         <name>.text.ti_sysbios_knl_Idle_init</name>
         <load_address>0x2208</load_address>
         <readonly>true</readonly>
         <executable>true</executable>
         <run_address>0x2208</run_address>
         <size>0x64</size>
         <alignment>0x4</alignment>
         <input_file_ref idref="fl-5"/>
      </object_component>
      <object_component id="oc-25f">
         <name>.text.ti_sysbios_knl_TaskSupport_buildTaskStack</name>
         <load_address>0x226c</load_address>
         <readonly>true</readonly>
         <executable>true</executable>
         <run_address>0x226c</run_address>
         <size>0x64</size>
         <alignment>0x4</alignment>
         <input_file_ref idref="fl-5"/>
      </object_component>
      <object_component id="oc-1f8">
         <name>.text.ti_sysbios_knl_Clock_walkQueueDynamic</name>
         <load_address>0x22d0</load_address>
         <readonly>true</readonly>
         <executable>true</executable>
         <run_address>0x22d0</run_address>
         <size>0x60</size>
         <alignment>0x4</alignment>
         <input_file_ref idref="fl-5"/>
      </object_component>
      <object_component id="oc-1d9">
         <name>.text.ti_sysbios_knl_Semaphore_post</name>
         <load_address>0x2330</load_address>
         <readonly>true</readonly>
         <executable>true</executable>
         <run_address>0x2330</run_address>
         <size>0x60</size>
         <alignment>0x4</alignment>
         <input_file_ref idref="fl-5"/>
      </object_component>
      <object_component id="oc-1e3">
         <name>.text.ti_sysbios_knl_Swi_schedule</name>
         <load_address>0x2390</load_address>
         <readonly>true</readonly>
         <executable>true</executable>
         <run_address>0x2390</run_address>
         <size>0x60</size>
         <alignment>0x4</alignment>
         <input_file_ref idref="fl-5"/>
      </object_component>
      <object_component id="oc-213">
         <name>.text.__divmoddi4</name>
         <load_address>0x23f0</load_address>
         <readonly>true</readonly>
         <executable>true</executable>
         <run_address>0x23f0</run_address>
         <size>0x5c</size>
         <alignment>0x2</alignment>
         <input_file_ref idref="fl-d8"/>
      </object_component>
      <object_component id="oc-16d">
         <name>.text.pthread_exit</name>
         <load_address>0x244c</load_address>
         <readonly>true</readonly>
         <executable>true</executable>
         <run_address>0x244c</run_address>
         <size>0x5c</size>
         <alignment>0x4</alignment>
         <input_file_ref idref="fl-5"/>
      </object_component>
      <object_component id="oc-87">
         <name>.text.main</name>
         <load_address>0x24a8</load_address>
         <readonly>true</readonly>
         <executable>true</executable>
         <run_address>0x24a8</run_address>
         <size>0x58</size>
         <alignment>0x4</alignment>
         <input_file_ref idref="fl-1"/>
      </object_component>
      <object_component id="oc-1e4">
         <name>.text.ti_sysbios_family_arm_m3_Hwi_initStacks</name>
         <load_address>0x2500</load_address>
         <readonly>true</readonly>
         <executable>true</executable>
         <run_address>0x2500</run_address>
         <size>0x58</size>
         <alignment>0x4</alignment>
         <input_file_ref idref="fl-28"/>
      </object_component>
      <object_component id="oc-f1">
         <name>.text.Board_shutDownExtFlash</name>
         <load_address>0x2558</load_address>
         <readonly>true</readonly>
         <executable>true</executable>
         <run_address>0x2558</run_address>
         <size>0x50</size>
         <alignment>0x4</alignment>
         <input_file_ref idref="fl-4"/>
      </object_component>
      <object_component id="oc-ba">
         <name>.text.mainThread</name>
         <load_address>0x25a8</load_address>
         <readonly>true</readonly>
         <executable>true</executable>
         <run_address>0x25a8</run_address>
         <size>0x50</size>
         <alignment>0x4</alignment>
         <input_file_ref idref="fl-2"/>
      </object_component>
      <object_component id="oc-22e">
         <name>.text.ti_sysbios_knl_Swi_post</name>
         <load_address>0x25f8</load_address>
         <readonly>true</readonly>
         <executable>true</executable>
         <run_address>0x25f8</run_address>
         <size>0x50</size>
         <alignment>0x4</alignment>
         <input_file_ref idref="fl-5"/>
      </object_component>
      <object_component id="oc-225">
         <name>.text.ti_sysbios_knl_Swi_runLoop</name>
         <load_address>0x2648</load_address>
         <readonly>true</readonly>
         <executable>true</executable>
         <run_address>0x2648</run_address>
         <size>0x50</size>
         <alignment>0x4</alignment>
         <input_file_ref idref="fl-5"/>
      </object_component>
      <object_component id="oc-15e">
         <name>.text.Board_sendExtFlashByte</name>
         <load_address>0x2698</load_address>
         <readonly>true</readonly>
         <executable>true</executable>
         <run_address>0x2698</run_address>
         <size>0x4e</size>
         <alignment>0x2</alignment>
         <input_file_ref idref="fl-4"/>
      </object_component>
      <object_component id="oc-228">
         <name>.text.ti_sysbios_heaps_HeapMem_freeUnprotected</name>
         <load_address>0x26e6</load_address>
         <readonly>true</readonly>
         <executable>true</executable>
         <run_address>0x26e6</run_address>
         <size>0x4e</size>
         <alignment>0x2</alignment>
         <input_file_ref idref="fl-5"/>
      </object_component>
      <object_component id="oc-ca">
         <name>.text.BIOS_startFunc</name>
         <load_address>0x2734</load_address>
         <readonly>true</readonly>
         <executable>true</executable>
         <run_address>0x2734</run_address>
         <size>0x4c</size>
         <alignment>0x4</alignment>
         <input_file_ref idref="fl-5"/>
      </object_component>
      <object_component id="oc-d3">
         <name>.text.NOROM_ChipInfo_GetHwRevision</name>
         <load_address>0x2780</load_address>
         <readonly>true</readonly>
         <executable>true</executable>
         <run_address>0x2780</run_address>
         <size>0x4c</size>
         <alignment>0x4</alignment>
         <input_file_ref idref="fl-25"/>
      </object_component>
      <object_component id="oc-1a2">
         <name>.text.switchXOSCHF</name>
         <load_address>0x27cc</load_address>
         <readonly>true</readonly>
         <executable>true</executable>
         <run_address>0x27cc</run_address>
         <size>0x4c</size>
         <alignment>0x4</alignment>
         <input_file_ref idref="fl-18"/>
      </object_component>
      <object_component id="oc-189">
         <name>.text.ti_sysbios_knl_Swi_Instance_init</name>
         <load_address>0x2818</load_address>
         <readonly>true</readonly>
         <executable>true</executable>
         <run_address>0x2818</run_address>
         <size>0x4c</size>
         <alignment>0x4</alignment>
         <input_file_ref idref="fl-5"/>
      </object_component>
      <object_component id="oc-12b">
         <name>.text.BIOS_init</name>
         <load_address>0x2864</load_address>
         <readonly>true</readonly>
         <executable>true</executable>
         <run_address>0x2864</run_address>
         <size>0x48</size>
         <alignment>0x4</alignment>
         <input_file_ref idref="fl-5"/>
      </object_component>
      <object_component id="oc-22b">
         <name>.text.ti_sysbios_family_arm_cc26xx_Timer_start</name>
         <load_address>0x28ac</load_address>
         <readonly>true</readonly>
         <executable>true</executable>
         <run_address>0x28ac</run_address>
         <size>0x48</size>
         <alignment>0x4</alignment>
         <input_file_ref idref="fl-5"/>
      </object_component>
      <object_component id="oc-1ea">
         <name>.text.ti_sysbios_heaps_HeapMem_Instance_init</name>
         <load_address>0x28f4</load_address>
         <readonly>true</readonly>
         <executable>true</executable>
         <run_address>0x28f4</run_address>
         <size>0x48</size>
         <alignment>0x4</alignment>
         <input_file_ref idref="fl-5"/>
      </object_component>
      <object_component id="oc-1ef">
         <name>.text.ti_sysbios_heaps_HeapMem_alloc</name>
         <load_address>0x293c</load_address>
         <readonly>true</readonly>
         <executable>true</executable>
         <run_address>0x293c</run_address>
         <size>0x48</size>
         <alignment>0x4</alignment>
         <input_file_ref idref="fl-5"/>
      </object_component>
      <object_component id="oc-d2">
         <name>.text.ti_sysbios_knl_Task_schedule</name>
         <load_address>0x2984</load_address>
         <readonly>true</readonly>
         <executable>true</executable>
         <run_address>0x2984</run_address>
         <size>0x48</size>
         <alignment>0x4</alignment>
         <input_file_ref idref="fl-5"/>
      </object_component>
      <object_component id="oc-e0">
         <name>.text.ti_sysbios_runtime_Startup_exec</name>
         <load_address>0x29cc</load_address>
         <readonly>true</readonly>
         <executable>true</executable>
         <run_address>0x29cc</run_address>
         <size>0x48</size>
         <alignment>0x4</alignment>
         <input_file_ref idref="fl-5"/>
      </object_component>
      <object_component id="oc-118">
         <name>.text.BIOS_atExitFunc</name>
         <load_address>0x2a14</load_address>
         <readonly>true</readonly>
         <executable>true</executable>
         <run_address>0x2a14</run_address>
         <size>0x44</size>
         <alignment>0x4</alignment>
         <input_file_ref idref="fl-5"/>
      </object_component>
      <object_component id="oc-158">
         <name>.text.GPIO_hwiIntFxn</name>
         <load_address>0x2a58</load_address>
         <readonly>true</readonly>
         <executable>true</executable>
         <run_address>0x2a58</run_address>
         <size>0x44</size>
         <alignment>0x4</alignment>
         <input_file_ref idref="fl-1b"/>
      </object_component>
      <object_component id="oc-246">
         <name>.text.NOROM_PRCMPowerDomainsAllOff</name>
         <load_address>0x2a9c</load_address>
         <readonly>true</readonly>
         <executable>true</executable>
         <run_address>0x2a9c</run_address>
         <size>0x44</size>
         <alignment>0x4</alignment>
         <input_file_ref idref="fl-21"/>
      </object_component>
      <object_component id="oc-1c3">
         <name>.text.NOROM_PRCMPowerDomainsAllOn</name>
         <load_address>0x2ae0</load_address>
         <readonly>true</readonly>
         <executable>true</executable>
         <run_address>0x2ae0</run_address>
         <size>0x44</size>
         <alignment>0x4</alignment>
         <input_file_ref idref="fl-21"/>
      </object_component>
      <object_component id="oc-19a">
         <name>.text.ti_sysbios_family_arm_m3_Hwi_construct2</name>
         <load_address>0x2b24</load_address>
         <readonly>true</readonly>
         <executable>true</executable>
         <run_address>0x2b24</run_address>
         <size>0x44</size>
         <alignment>0x4</alignment>
         <input_file_ref idref="fl-5"/>
      </object_component>
      <object_component id="oc-255">
         <name>.text.ti_sysbios_family_arm_m3_Hwi_disableInterrupt</name>
         <load_address>0x2b68</load_address>
         <readonly>true</readonly>
         <executable>true</executable>
         <run_address>0x2b68</run_address>
         <size>0x44</size>
         <alignment>0x4</alignment>
         <input_file_ref idref="fl-5"/>
      </object_component>
      <object_component id="oc-260">
         <name>.text.ti_sysbios_family_arm_m3_Hwi_enableInterrupt</name>
         <load_address>0x2bac</load_address>
         <readonly>true</readonly>
         <executable>true</executable>
         <run_address>0x2bac</run_address>
         <size>0x44</size>
         <alignment>0x4</alignment>
         <input_file_ref idref="fl-5"/>
      </object_component>
      <object_component id="oc-180">
         <name>.text.ti_sysbios_knl_Swi_restore</name>
         <load_address>0x2bf0</load_address>
         <readonly>true</readonly>
         <executable>true</executable>
         <run_address>0x2bf0</run_address>
         <size>0x44</size>
         <alignment>0x4</alignment>
         <input_file_ref idref="fl-5"/>
      </object_component>
      <object_component id="oc-f9">
         <name>.text.ti_sysbios_knl_Task_create</name>
         <load_address>0x2c34</load_address>
         <readonly>true</readonly>
         <executable>true</executable>
         <run_address>0x2c34</run_address>
         <size>0x44</size>
         <alignment>0x4</alignment>
         <input_file_ref idref="fl-5"/>
      </object_component>
      <object_component id="oc-144">
         <name>.text.PowerCC26X2_RCOSC_clockFunc</name>
         <load_address>0x2c78</load_address>
         <readonly>true</readonly>
         <executable>true</executable>
         <run_address>0x2c78</run_address>
         <size>0x40</size>
         <alignment>0x4</alignment>
         <input_file_ref idref="fl-19"/>
      </object_component>
      <object_component id="oc-211">
         <name>.text.PowerCC26X2_setAclkRefSrc</name>
         <load_address>0x2cb8</load_address>
         <readonly>true</readonly>
         <executable>true</executable>
         <run_address>0x2cb8</run_address>
         <size>0x40</size>
         <alignment>0x4</alignment>
         <input_file_ref idref="fl-1c"/>
      </object_component>
      <object_component id="oc-1ec">
         <name>.text.ti_sysbios_heaps_HeapMem_getStats</name>
         <load_address>0x2cf8</load_address>
         <readonly>true</readonly>
         <executable>true</executable>
         <run_address>0x2cf8</run_address>
         <size>0x40</size>
         <alignment>0x4</alignment>
         <input_file_ref idref="fl-5"/>
      </object_component>
      <object_component id="oc-205">
         <name>.text.ti_sysbios_knl_Clock_getTicksUntilInterrupt</name>
         <load_address>0x2d38</load_address>
         <readonly>true</readonly>
         <executable>true</executable>
         <run_address>0x2d38</run_address>
         <size>0x40</size>
         <alignment>0x4</alignment>
         <input_file_ref idref="fl-5"/>
      </object_component>
      <object_component id="oc-24d">
         <name>.text.ti_sysbios_knl_Task_exit</name>
         <load_address>0x2d78</load_address>
         <readonly>true</readonly>
         <executable>true</executable>
         <run_address>0x2d78</run_address>
         <size>0x40</size>
         <alignment>0x4</alignment>
         <input_file_ref idref="fl-5"/>
      </object_component>
      <object_component id="oc-15f">
         <name>.text.GPIO_resetConfig</name>
         <load_address>0x2db8</load_address>
         <readonly>true</readonly>
         <executable>true</executable>
         <run_address>0x2db8</run_address>
         <size>0x3c</size>
         <alignment>0x4</alignment>
         <input_file_ref idref="fl-16"/>
      </object_component>
      <object_component id="oc-13d">
         <name>.text.HwiP_construct</name>
         <load_address>0x2df4</load_address>
         <readonly>true</readonly>
         <executable>true</executable>
         <run_address>0x2df4</run_address>
         <size>0x3c</size>
         <alignment>0x4</alignment>
         <input_file_ref idref="fl-5"/>
      </object_component>
      <object_component id="oc-20d">
         <name>.text.NOROM_OSC_HPOSCRelativeFrequencyOffsetGet</name>
         <load_address>0x2e30</load_address>
         <readonly>true</readonly>
         <executable>true</executable>
         <run_address>0x2e30</run_address>
         <size>0x3c</size>
         <alignment>0x4</alignment>
         <input_file_ref idref="fl-20"/>
      </object_component>
      <object_component id="oc-210">
         <name>.text.PowerCC26X2_setTdcClkSrc24M</name>
         <load_address>0x2e6c</load_address>
         <readonly>true</readonly>
         <executable>true</executable>
         <run_address>0x2e6c</run_address>
         <size>0x3c</size>
         <alignment>0x4</alignment>
         <input_file_ref idref="fl-1c"/>
      </object_component>
      <object_component id="oc-22c">
         <name>.text.ti_sysbios_family_arm_cc26xx_Timer_periodicStub</name>
         <load_address>0x2ea8</load_address>
         <readonly>true</readonly>
         <executable>true</executable>
         <run_address>0x2ea8</run_address>
         <size>0x3c</size>
         <alignment>0x4</alignment>
         <input_file_ref idref="fl-5"/>
      </object_component>
      <object_component id="oc-250">
         <name>.text.ti_sysbios_family_arm_cc26xx_Timer_setThreshold</name>
         <load_address>0x2ee4</load_address>
         <readonly>true</readonly>
         <executable>true</executable>
         <run_address>0x2ee4</run_address>
         <size>0x3c</size>
         <alignment>0x4</alignment>
         <input_file_ref idref="fl-5"/>
      </object_component>
      <object_component id="oc-187">
         <name>.text.ti_sysbios_heaps_HeapMem_construct</name>
         <load_address>0x2f20</load_address>
         <readonly>true</readonly>
         <executable>true</executable>
         <run_address>0x2f20</run_address>
         <size>0x3c</size>
         <alignment>0x4</alignment>
         <input_file_ref idref="fl-5"/>
      </object_component>
      <object_component id="oc-18a">
         <name>.text.ti_sysbios_knl_ClockSupport_init</name>
         <load_address>0x2f5c</load_address>
         <readonly>true</readonly>
         <executable>true</executable>
         <run_address>0x2f5c</run_address>
         <size>0x3c</size>
         <alignment>0x4</alignment>
         <input_file_ref idref="fl-5"/>
      </object_component>
      <object_component id="oc-171">
         <name>.text.ti_sysbios_knl_Task_blockI</name>
         <load_address>0x2f98</load_address>
         <readonly>true</readonly>
         <executable>true</executable>
         <run_address>0x2f98</run_address>
         <size>0x3c</size>
         <alignment>0x4</alignment>
         <input_file_ref idref="fl-5"/>
      </object_component>
      <object_component id="oc-16a">
         <name>.text.ti_sysbios_knl_Task_restore</name>
         <load_address>0x2fd4</load_address>
         <readonly>true</readonly>
         <executable>true</executable>
         <run_address>0x2fd4</run_address>
         <size>0x3c</size>
         <alignment>0x4</alignment>
         <input_file_ref idref="fl-5"/>
      </object_component>
      <object_component id="oc-f7">
         <name>.text.ti_sysbios_runtime_Memory_alloc</name>
         <load_address>0x3010</load_address>
         <readonly>true</readonly>
         <executable>true</executable>
         <run_address>0x3010</run_address>
         <size>0x3c</size>
         <alignment>0x4</alignment>
         <input_file_ref idref="fl-5"/>
      </object_component>
      <object_component id="oc-122">
         <name>.text.InternCapArrayAdjustWithBaseline7001F</name>
         <load_address>0x304c</load_address>
         <readonly>true</readonly>
         <executable>true</executable>
         <run_address>0x304c</run_address>
         <size>0x38</size>
         <alignment>0x4</alignment>
         <input_file_ref idref="fl-20"/>
      </object_component>
      <object_component id="oc-dc">
         <name>.text.NOROM_AUXSYSIFOpModeChange</name>
         <load_address>0x3084</load_address>
         <readonly>true</readonly>
         <executable>true</executable>
         <run_address>0x3084</run_address>
         <size>0x38</size>
         <alignment>0x4</alignment>
         <input_file_ref idref="fl-24"/>
      </object_component>
      <object_component id="oc-238">
         <name>.text.NOROM_OSCHF_SwitchToRcOscTurnOffXosc</name>
         <load_address>0x30bc</load_address>
         <readonly>true</readonly>
         <executable>true</executable>
         <run_address>0x30bc</run_address>
         <size>0x38</size>
         <alignment>0x4</alignment>
         <input_file_ref idref="fl-20"/>
      </object_component>
      <object_component id="oc-23e">
         <name>.text.NOROM_SysCtrlIdle</name>
         <load_address>0x30f4</load_address>
         <readonly>true</readonly>
         <executable>true</executable>
         <run_address>0x30f4</run_address>
         <size>0x38</size>
         <alignment>0x4</alignment>
         <input_file_ref idref="fl-23"/>
      </object_component>
      <object_component id="oc-259">
         <name>.text.OSCHfSourceSwitch</name>
         <load_address>0x312c</load_address>
         <readonly>true</readonly>
         <executable>true</executable>
         <run_address>0x312c</run_address>
         <size>0x38</size>
         <alignment>0x4</alignment>
         <input_file_ref idref="fl-20"/>
      </object_component>
      <object_component id="oc-13f">
         <name>.text.PowerCC26X2_oscDisableQualifiers</name>
         <load_address>0x3164</load_address>
         <readonly>true</readonly>
         <executable>true</executable>
         <run_address>0x3164</run_address>
         <size>0x38</size>
         <alignment>0x4</alignment>
         <input_file_ref idref="fl-1d"/>
      </object_component>
      <object_component id="oc-220">
         <name>.text.ti_sysbios_knl_Task_processVitalTaskFlag</name>
         <load_address>0x319c</load_address>
         <readonly>true</readonly>
         <executable>true</executable>
         <run_address>0x319c</run_address>
         <size>0x38</size>
         <alignment>0x4</alignment>
         <input_file_ref idref="fl-5"/>
      </object_component>
      <object_component id="oc-7a">
         <name>.text:__TI_auto_init_nobinit_nopinit</name>
         <load_address>0x31d4</load_address>
         <readonly>true</readonly>
         <executable>true</executable>
         <run_address>0x31d4</run_address>
         <size>0x38</size>
         <alignment>0x4</alignment>
         <input_file_ref idref="fl-3f"/>
      </object_component>
      <object_component id="oc-1a5">
         <name>.text.PowerCC26X2_setSubSecIncToXoscLf</name>
         <load_address>0x320c</load_address>
         <readonly>true</readonly>
         <executable>true</executable>
         <run_address>0x320c</run_address>
         <size>0x34</size>
         <alignment>0x4</alignment>
         <input_file_ref idref="fl-1d"/>
      </object_component>
      <object_component id="oc-1a7">
         <name>.text.Power_releaseConstraint</name>
         <load_address>0x3240</load_address>
         <readonly>true</readonly>
         <executable>true</executable>
         <run_address>0x3240</run_address>
         <size>0x34</size>
         <alignment>0x4</alignment>
         <input_file_ref idref="fl-18"/>
      </object_component>
      <object_component id="oc-253">
         <name>.text._pthread_cleanupFxn</name>
         <load_address>0x3274</load_address>
         <readonly>true</readonly>
         <executable>true</executable>
         <run_address>0x3274</run_address>
         <size>0x34</size>
         <alignment>0x4</alignment>
         <input_file_ref idref="fl-5"/>
      </object_component>
      <object_component id="oc-185">
         <name>.text.ti_sysbios_family_arm_m3_Hwi_getStackInfo</name>
         <load_address>0x32a8</load_address>
         <readonly>true</readonly>
         <executable>true</executable>
         <run_address>0x32a8</run_address>
         <size>0x34</size>
         <alignment>0x4</alignment>
         <input_file_ref idref="fl-5"/>
      </object_component>
      <object_component id="oc-130">
         <name>.text.ti_sysbios_family_arm_m3_Hwi_init</name>
         <load_address>0x32dc</load_address>
         <readonly>true</readonly>
         <executable>true</executable>
         <run_address>0x32dc</run_address>
         <size>0x34</size>
         <alignment>0x4</alignment>
         <input_file_ref idref="fl-5"/>
      </object_component>
      <object_component id="oc-198">
         <name>.text.ti_sysbios_knl_Clock_Instance_init</name>
         <load_address>0x3310</load_address>
         <readonly>true</readonly>
         <executable>true</executable>
         <run_address>0x3310</run_address>
         <size>0x34</size>
         <alignment>0x4</alignment>
         <input_file_ref idref="fl-5"/>
      </object_component>
      <object_component id="oc-1dc">
         <name>.text.ti_sysbios_knl_Task_unblockI</name>
         <load_address>0x3344</load_address>
         <readonly>true</readonly>
         <executable>true</executable>
         <run_address>0x3344</run_address>
         <size>0x34</size>
         <alignment>0x4</alignment>
         <input_file_ref idref="fl-5"/>
      </object_component>
      <object_component id="oc-165">
         <name>.text.ti_sysbios_runtime_Error_raiseX</name>
         <load_address>0x3378</load_address>
         <readonly>true</readonly>
         <executable>true</executable>
         <run_address>0x3378</run_address>
         <size>0x34</size>
         <alignment>0x4</alignment>
         <input_file_ref idref="fl-5"/>
      </object_component>
      <object_component id="oc-29">
         <name>.text:_c_int00</name>
         <load_address>0x33ac</load_address>
         <readonly>true</readonly>
         <executable>true</executable>
         <run_address>0x33ac</run_address>
         <size>0x34</size>
         <alignment>0x4</alignment>
         <input_file_ref idref="fl-29"/>
      </object_component>
      <object_component id="oc-24e">
         <name>.text.ti_sysbios_knl_Semaphore_pendTimeout</name>
         <load_address>0x33e0</load_address>
         <readonly>true</readonly>
         <executable>true</executable>
         <run_address>0x33e0</run_address>
         <size>0x32</size>
         <alignment>0x2</alignment>
         <input_file_ref idref="fl-5"/>
      </object_component>
      <object_component id="oc-22f">
         <name>.text.__aeabi_ldiv0</name>
         <load_address>0x3412</load_address>
         <readonly>true</readonly>
         <executable>true</executable>
         <run_address>0x3412</run_address>
         <size>0x2</size>
         <alignment>0x2</alignment>
         <input_file_ref idref="fl-d9"/>
      </object_component>
      <object_component id="oc-15d">
         <name>.text.Board_wakeUpExtFlash</name>
         <load_address>0x3414</load_address>
         <readonly>true</readonly>
         <executable>true</executable>
         <run_address>0x3414</run_address>
         <size>0x30</size>
         <alignment>0x4</alignment>
         <input_file_ref idref="fl-4"/>
      </object_component>
      <object_component id="oc-139">
         <name>.text.ClockP_construct</name>
         <load_address>0x3444</load_address>
         <readonly>true</readonly>
         <executable>true</executable>
         <run_address>0x3444</run_address>
         <size>0x30</size>
         <alignment>0x4</alignment>
         <input_file_ref idref="fl-5"/>
      </object_component>
      <object_component id="oc-13e">
         <name>.text.Power_setConstraint</name>
         <load_address>0x3474</load_address>
         <readonly>true</readonly>
         <executable>true</executable>
         <run_address>0x3474</run_address>
         <size>0x30</size>
         <alignment>0x4</alignment>
         <input_file_ref idref="fl-18"/>
      </object_component>
      <object_component id="oc-121">
         <name>.text.SpecialCapArrayWorkaroundEnabledAndNeeded</name>
         <load_address>0x34a4</load_address>
         <readonly>true</readonly>
         <executable>true</executable>
         <run_address>0x34a4</run_address>
         <size>0x30</size>
         <alignment>0x4</alignment>
         <input_file_ref idref="fl-20"/>
      </object_component>
      <object_component id="oc-1a8">
         <name>.text.notify</name>
         <load_address>0x34d4</load_address>
         <readonly>true</readonly>
         <executable>true</executable>
         <run_address>0x34d4</run_address>
         <size>0x30</size>
         <alignment>0x4</alignment>
         <input_file_ref idref="fl-18"/>
      </object_component>
      <object_component id="oc-99">
         <name>.text.ti_sysbios_family_arm_m3_Hwi_excHandlerMin</name>
         <load_address>0x3504</load_address>
         <readonly>true</readonly>
         <executable>true</executable>
         <run_address>0x3504</run_address>
         <size>0x30</size>
         <alignment>0x4</alignment>
         <input_file_ref idref="fl-5"/>
      </object_component>
      <object_component id="oc-1ee">
         <name>.text.ti_sysbios_heaps_HeapMem_free</name>
         <load_address>0x3534</load_address>
         <readonly>true</readonly>
         <executable>true</executable>
         <run_address>0x3534</run_address>
         <size>0x30</size>
         <alignment>0x4</alignment>
         <input_file_ref idref="fl-5"/>
      </object_component>
      <object_component id="oc-24a">
         <name>.text.ti_sysbios_knl_TaskSupport_start</name>
         <load_address>0x3564</load_address>
         <readonly>true</readonly>
         <executable>true</executable>
         <run_address>0x3564</run_address>
         <size>0x30</size>
         <alignment>0x2</alignment>
         <input_file_ref idref="fl-5"/>
      </object_component>
      <object_component id="oc-112">
         <name>.text.ti_sysbios_runtime_System_atexit</name>
         <load_address>0x3594</load_address>
         <readonly>true</readonly>
         <executable>true</executable>
         <run_address>0x3594</run_address>
         <size>0x30</size>
         <alignment>0x4</alignment>
         <input_file_ref idref="fl-5"/>
      </object_component>
      <object_component id="oc-8e">
         <name>.text.ti_sysbios_runtime_System_processAtExit</name>
         <load_address>0x35c4</load_address>
         <readonly>true</readonly>
         <executable>true</executable>
         <run_address>0x35c4</run_address>
         <size>0x30</size>
         <alignment>0x4</alignment>
         <input_file_ref idref="fl-5"/>
      </object_component>
      <object_component id="oc-239">
         <name>.text.PowerCC26XX_schedulerDisable</name>
         <load_address>0x35f4</load_address>
         <readonly>true</readonly>
         <executable>true</executable>
         <run_address>0x35f4</run_address>
         <size>0x2c</size>
         <alignment>0x4</alignment>
         <input_file_ref idref="fl-5"/>
      </object_component>
      <object_component id="oc-fb">
         <name>.text._pthread_delete</name>
         <load_address>0x3620</load_address>
         <readonly>true</readonly>
         <executable>true</executable>
         <run_address>0x3620</run_address>
         <size>0x2c</size>
         <alignment>0x4</alignment>
         <input_file_ref idref="fl-5"/>
      </object_component>
      <object_component id="oc-1e1">
         <name>.text.ti_sysbios_gates_GateMutex_enter</name>
         <load_address>0x364c</load_address>
         <readonly>true</readonly>
         <executable>true</executable>
         <run_address>0x364c</run_address>
         <size>0x2c</size>
         <alignment>0x4</alignment>
         <input_file_ref idref="fl-5"/>
      </object_component>
      <object_component id="oc-1da">
         <name>.text.ti_sysbios_knl_Clock_getTicks</name>
         <load_address>0x3678</load_address>
         <readonly>true</readonly>
         <executable>true</executable>
         <run_address>0x3678</run_address>
         <size>0x2c</size>
         <alignment>0x4</alignment>
         <input_file_ref idref="fl-5"/>
      </object_component>
      <object_component id="oc-9e">
         <name>.text.ti_sysbios_knl_Task_restoreHwi</name>
         <load_address>0x36a4</load_address>
         <readonly>true</readonly>
         <executable>true</executable>
         <run_address>0x36a4</run_address>
         <size>0x2c</size>
         <alignment>0x4</alignment>
         <input_file_ref idref="fl-5"/>
      </object_component>
      <object_component id="oc-24f">
         <name>.text.ti_sysbios_family_arm_cc26xx_Timer_setNextTick</name>
         <load_address>0x36d0</load_address>
         <readonly>true</readonly>
         <executable>true</executable>
         <run_address>0x36d0</run_address>
         <size>0x2a</size>
         <alignment>0x2</alignment>
         <input_file_ref idref="fl-5"/>
      </object_component>
      <object_component id="oc-11b">
         <name>.text.ti_sysbios_knl_Task_allBlockedFunction</name>
         <load_address>0x36fa</load_address>
         <readonly>true</readonly>
         <executable>true</executable>
         <run_address>0x36fa</run_address>
         <size>0x2a</size>
         <alignment>0x2</alignment>
         <input_file_ref idref="fl-5"/>
      </object_component>
      <object_component id="oc-114">
         <name>.text.BIOS_registerRTSLock</name>
         <load_address>0x3724</load_address>
         <readonly>true</readonly>
         <executable>true</executable>
         <run_address>0x3724</run_address>
         <size>0x28</size>
         <alignment>0x4</alignment>
         <input_file_ref idref="fl-5"/>
      </object_component>
      <object_component id="oc-d6">
         <name>.text.NOROM_OSC_CapArrayAdjustWorkaround_Boot</name>
         <load_address>0x374c</load_address>
         <readonly>true</readonly>
         <executable>true</executable>
         <run_address>0x374c</run_address>
         <size>0x28</size>
         <alignment>0x4</alignment>
         <input_file_ref idref="fl-20"/>
      </object_component>
      <object_component id="oc-9f">
         <name>.text.NOROM_ThisLibraryIsFor_CC13x2_CC26x2_HwRev20AndLater_HaltIfViolated</name>
         <load_address>0x3774</load_address>
         <readonly>true</readonly>
         <executable>true</executable>
         <run_address>0x3774</run_address>
         <size>0x28</size>
         <alignment>0x4</alignment>
         <input_file_ref idref="fl-25"/>
      </object_component>
      <object_component id="oc-4a">
         <name>.text.ti_sysbios_family_arm_m3_Hwi_excHandlerAsm</name>
         <load_address>0x379c</load_address>
         <readonly>true</readonly>
         <executable>true</executable>
         <run_address>0x379c</run_address>
         <size>0x28</size>
         <alignment>0x4</alignment>
         <input_file_ref idref="fl-27"/>
      </object_component>
      <object_component id="oc-113">
         <name>.text.ti_sysbios_gates_GateMutex_Instance_init</name>
         <load_address>0x37c4</load_address>
         <readonly>true</readonly>
         <executable>true</executable>
         <run_address>0x37c4</run_address>
         <size>0x28</size>
         <alignment>0x4</alignment>
         <input_file_ref idref="fl-5"/>
      </object_component>
      <object_component id="oc-f8">
         <name>.text.ti_sysbios_knl_Semaphore_Instance_init</name>
         <load_address>0x37ec</load_address>
         <readonly>true</readonly>
         <executable>true</executable>
         <run_address>0x37ec</run_address>
         <size>0x28</size>
         <alignment>0x4</alignment>
         <input_file_ref idref="fl-5"/>
      </object_component>
      <object_component id="oc-12d">
         <name>.text.ti_sysbios_knl_Swi_init</name>
         <load_address>0x3814</load_address>
         <readonly>true</readonly>
         <executable>true</executable>
         <run_address>0x3814</run_address>
         <size>0x28</size>
         <alignment>0x4</alignment>
         <input_file_ref idref="fl-5"/>
      </object_component>
      <object_component id="oc-11c">
         <name>.text.ti_sysbios_knl_TaskSupport_swap</name>
         <load_address>0x383c</load_address>
         <readonly>true</readonly>
         <executable>true</executable>
         <run_address>0x383c</run_address>
         <size>0x28</size>
         <alignment>0x1</alignment>
         <input_file_ref idref="fl-26"/>
      </object_component>
      <object_component id="oc-169">
         <name>.text.ti_sysbios_knl_Task_construct</name>
         <load_address>0x3864</load_address>
         <readonly>true</readonly>
         <executable>true</executable>
         <run_address>0x3864</run_address>
         <size>0x28</size>
         <alignment>0x4</alignment>
         <input_file_ref idref="fl-5"/>
      </object_component>
[...]
         <value>0x200047fc</value>
         <object_component_ref idref="oc-9c"/>
      </symbol>
      <symbol id="sm-2b2">
         <name>ti_sysbios_knl_Swi_Module_state</name>
         <value>0x20004808</value>
         <object_component_ref idref="oc-9c"/>
      </symbol>
      <symbol id="sm-2b3">
         <name>BIOS_Module_state</name>
         <value>0x20004830</value>
         <object_component_ref idref="oc-9a"/>
      </symbol>
      <symbol id="sm-2b4">
         <name>ti_sysbios_family_arm_m3_Hwi_Module_state</name>
         <value>0x2000485c</value>
         <object_component_ref idref="oc-9a"/>
      </symbol>
      <symbol id="sm-2b5">
         <name>__TI_ATRegion0_src_addr</name>
         <value>0x0</value>
      </symbol>
      <symbol id="sm-2b6">
         <name>__TI_ATRegion0_trg_addr</name>
         <value>0x0</value>
      </symbol>
      <symbol id="sm-2b7">
         <name>__TI_ATRegion0_region_sz</name>
         <value>0x0</value>
      </symbol>
      <symbol id="sm-2b8">
         <name>__TI_ATRegion1_src_addr</name>
         <value>0x0</value>
      </symbol>
      <symbol id="sm-2b9">
         <name>__TI_ATRegion1_trg_addr</name>
         <value>0x0</value>
      </symbol>
      <symbol id="sm-2ba">
         <name>__TI_ATRegion1_region_sz</name>
         <value>0x0</value>
      </symbol>
      <symbol id="sm-2bb">
         <name>__TI_ATRegion2_src_addr</name>
         <value>0x0</value>
      </symbol>
      <symbol id="sm-2bc">
         <name>__TI_ATRegion2_trg_addr</name>
         <value>0x0</value>
      </symbol>
      <symbol id="sm-2bd">
         <name>__TI_ATRegion2_region_sz</name>
         <value>0x0</value>
      </symbol>
      <symbol id="sm-2c8">
         <name>GPIO_resetConfig</name>
         <value>0x2db9</value>
         <object_component_ref idref="oc-15f"/>
      </symbol>
      <symbol id="sm-2de">
         <name>GPIO_disableInt</name>
         <value>0x3bc9</value>
         <object_component_ref idref="oc-1d2"/>
      </symbol>
      <symbol id="sm-2df">
         <name>GPIO_setConfig</name>
         <value>0x3f1b</value>
         <object_component_ref idref="oc-fe"/>
      </symbol>
      <symbol id="sm-2e0">
         <name>GPIO_setConfigAndMux</name>
         <value>0x13a1</value>
         <object_component_ref idref="oc-16e"/>
      </symbol>
      <symbol id="sm-2e1">
         <name>GPIO_write</name>
         <value>0x3d39</value>
         <object_component_ref idref="oc-103"/>
      </symbol>
      <symbol id="sm-2e2">
         <name>GPIO_toggle</name>
         <value>0x3c89</value>
         <object_component_ref idref="oc-105"/>
      </symbol>
      <symbol id="sm-327">
         <name>Power_releaseConstraint</name>
         <value>0x3241</value>
         <object_component_ref idref="oc-1a7"/>
      </symbol>
      <symbol id="sm-328">
         <name>Power_setConstraint</name>
         <value>0x3475</value>
         <object_component_ref idref="oc-13e"/>
      </symbol>
      <symbol id="sm-329">
         <name>PowerCC26X2_module</name>
         <value>0x200045d0</value>
         <object_component_ref idref="oc-140"/>
      </symbol>
      <symbol id="sm-32a">
         <name>Power_getConstraintMask</name>
         <value>0x3e85</value>
         <object_component_ref idref="oc-204"/>
      </symbol>
      <symbol id="sm-32b">
         <name>Power_getTransitionLatency</name>
         <value>0x3b11</value>
         <object_component_ref idref="oc-206"/>
      </symbol>
      <symbol id="sm-32c">
         <name>Power_idleFunc</name>
         <value>0x3bf9</value>
         <object_component_ref idref="oc-254"/>
      </symbol>
      <symbol id="sm-32d">
         <name>Power_init</name>
         <value>0x7c5</value>
         <object_component_ref idref="oc-e4"/>
      </symbol>
      <symbol id="sm-32e">
         <name>Power_releaseDependency</name>
         <value>0x1711</value>
         <object_component_ref idref="oc-212"/>
      </symbol>
      <symbol id="sm-32f">
         <name>resourceDB</name>
         <value>0x4260</value>
         <object_component_ref idref="oc-1c9"/>
      </symbol>
      <symbol id="sm-330">
         <name>Power_setDependency</name>
         <value>0x1501</value>
         <object_component_ref idref="oc-153"/>
      </symbol>
      <symbol id="sm-331">
         <name>Power_sleep</name>
         <value>0x431</value>
         <object_component_ref idref="oc-207"/>
      </symbol>
      <symbol id="sm-332">
         <name>PowerCC26XX_calibrate</name>
         <value>0x3be1</value>
         <object_component_ref idref="oc-1a0"/>
      </symbol>
      <symbol id="sm-348">
         <name>PowerCC26X2_initiateCalibration</name>
         <value>0x21a5</value>
         <object_component_ref idref="oc-20a"/>
      </symbol>
      <symbol id="sm-349">
         <name>PowerCC26X2_auxISR</name>
         <value>0x29d</value>
         <object_component_ref idref="oc-14b"/>
      </symbol>
      <symbol id="sm-34a">
         <name>PowerCC26X2_calibrate</name>
         <value>0x8dd</value>
         <object_component_ref idref="oc-1b7"/>
      </symbol>
      <symbol id="sm-34b">
         <name>PowerCC26X2_RCOSC_clockFunc</name>
         <value>0x2c79</value>
         <object_component_ref idref="oc-144"/>
      </symbol>
      <symbol id="sm-35e">
         <name>GPIO_hwiIntFxn</name>
         <value>0x2a59</value>
         <object_component_ref idref="oc-158"/>
      </symbol>
      <symbol id="sm-35f">
         <name>GPIO_init</name>
         <value>0x9e9</value>
         <object_component_ref idref="oc-eb"/>
      </symbol>
      <symbol id="sm-385">
         <name>PowerCC26X2_updateSubSecInc</name>
         <value>0x1c79</value>
         <object_component_ref idref="oc-1aa"/>
      </symbol>
      <symbol id="sm-386">
         <name>PowerCC26X2_readCtrim</name>
         <value>0x3d79</value>
         <object_component_ref idref="oc-1b3"/>
      </symbol>
      <symbol id="sm-387">
         <name>PowerCC26X2_readCtrimFract</name>
         <value>0x3d89</value>
         <object_component_ref idref="oc-1b4"/>
      </symbol>
      <symbol id="sm-388">
         <name>PowerCC26X2_readRtrim</name>
         <value>0x3d99</value>
         <object_component_ref idref="oc-1b5"/>
      </symbol>
      <symbol id="sm-389">
         <name>PowerCC26X2_writeCtrim</name>
         <value>0x38fd</value>
         <object_component_ref idref="oc-1b0"/>
      </symbol>
      <symbol id="sm-38a">
         <name>PowerCC26X2_writeCtrimFract</name>
         <value>0x3921</value>
         <object_component_ref idref="oc-1b1"/>
      </symbol>
      <symbol id="sm-38b">
         <name>PowerCC26X2_writeCtrimFractEn</name>
         <value>0x3945</value>
         <object_component_ref idref="oc-1b6"/>
      </symbol>
      <symbol id="sm-38c">
         <name>PowerCC26X2_writeRtrim</name>
         <value>0x3969</value>
         <object_component_ref idref="oc-1b2"/>
      </symbol>
      <symbol id="sm-38d">
         <name>PowerCC26X2_setTdcClkSrc24M</name>
         <value>0x2e6d</value>
         <object_component_ref idref="oc-210"/>
      </symbol>
      <symbol id="sm-38e">
         <name>PowerCC26X2_setAclkRefSrc</name>
         <value>0x2cb9</value>
         <object_component_ref idref="oc-211"/>
      </symbol>
      <symbol id="sm-3c1">
         <name>PowerCC26X2_oscCtlClearXtal</name>
         <value>0x3d59</value>
         <object_component_ref idref="oc-13a"/>
      </symbol>
      <symbol id="sm-3c2">
         <name>PowerCC26X2_prcmEnableCacheRetention</name>
         <value>0x3d69</value>
         <object_component_ref idref="oc-23c"/>
      </symbol>
      <symbol id="sm-3c3">
         <name>PowerCC26X2_oschfSwitchToRcosc</name>
         <value>0x3f53</value>
         <object_component_ref idref="oc-1fe"/>
      </symbol>
      <symbol id="sm-3c4">
         <name>PowerCC26X2_oscClockSourceGet</name>
         <value>0x3e55</value>
         <object_component_ref idref="oc-1a6"/>
      </symbol>
      <symbol id="sm-3c5">
         <name>PowerCC26X2_oscDisableQualifiers</name>
         <value>0x3165</value>
         <object_component_ref idref="oc-13f"/>
      </symbol>
      <symbol id="sm-3c6">
         <name>PowerCC26X2_oschfTrySwitchToXosc</name>
         <value>0x3efd</value>
         <object_component_ref idref="oc-20c"/>
      </symbol>
      <symbol id="sm-3c7">
         <name>PowerCC26X2_enableTCXOQual</name>
         <value>0x3a19</value>
         <object_component_ref idref="oc-1fc"/>
      </symbol>
      <symbol id="sm-3c8">
         <name>PowerCC26X2_disableTCXOQual</name>
         <value>0x39f9</value>
         <object_component_ref idref="oc-200"/>
      </symbol>
      <symbol id="sm-3c9">
         <name>PowerCC26X2_turnOnXosc</name>
         <value>0x3f5b</value>
         <object_component_ref idref="oc-201"/>
      </symbol>
      <symbol id="sm-3ca">
         <name>PowerCC26X2_switchToTCXO</name>
         <value>0x3da9</value>
         <object_component_ref idref="oc-1a1"/>
      </symbol>
      <symbol id="sm-3cb">
         <name>PowerCC26X2_sysCtrlStandby</name>
         <value>0x3ee3</value>
         <object_component_ref idref="oc-23b"/>
      </symbol>
      <symbol id="sm-3cc">
         <name>PowerCC26X2_sysCtrlIdle</name>
         <value>0x3f57</value>
         <object_component_ref idref="oc-208"/>
      </symbol>
      <symbol id="sm-3cd">
         <name>PowerCC26X2_setPeriphDeepSleepEnable</name>
         <value>0x3e61</value>
         <object_component_ref idref="oc-23d"/>
      </symbol>
      <symbol id="sm-3ce">
         <name>PowerCC26X2_sysCtrlGetResetSource</name>
         <value>0x3e6d</value>
         <object_component_ref idref="oc-133"/>
      </symbol>
      <symbol id="sm-3cf">
         <name>PowerCC26X2_setSubSecIncToXoscLf</name>
         <value>0x320d</value>
         <object_component_ref idref="oc-1a5"/>
      </symbol>
      <symbol id="sm-3d0">
         <name>PowerCC26X2_sysCtrlUpdateVoltageRegulator</name>
         <value>0x3e79</value>
         <object_component_ref idref="oc-203"/>
      </symbol>
      <symbol id="sm-3df">
         <name>NOROM_CPUcpsid</name>
         <value>0x3eed</value>
         <object_component_ref idref="oc-202"/>
      </symbol>
      <symbol id="sm-3e0">
         <name>NOROM_CPUcpsie</name>
         <value>0x3ef5</value>
         <object_component_ref idref="oc-209"/>
      </symbol>
      <symbol id="sm-3e1">
         <name>NOROM_CPUdelay</name>
         <value>0x3f27</value>
         <object_component_ref idref="oc-1cd"/>
      </symbol>
      <symbol id="sm-41d">
         <name>NOROM_OSCHF_TurnOnXosc</name>
         <value>0x38d9</value>
         <object_component_ref idref="oc-20b"/>
      </symbol>
      <symbol id="sm-41e">
         <name>NOROM_OSCHF_AttemptToSwitchToXosc</name>
         <value>0x2141</value>
         <object_component_ref idref="oc-245"/>
      </symbol>
      <symbol id="sm-41f">
         <name>NOROM_OSCHF_SwitchToRcOscTurnOffXosc</name>
         <value>0x30bd</value>
         <object_component_ref idref="oc-238"/>
      </symbol>
      <symbol id="sm-420">
         <name>NOROM_OSC_CapArrayAdjustWorkaround_Boot</name>
         <value>0x374d</value>
         <object_component_ref idref="oc-d6"/>
      </symbol>
      <symbol id="sm-421">
         <name>NOROM_OSC_HPOSCInitializeFrequencyOffsetParameters</name>
         <value>0x1451</value>
         <object_component_ref idref="oc-ea"/>
      </symbol>
      <symbol id="sm-422">
         <name>_hposcCoeffs</name>
         <value>0x20004960</value>
         <object_component_ref idref="oc-1c2"/>
      </symbol>
      <symbol id="sm-423">
         <name>NOROM_OSC_HPOSCRelativeFrequencyOffsetGet</name>
         <value>0x2e31</value>
         <object_component_ref idref="oc-20d"/>
      </symbol>
      <symbol id="sm-431">
         <name>NOROM_PRCMPowerDomainsAllOff</name>
         <value>0x2a9d</value>
         <object_component_ref idref="oc-246"/>
      </symbol>
      <symbol id="sm-432">
         <name>NOROM_PRCMPowerDomainsAllOn</name>
         <value>0x2ae1</value>
         <object_component_ref idref="oc-1c3"/>
      </symbol>
      <symbol id="sm-441">
         <name>NOROM_SetupTrimDevice</name>
         <value>0xe5d</value>
         <object_component_ref idref="oc-74"/>
      </symbol>
      <symbol id="sm-452">
         <name>NOROM_SysCtrlIdle</name>
         <value>0x30f5</value>
         <object_component_ref idref="oc-23e"/>
      </symbol>
      <symbol id="sm-453">
         <name>NOROM_SysCtrlStandby</name>
         <value>0xbcd</value>
         <object_component_ref idref="oc-25c"/>
      </symbol>
      <symbol id="sm-454">
         <name>NOROM_SysCtrlSetRechargeBeforePowerDown</name>
         <value>0x1b11</value>
         <object_component_ref idref="oc-261"/>
      </symbol>
      <symbol id="sm-461">
         <name>NOROM_AUXSYSIFOpModeChange</name>
         <value>0x3085</value>
         <object_component_ref idref="oc-dc"/>
      </symbol>
      <symbol id="sm-46f">
         <name>NOROM_ChipInfo_GetHwRevision</name>
         <value>0x2781</value>
         <object_component_ref idref="oc-d3"/>
      </symbol>
      <symbol id="sm-470">
         <name>NOROM_ThisLibraryIsFor_CC13x2_CC26x2_HwRev20AndLater_HaltIfViolated</name>
         <value>0x3775</value>
         <object_component_ref idref="oc-9f"/>
      </symbol>
      <symbol id="sm-479">
         <name>ti_sysbios_knl_TaskSupport_swap</name>
         <value>0x383d</value>
         <object_component_ref idref="oc-11c"/>
      </symbol>
      <symbol id="sm-47a">
         <name>ti_sysbios_knl_TaskSupport_glue</name>
         <value>0x3c41</value>
         <object_component_ref idref="oc-262"/>
      </symbol>
      <symbol id="sm-47b">
         <name>ti_sysbios_knl_TaskSupport_swapReturn</name>
         <value>0x3848</value>
         <object_component_ref idref="oc-11c"/>
      </symbol>
      <symbol id="sm-490">
         <name>ti_sysbios_family_arm_m3_Hwi_dispatch</name>
         <value>0x6a9</value>
         <object_component_ref idref="oc-4f"/>
      </symbol>
      <symbol id="sm-491">
         <name>ti_sysbios_family_arm_m3_Hwi_pendSV</name>
         <value>0x785</value>
         <object_component_ref idref="oc-4f"/>
      </symbol>
      <symbol id="sm-492">
         <name>ti_sysbios_family_arm_m3_Hwi_excHandlerAsm</name>
         <value>0x379d</value>
         <object_component_ref idref="oc-4a"/>
      </symbol>
      <symbol id="sm-493">
         <name>ti_sysbios_family_arm_m3_Hwi_return</name>
         <value>0x7a8</value>
         <object_component_ref idref="oc-4f"/>
      </symbol>
      <symbol id="sm-494">
         <name>ti_sysbios_family_arm_m3_Hwi_interruptsAreDisabledButShouldNotBe</name>
         <value>0x780</value>
         <object_component_ref idref="oc-4f"/>
      </symbol>
      <symbol id="sm-4a1">
         <name>ti_sysbios_family_arm_m3_Hwi_switchAndRunFunc</name>
         <value>0x3ad7</value>
         <object_component_ref idref="oc-224"/>
      </symbol>
      <symbol id="sm-4a2">
         <name>ti_sysbios_family_arm_m3_Hwi_initStacks</name>
         <value>0x2501</value>
         <object_component_ref idref="oc-1e4"/>
      </symbol>
      <symbol id="sm-4ab">
         <name>_c_int00</name>
         <value>0x33ad</value>
         <object_component_ref idref="oc-29"/>
      </symbol>
      <symbol id="sm-4ac">
         <name>__stack</name>
         <value>0x20013a00</value>
         <object_component_ref idref="oc-46"/>
      </symbol>
      <symbol id="sm-4bd">
         <name>_nop</name>
         <value>0x3c87</value>
         <object_component_ref idref="oc-182"/>
      </symbol>
      <symbol id="sm-4be">
         <name>_register_lock</name>
         <value>0x3e91</value>
         <object_component_ref idref="oc-178"/>
      </symbol>
      <symbol id="sm-4bf">
         <name>_lock</name>
         <value>0x2000498c</value>
         <object_component_ref idref="oc-1dd"/>
      </symbol>
      <symbol id="sm-4c0">
         <name>_register_unlock</name>
         <value>0x3e9d</value>
         <object_component_ref idref="oc-17d"/>
      </symbol>
      <symbol id="sm-4c1">
         <name>_unlock</name>
         <value>0x20004990</value>
         <object_component_ref idref="oc-1e0"/>
      </symbol>
      <symbol id="sm-4cb">
         <name>_args_main</name>
         <value>0x3cc5</value>
         <object_component_ref idref="oc-55"/>
      </symbol>
      <symbol id="sm-4d8">
         <name>__TI_auto_init_nobinit_nopinit</name>
         <value>0x31d5</value>
         <object_component_ref idref="oc-7a"/>
      </symbol>
      <symbol id="sm-4e3">
         <name>__TI_zero_init</name>
         <value>0x3dd9</value>
         <object_component_ref idref="oc-6d"/>
      </symbol>
      <symbol id="sm-4ec">
         <name>__TI_decompress_none</name>
         <value>0x3e21</value>
         <object_component_ref idref="oc-35"/>
      </symbol>
      <symbol id="sm-4f6">
         <name>__TI_decompress_lzss</name>
         <value>0x1f21</value>
         <object_component_ref idref="oc-31"/>
      </symbol>
      <symbol id="sm-51a">
         <name>__aeabi_lasr</name>
         <value>0x3ab9</value>
         <object_component_ref idref="oc-1bc"/>
      </symbol>
      <symbol id="sm-51b">
         <name>__ashrdi3</name>
         <value>0x3ab9</value>
         <object_component_ref idref="oc-1bc"/>
      </symbol>
      <symbol id="sm-521">
         <name>__aeabi_ldivmod</name>
         <value>0x3c9d</value>
         <object_component_ref idref="oc-1b8"/>
      </symbol>
      <symbol id="sm-527">
         <name>__aeabi_memcpy</name>
         <value>0x3f65</value>
         <object_component_ref idref="oc-60"/>
      </symbol>
      <symbol id="sm-528">
         <name>__aeabi_memcpy4</name>
         <value>0x3f65</value>
         <object_component_ref idref="oc-60"/>
      </symbol>
      <symbol id="sm-529">
         <name>__aeabi_memcpy8</name>
         <value>0x3f65</value>
         <object_component_ref idref="oc-60"/>
      </symbol>
      <symbol id="sm-530">
         <name>__aeabi_memclr</name>
         <value>0x3f05</value>
         <object_component_ref idref="oc-94"/>
      </symbol>
      <symbol id="sm-531">
         <name>__aeabi_memclr4</name>
         <value>0x3f05</value>
         <object_component_ref idref="oc-94"/>
      </symbol>
      <symbol id="sm-532">
         <name>__aeabi_memclr8</name>
         <value>0x3f05</value>
         <object_component_ref idref="oc-94"/>
      </symbol>
      <symbol id="sm-538">
         <name>__aeabi_uldivmod</name>
         <value>0x3cb1</value>
         <object_component_ref idref="oc-18b"/>
      </symbol>
      <symbol id="sm-53e">
         <name>__udivmoddi4</name>
         <value>0x1661</value>
         <object_component_ref idref="oc-1f3"/>
      </symbol>
      <symbol id="sm-548">
         <name>__divmoddi4</name>
         <value>0x23f1</value>
         <object_component_ref idref="oc-213"/>
      </symbol>
      <symbol id="sm-552">
         <name>__aeabi_ldiv0</name>
         <value>0x3413</value>
         <object_component_ref idref="oc-22f"/>
      </symbol>
      <symbol id="sm-55b">
         <name>TI_memcpy_small</name>
         <value>0x3d25</value>
         <object_component_ref idref="oc-c1"/>
      </symbol>
      <symbol id="sm-563">
         <name>TI_memset_small</name>
         <value>0x3e13</value>
         <object_component_ref idref="oc-10c"/>
      </symbol>
      <symbol id="sm-564">
         <name>__TI_static_base__</name>
         <value>0x0</value>
      </symbol>
      <symbol id="sm-567">
         <name>ITM_flush</name>
         <value>0x0</value>
      </symbol>
      <symbol id="sm-568">
         <name>ITM_restore</name>
         <value>0x0</value>
      </symbol>
      <symbol id="sm-569">
         <name>__mpu_init</name>
         <value>0x0</value>
      </symbol>
   </symbol_table>
   <title>Link successful</title>
</link_info>
