******************************************************************************
            TI ARM Clang Linker Unix v3.2.2                    
******************************************************************************
>> Linked Sat Jun 21 08:26:16 2025

OUTPUT FILE NAME:   <20250621_zed_sensor.out>
ENTRY POINT SYMBOL: "ResetISR"  address: 00028683


MEMORY CONFIGURATION

         name            origin    length      used     unused   attr    fill
----------------------  --------  ---------  --------  --------  ----  --------
  FLASH                 00000000   00052000  0002b0d6  00026f2a  R  X
  FLASH_NV              00052000   00004000  00004000  00000000  RW X
  FLASH_LAST            00056000   00002000  00000058  00001fa8  R  X
  GPRAM                 11000000   00002000  00000000  00002000  RW X
  SRAM                  20000000   00014000  00005249  0000edb7  RW X
  LOG_DATA              90000000   00040000  00000000  00040000  R   


SEGMENT ALLOCATION MAP

run origin  load origin   length   init length attrs members
----------  ----------- ---------- ----------- ----- -------
00000000    00000000    0002acf8   0002acf8    r-x
  00000000    00000000    0000003c   0000003c    r-- .resetVecs
  0000003c    0000003c    00028710   00028710    r-x .text
  00028750    00028750    000024d6   000024d6    r-- .rodata
  0002ac28    0002ac28    000000d0   000000d0    r-- config_const
0002acf8    0002acf8    00000008   00000008    rw-
  0002acf8    0002acf8    00000008   00000008    rw- .args
0002ad00    0002ad00    000003dc   000003dc    r--
  0002ad00    0002ad00    000003dc   000003dc    r-- .cinit
00052000    00052000    00004000   00000000    rw-
  00052000    00052000    00004000   00000000    rw- .TI.bound:flashBuf0
00057fa8    00057fa8    00000058   00000058    r--
  00057fa8    00057fa8    00000058   00000058    r-- .ccfg
2000010c    2000010c    00000010   00000000    rw-
  2000010c    2000010c    00000010   00000000    rw- .data:RAM_MAC_BASE_ADDR
20001810    20001810    00000040   00000000    rw-
  20001810    20001810    00000010   00000000    rw- .TI.bound:dmaUart0RxControlTableEntry
  20001820    20001820    00000010   00000000    rw- .TI.bound:dmaUart0TxControlTableEntry
  20001830    20001830    00000010   00000000    rw- .TI.bound:dmaSpi0RxControlTableEntry
  20001840    20001840    00000010   00000000    rw- .TI.bound:dmaSpi0TxControlTableEntry
20001a30    20001a30    00000020   00000000    rw-
  20001a30    20001a30    00000010   00000000    rw- .TI.bound:dmaSpi0RxAltControlTableEntry
  20001a40    20001a40    00000010   00000000    rw- .TI.bound:dmaSpi0TxAltControlTableEntry
20001b00    20001b00    00004dd9   00000000    rw-
  20001b00    20001b00    000000d8   00000000    rw- .ramVecs
  20001bd8    20001bd8    00000dfb   00000000    rw- .data
  200029d8    200029d8    00003f01   00000000    rw- .bss
20013c00    20013c00    00000400   00000000    rw-
  20013c00    20013c00    00000400   00000000    rw- .stack


SECTION ALLOCATION MAP

 output                                  attributes/
section   page    origin      length       input sections
--------  ----  ----------  ----------   ----------------
.resetVecs 
*          0    00000000    0000003c     
                  00000000    0000003c     ti_sysbios_config.o (.resetVecs)

.text      0    0000003c    00028710     
                  0000003c    000018ac     zstacktask.o (.text.appMsg)
                  000018e8    00000634     bdb.o (.text.bdb_event_loop)
                  00001f1c    0000055c     maclib_nosecure_cc26x2_2_4g_tirtos7.a : mac_rx.c.o (.text.macRxFrameIsr)
                  00002478    00000490     rf_multiMode_cc26x2.a : RFCC26X2_multiMode.c.cc26x2.ticlang.o (.text.RF_fsmActiveState)
                  00002908    000003d4     zcl_general.o (.text.zclGeneral_HdlIncoming)
                  00002cdc    000003b4     libZStack_nwk_zed.a : nwk.o (.text.nwk_data_ind_processing)
                  00003090    000003b0                         : aps_frag.o (.text.APSF_ProcessEvent)
                  00003440    0000036c     zstacktask.o (.text.ZStackTaskProcessEvent)
                  000037ac    00000364     bdb.o (.text.bdb_reportCommissioningState)
                  00003b10    000002ec     zcl_sampletemperaturesensor.o (.text.sampleApp_task)
                  00003dfc    000002d4     cui.o (.text.CUI_processMenuUpdate)
                  000040d0    000002c8     drivers_cc26x2.a : SPICC26X2DMA.c.obj (.text.SPICC26X2DMA_transfer)
                  00004398    000002c8     bdb_reporting.o (.text.bdb_ProcessInConfigReportCmd)
                  00004660    000002b8     zstackstartup.o (.text.stackTaskFxn)
                  00004918    000002ac     libZStack_nwk_zed.a : nwk.o (.text.nwk_event_loop)
                  00004bc4    000002a8     nvocmp.o (.text.NVOCMP_initNvApi)
                  00004e6c    000002a8     rf_multiMode_cc26x2.a : RFCC26X2_multiMode.c.cc26x2.ticlang.o (.text.RF_open)
                  00005114    000002a4     libZStack_nwk_zed.a : aps.o (.text.APS_event_loop)
                  000053b8    00000290     ti_sysbios_config.o (.text.ti_sysbios_runtime_System_doPrint)
                  00005648    00000284     nvocmp.o (.text.NVOCMP_compactPage)
                  000058cc    00000278     bdb_reporting.o (.text.bdb_RepChangedAttrValue)
                  00005b44    00000264     zcl.o (.text.zcl_ProcessMessageMSG)
                  00005da8    00000260     driverlib.lib : osc.c.obj (.text.findHposcCoefficients)
                  00006008    0000025c     libZStack_nwk_zed.a : aps_mede.o (.text.APSME_FrameSecRemoveCM)
                  00006264    0000024c     zmac_cb.o (.text.MAC_CbackEvent)
                  000064b0    0000022c     libZStack_nwk_zed.a : nl_mede_cb.o (.text.NLDE_DataIndication)
                  000066dc    0000021c     zd_object.o (.text.ZDO_ProcessMgmtLqiReq)
                  000068f8    00000214     maclib_nosecure_cc26x2_2_4g_tirtos7.a : mac_radio_tx.c.o (.text.macRadioTxGo)
                  00006b0c    0000020c     zcl_sampleapps_ui.o (.text.uiActionProcessSetInstallCode)
                  00006d18    00000208     zcl.o (.text.zclProcessInWriteUndividedCmd)
                  00006f20    000001f8     maclib_nosecure_cc26x2_2_4g_tirtos7.a : mac_hl_patch.c.o (.text.macTxCompleteCallback)
                  00007118    000001f4     nvocmp.o (.text.NVOCMP_addItem)
                  0000730c    000001f4     maclib_nosecure_cc26x2_2_4g_tirtos7.a : mac.c.o (.text.macSendReceiveCmdIeee)
                  00007500    000001f0     drivers_cc26x2.a : UART2CC26X2.c.obj (.text.UART2CC26X2_hwiIntFxn)
                  000076f0    000001e8     rf_multiMode_cc26x2.a : RFCC26X2_multiMode.c.cc26x2.ticlang.o (.text.RF_scheduleCmd)
                  000078d8    000001e4     zd_object.o (.text.ZDO_ProcessMatchDescReq)
                  00007abc    000001e4     bdb_finding_and_binding.o (.text.bdb_checkMatchingEndpoints)
                  00007ca0    000001dc     rf_multiMode_cc26x2.a : RFCC26X2_multiMode.c.cc26x2.ticlang.o (.text.RF_dispatchNextCmd)
                  00007e7c    000001d8     maclib_nosecure_cc26x2_2_4g_tirtos7.a : mac_radio_tx.c.o (.text.macRadioCsmaTxCb)
                  00008054    000001d4     drivers_cc26x2.a : UART2.c.obj (.text.UART2_readTimeout)
                  00008228    000001d0     libZStack_nwk_zed.a : aps_mede.o (.text.APSDE_DataReq)
                  000083f8    000001c8     af.o (.text.AF_DataRequest)
                  000085c0    000001c8     bdb.o (.text.bdb_StartCommissioning)
                  00008788    000001c4     drivers_cc26x2.a : SPICC26X2DMA.c.obj (.text.SPICC26X2DMA_hwiFxn)
                  0000894c    000001b8     libZStack_nwk_zed.a : aps_mede.o (.text.APSME_FrameSecSetupCM)
                  00008b04    000001b8                         : aps.o (.text.APS_Reflect)
                  00008cbc    000001b8     maclib_nosecure_cc26x2_2_4g_tirtos7.a : mac_rx.c.o (.text.rxPayloadIsr)
                  00008e74    000001b6     libclang_rt.builtins.a : adddf3.S.obj (.text.adddf3_subdf3)
                  0000902a    00000002     ti_sysbios_config.o (.text.BIOS_nullFunc)
                  0000902c    000001b0     zd_sec_mgr.o (.text.ZDSecMgrTransportKeyInd)
                  000091dc    000001b0     libZStack_nwk_zed.a : ssp_hash.o (.text.sspMMOHash)
                  0000938c    000001ac     maclib_nosecure_cc26x2_2_4g_tirtos7.a : mac_hl_patch.c.o (.text.macWrapperDeleteKeyAndAssociatedDevices)
                  00009538    000001a4     zmac.o (.text.ZMacEventLoop)
                  000096dc    000001a0     drivers_cc26x2.a : AESECBCC26XX.c.obj (.text.AESECB_addDataInternal)
                  0000987c    000001a0     maclib_nosecure_cc26x2_2_4g_tirtos7.a : mac_tx.c.o (.text.macTxFrame)
                  00009a1c    0000019c     zd_app.o (.text.ZDApp_ProcessNetworkJoin)
                  00009bb8    00000198     zcl.o (.text.zclProcessInDiscAttrs)
                  00009d50    00000194     drivers_cc26x2.a : PowerCC26X2_calibrateRCOSC.c.obj (.text.PowerCC26X2_auxISR)
                  00009ee4    00000194     binding_table.o (.text.bindAddEntry)
                  0000a078    00000194     zcl_sampleapps_ui.o (.text.uiActionProcessConfigurePanId)
                  0000a20c    00000190     drivers_cc26x2.a : SPICC26X2DMA.c.obj (.text.SPICC26X2DMA_open)
                  0000a39c    00000190     bdb_reporting.o (.text.bdb_RepReport)
                  0000a52c    00000190     bdb_reporting.o (.text.bdb_repAttrBuildClusterEndPointArrayBasedOnConfRecordsArray)
                  0000a6bc    0000018c     drivers_cc26x2.a : UART2CC26X2.c.obj (.text.UART2_open)
                  0000a848    0000018c     bdb_reporting.o (.text.bdb_RepConstructReportingData)
                  0000a9d4    00000188     drivers_cc26x2.a : AESCCMCC26XX.c.obj (.text.AESCCM_startOperation)
                  0000ab5c    00000188     maclib_nosecure_cc26x2_2_4g_tirtos7.a : mac_hl_patch.c.o (.text.macRxBeaconCritical)
                  0000ace4    00000184     cui.o (.text.CUI_registerMenu)
                  0000ae68    0000017c     maclib_nosecure_cc26x2_2_4g_tirtos7.a : mac_hl_patch.c.o (.text.MAC_McpsDataReq)
                  0000afe4    0000017c     af.o (.text.afIncomingData)
                  0000b160    0000017c     zcl.o (.text.zcl_SendCommandEx)
                  0000b2dc    00000178     mac_util.o (.text.Util_ltoa)
                  0000b454    00000174     zcl_sampleapps_ui.o (.text.UI_UpdateBdbStatusLine)
                  0000b5c8    0000016c     drivers_cc26x2.a : UART2.c.obj (.text.UART2_writeTimeoutBlocking)
                  0000b734    0000016c                      : SPICC26X2DMA.c.obj (.text.configNextTransfer)
                  0000b8a0    00000160     libZStack_nwk_zed.a : nwk_util.o (.text.nwk_SetCurrentPollRateType)
                  0000ba00    0000015c     drivers_cc26x2.a : NVSSPI25X.c.obj (.text.NVSSPI25X_write)
                  0000bb5c    0000015c     zcl_sampleapps_ui.o (.text.UI_Init)
                  0000bcb8    00000158     drivers_cc26x2.a : PowerCC26X2.c.obj (.text.Power_sleep)
                  0000be10    00000158     maclib_nosecure_cc26x2_2_4g_tirtos7.a : mac_tx.c.o (.text.txCsmaDelay)
                  0000bf68    00000150     zd_sec_mgr.o (.text.APSME_TCLinkKeyLoad)
                  0000c0b8    00000150     libZStack_nwk_zed.a : nwk_util.o (.text.NLDE_BuildMsg)
                  0000c208    00000150     bdb_reporting.o (.text.bdb_ProcessInReadReportCfgCmd)
                  0000c358    00000150     libZStack_nwk_zed.a : nwk.o (.text.nwk_beacon_notify_ind_processing)
                  0000c4a8    0000014c     rf_multiMode_cc26x2.a : RFCC26X2_multiMode.c.cc26x2.ticlang.o (.text.RF_radioOpDoneCb)
                  0000c5f4    0000014a     zcl.o (.text.zclProcessInWriteCmd)
                  0000c73e    00000002     ti_drivers_config.o (.text.Board_initHook)
                  0000c740    00000144     libZStack_nwk_zed.a : aps.o (.text.APS_DataIndReflect)
                  0000c884    00000144     maclib_nosecure_cc26x2_2_4g_tirtos7.a : mac_hl_patch.c.o (.text.MAC_MlmeResetReq)
                  0000c9c8    00000144     libZStack_nwk_zed.a : nl_mede.o (.text.NLME_ReJoinReq)
                  0000cb0c    0000013c     cui.o (.text.CUI_init)
                  0000cc48    00000138     nvocmp.o (.text.NVOCMP_findItem)
                  0000cd80    00000138     rf_multiMode_cc26x2.a : RFCC26X2_multiMode.c.cc26x2.ticlang.o (.text.RF_abortCmd)
                  0000ceb8    00000138     libZStack_nwk_zed.a : rtg.o (.text.RTG_AddRtgEntry)
                  0000cff0    00000138     zd_object.o (.text.ZDO_ProcessBindUnbindReq)
                  0000d128    00000138     maclib_nosecure_cc26x2_2_4g_tirtos7.a : mac_hl_patch.c.o (.text.macWrapperDeleteAllDevices)
                  0000d260    00000138     libc.a : strtol.c.obj (.text.strtol)
                  0000d398    00000134     drivers_cc26x2.a : Button.c.obj (.text.Button_clockTimeoutHandler)
                  0000d4cc    00000134     rf_multiMode_cc26x2.a : RFCC26X2_multiMode.c.cc26x2.ticlang.o (.text.RF_ratSetupChannel)
                  0000d600    0000012c                           : RFCC26X2_multiMode.c.cc26x2.ticlang.o (.text.RF_close)
                  0000d72c    0000012c     libZStack_nwk_zed.a : ssp.o (.text.SSP_NwkSecurityProc)
                  0000d858    0000012c     drivers_cc26x2.a : TRNGCC26XX.c.obj (.text.TRNGCC26XX_hwiFxn)
                  0000d984    0000012c     maclib_nosecure_cc26x2_2_4g_tirtos7.a : mac_hl_patch.c.o (.text.macScanNextChan)
                  0000dab0    0000012c     zcl.o (.text.zcl_SendReadReportCfgRspCmdEx)
                  0000dbdc    00000128     cui.o (.text.CUI_statusLinePrintf)
                  0000dd04    00000128     libZStack_nwk_zed.a : rtg.o (.text.NLME_RouteDiscoveryRequest)
                  0000de2c    00000128     zd_app.o (.text.ZDOInitDeviceEx)
                  0000df54    00000124     cui.o (.text.CUI_dispMenu)
                  0000e078    00000124     rf_multiMode_cc26x2.a : RFCC26X2_multiMode.c.cc26x2.ticlang.o (.text.RF_fsmSetupState)
                  0000e19c    00000124     mac_settings.o (.text.rfSetConfigIeee)
                  0000e2c0    00000120     zd_sec_mgr.o (.text.APSME_TCLinkKeySync)
                  0000e3e0    00000120     ti_sysbios_config.o (.text.ti_sysbios_family_arm_cc26xx_Timer_construct)
                  0000e500    0000011c     libZStack_nwk_zed.a : aps_mede.o (.text.APSDE_FrameAlloc)
                  0000e61c    0000011c     sysbios.a : Hwi_asm_gcc.s.obj (.text.ti_sysbios_family_arm_m3_Hwi_dispatch)
                  0000e738    00000118     drivers_cc26x2.a : PowerCC26X2.c.obj (.text.Power_init)
                  0000e850    00000118     rf_multiMode_cc26x2.a : RFCC26X2_multiMode.c.cc26x2.ticlang.o (.text.RF_decodeOverridePointers)
                  0000e968    00000118     drivers_cc26x2.a : UART2.c.obj (.text.UART2_writeTimeoutNonblocking)
                  0000ea80    00000118     libZStack_nwk_zed.a : nwk_bufs.o (.text.nwk_MacDataBuffersAdd)
                  0000eb98    00000114                         : aps_frag.o (.text.APSF_SendFragmented)
                  0000ecac    00000114     zd_sec_mgr.o (.text.ZDSecMgrEntryFree)
                  0000edc0    00000114     maclib_nosecure_cc26x2_2_4g_tirtos7.a : mac_radio.c.o (.text.macRadioInitIeee)
                  0000eed4    00000114     zcl.o (.text.zclProcessInReadCmd)
                  0000efe8    00000112     zcl.o (.text.zclParseInConfigReportCmd)
                  0000f0fa    00000002     libZStack_nwk_zed.a : nl_mede.o (.text.NLME_DeviceJoiningInit)
                  0000f0fc    00000110     drivers_cc26x2.a : LED.c.obj (.text.LED_open)
                  0000f20c    0000010c     libZStack_nwk_zed.a : nwk_util.o (.text.NLDE_DataReqSend)
                  0000f318    0000010c     drivers_cc26x2.a : NVSSPI25X.c.obj (.text.NVSSPI25X_open)
                  0000f424    0000010c                      : PowerCC26X2_calibrateRCOSC.c.obj (.text.PowerCC26X2_calibrate)
                  0000f530    00000108     libZStack_nwk_zed.a : aps_mede.o (.text.APSDE_FrameHdrSet)
                  0000f638    00000108     drivers_cc26x2.a : NVSCC26XX.c.obj (.text.NVSCC26XX_write)
                  0000f740    00000108     rf_multiMode_cc26x2.a : RFCC26X2_multiMode.c.cc26x2.ticlang.o (.text.RF_fsmPowerUpState)
                  0000f848    00000108     libZStack_nwk_zed.a : nwk.o (.text.nwk_associate_cnf_processing)
                  0000f950    00000104                         : nl_mede_cb.o (.text.NLDE_DataCnf)
                  0000fa54    00000104     drivers_cc26x2.a : UART2CC26X2.c.obj (.text.UART2CC26X2_initHw)
                  0000fb58    00000104     zd_app.o (.text.ZDO_beaconNotifyIndCB)
                  0000fc5c    00000104     maclib_nosecure_cc26x2_2_4g_tirtos7.a : mac.c.o (.text.macRxCb)
                  0000fd60    00000100     drivers_cc26x2.a : GPIOCC26X2.c.obj (.text.GPIO_init)
                  0000fe60    000000fc     rf_multiMode_cc26x2.a : RFCC26X2_multiMode.c.cc26x2.ticlang.o (.text.RF_hwiCpe0Active)
                  0000ff5c    000000fc     zd_sec_mgr.o (.text.ZDSecMgrEntryInit)
                  00010058    000000fc     drivers_cc26x2.a : SPICC26X2DMA.c.obj (.text.csnCallback)
                  00010154    000000f8     libZStack_nwk_zed.a : nwk_util.o (.text.NLDE_ParseMsg)
                  0001024c    000000f8     zd_profile.o (.text.ZDP_MgmtLqiRsp)
                  00010344    000000f4     cui.o (.text.CUI_statusLineResourceRequest)
                  00010438    000000f4     drivers_cc26x2.a : TRNGCC26XX.c.obj (.text.TRNG_getRandom)
                  0001052c    000000f4     maclib_nosecure_cc26x2_2_4g_tirtos7.a : mac.c.o (.text.macSetupRATChanCompare)
                  00010620    000000f0     drivers_cc26x2.a : UART2CC26X2.c.obj (.text.UART2Support_dmaStartRx)
                  00010710    000000f0     maclib_nosecure_cc26x2_2_4g_tirtos7.a : mac_hl_patch.c.o (.text.macBuildDataFrame)
                  00010800    000000ec     libZStack_nwk_zed.a : addr_mgr.o (.text.AddrMgrEntryUpdate)
                  000108ec    000000ec     zd_sec_mgr.o (.text.ZDSecMgrNwkKeyInit)
                  000109d8    000000ec     zcl.o (.text.zcl_SendReadRsp)
                  00010ac4    000000e8     nwk_globals.o (.text.NIB_init)
                  00010bac    000000e4     libZStack_nwk_zed.a : aps_mede.o (.text.APSME_VerifyKeyReq)
                  00010c90    000000e4     drivers_cc26x2.a : Button.c.obj (.text.Button_open)
                  00010d74    000000e4     libZStack_nwk_zed.a : nwk_util.o (.text.NLME_LeaveCmdProcess)
                  00010e58    000000e4     ti_sysbios_config.o (.text.ti_sysbios_knl_Semaphore_pend)
                  00010f3c    000000e4     maclib_nosecure_cc26x2_2_4g_tirtos7.a : mac_tx.c.o (.text.txComplete)
                  00011020    000000e0     libZStack_nwk_zed.a : aps_mede.o (.text.APSME_AddTCLinkKey)
                  00011100    000000e0                         : nl_mede.o (.text.NLME_NetworkFormationRequest)
                  000111e0    000000e0     driverlib.lib : sys_ctrl.c.obj (.text.NOROM_SysCtrlStandby)
                  000112c0    000000e0     drivers_cc26x2.a : SPICC26X2DMA.c.obj (.text.SPICC26X2DMA_control)
                  000113a0    000000e0     maclib_nosecure_cc26x2_2_4g_tirtos7.a : mac_hl_patch.c.o (.text.macEdScanISR)
                  00011480    000000dc     rf_multiMode_cc26x2.a : RFCC26X2_multiMode.c.cc26x2.ticlang.o (.text.RF_control)
                  0001155c    000000dc     bdb_finding_and_binding.o (.text.bdb_ProcessRespondentList)
                  00011638    000000dc     drivers_cc26x2.a : NVSSPI25X.c.obj (.text.doErase)
                  00011714    000000dc     zd_profile.o (.text.zdpProcessAddrReq)
                  000117f0    000000d8     libZStack_nwk_zed.a : aps_util.o (.text.APSDE_ParseMsg)
                  000118c8    000000d8     zd_app.o (.text.ZDApp_event_loop)
                  000119a0    000000d8     ti_sysbios_config.o (.text.ti_sysbios_family_arm_m3_Hwi_excFillContext)
                  00011a78    000000d8     maclib_nosecure_cc26x2_2_4g_tirtos7.a : mac_tx.c.o (.text.txCsmaPrep)
                  00011b50    000000d8     zcl.o (.text.zclSerializeData)
                  00011c28    000000d4     zd_object.o (.text.ZDO_StartDevice)
                  00011cfc    000000d0     driverlib.lib : aes.c.obj (.text.NOROM_AESWriteToKeyStore)
                  00011dcc    000000d0                   : setup.c.obj (.text.NOROM_SetupTrimDevice)
                  00011e9c    000000d0     bdb.o (.text.bdb_filterNwkDisc)
                  00011f6c    000000d0     drivers_cc26x2.a : PowerCC26X2.c.obj (.text.configureXOSCHF)
                  0001203c    000000d0     maclib_nosecure_cc26x2_2_4g_tirtos7.a : mac_hl_patch.c.o (.text.macApiStartReq)
                  0001210c    000000d0                                           : mac_hl_patch.c.o (.text.macBuildHeaderIes)
                  000121dc    000000d0                                           : mac_symbol_timer.c.o (.text.macSymbolTimerUpdateWakeup)
                  000122ac    000000cc     libZStack_nwk_zed.a : aps_mede_cb.o (.text.APSME_ConfirmKeyInd)
                  00012378    000000cc     zd_profile.o (.text.ZDP_MgmtBindRsp)
                  00012444    000000cc     zd_profile.o (.text.ZDP_SimpleDescMsg)
                  00012510    000000cc     main.o (.text.main)
                  000125dc    000000cc     libZStack_nwk_zed.a : nwk_util.o (.text.nwkNeighborFindRandom)
                  000126a8    000000cc     ti_sysbios_config.o (.text.ti_sysbios_knl_Clock_workFuncDynamic)
                  00012774    000000ca     rf_multiMode_cc26x2.a : RFCC26X2_multiMode.c.cc26x2.ticlang.o (.text.RF_updatePaConfiguration)
                  0001283e    00000002                           : rfc.c.cc26x2.ticlang.o (.text.NOROM_RFCCpePatchReset)
                  00012840    000000c8     osal_port_timers.o (.text.createTimerEntry)
                  00012908    000000c8     maclib_nosecure_cc26x2_2_4g_tirtos7.a : mac_hl_patch.c.o (.text.macAutoPendMaintainSrcMatchTable)
                  000129d0    000000c8                                           : mac_hl_patch.c.o (.text.macMgmtReset)
                  00012a98    000000c8     libZStack_nwk_zed.a : nwk.o (.text.nwk_data_cnf_processing)
                  00012b60    000000c4                         : nl_mede.o (.text.NLME_JoinRequest)
                  00012c24    000000c4                         : nwk_util.o (.text.NLME_RestoreFromNV)
                  00012ce8    000000c4                         : ssp.o (.text.ccmStar)
                  00012dac    000000c4     maclib_nosecure_cc26x2_2_4g_tirtos7.a : mac_duty_cycle.c.o (.text.macDutyCycleNotify)
                  00012e70    000000c4                                           : mac_timer.c.o (.text.macSymbolTimerTriggerCallback)
                  00012f34    000000c4     zcl.o (.text.zclProcessInDiscCmd)
                  00012ff8    000000c2     libZStack_nwk_zed.a : ssp.o (.text.SSP_Process)
                  000130ba    00000002     drivers_cc26x2.a : NVSSPI25X.c.obj (.text.NVSSPI25X_deinitSpiCs)
                  000130bc    000000c0     libZStack_nwk_zed.a : rtg.o (.text.RTG_AddSrcRtgEntry_Guaranteed)
                  0001317c    000000c0     drivers_cc26x2.a : UART2CC26X2.c.obj (.text.UART2Support_dmaStartTx)
                  0001323c    000000c0     zcl_sampleapps_ui.o (.text.UI_UpdateDeviceInfoLine)
                  000132fc    000000c0     zcl.o (.text.zcl_SendReportCmdEx)
                  000133bc    000000bc     rf_multiMode_cc26x2.a : RFCC26X2_multiMode.c.cc26x2.ticlang.o (.text.RF_swiHw)
                  00013478    000000bc     bdb_reporting.o (.text.bdb_RepAddAttrCfgRecordDefaultToList)
                  00013534    000000bc     bdb.o (.text.bdb_rejoinNwk)
                  000135f0    000000bc     maclib_nosecure_cc26x2_2_4g_tirtos7.a : mac_duty_cycle.c.o (.text.macDutyCycleInit)
                  000136ac    000000bc     zstacktask.o (.text.sendNodeDescRspInd)
                  00013768    000000b8     bdb_reporting.o (.text.bdb_RepProcessEvent)
                  00013820    000000b8     maclib_nosecure_cc26x2_2_4g_tirtos7.a : mac_hl_patch.c.o (.text.macDataTxComplete)
                  000138d8    000000b8                                           : mac_tx.c.o (.text.macTxChannelBusyCallback)
                  00013990    000000b8     libZStack_nwk_zed.a : nwk_util.o (.text.nwk_SetConfigPollRate)
                  00013a48    000000b8     ti_sysbios_config.o (.text.ti_sysbios_knl_Task_Instance_finalize)
                  00013b00    000000b8     ti_sysbios_config.o (.text.ti_sysbios_knl_Task_setPri)
                  00013bb8    000000b8     zcl_sampleapps_ui.o (.text.uiActionProcessApplyInstallCode)
                  00013c70    000000b4     cui.o (.text.CUI_assert)
                  00013d24    000000b4     maclib_nosecure_cc26x2_2_4g_tirtos7.a : mac_hl_patch.c.o (.text.MAC_MlmeScanReq)
                  00013dd8    000000b4     libZStack_nwk_zed.a : nwk_util.o (.text.NLME_ProcessEndDevTimeoutRsp)
                  00013e8c    000000b4     ti_sysbios_config.o (.text.PowerCC26XX_standbyPolicy)
                  00013f40    000000b4     zd_app.o (.text.ZDApp_RestoreNwkSecMaterial)
                  00013ff4    000000b4     maclib_nosecure_cc26x2_2_4g_tirtos7.a : mac_hl_patch.c.o (.text.macAutoPendAddSrcMatchTableEntry)
                  000140a8    000000b4                                           : mac_hl_patch.c.o (.text.macBeaconCheckTxTime)
                  0001415c    000000b4     zcl_sampletemperaturesensor.o (.text.zclSampleTemperatureSensor_UiActionChangeTemp)
                  00014210    000000b2     driverlib.lib : osc.c.obj (.text.findHposcPc)
                  000142c2    000000b2     zcl.o (.text.zclParseInReadRspCmd)
                  00014374    000000b2     zcl_port.o (.text.zcl_AF_DataRequest)
                  00014426    00000002     rf_multiMode_cc26x2.a : RFCC26X2_multiMode.c.cc26x2.ticlang.o (.text.RF_defaultCallback)
                  00014428    000000b0     libZStack_nwk_zed.a : aps_mede_cb.o (.text.APSDE_DataIndication)
                  000144d8    000000b0     zd_sec_mgr.o (.text.APSME_TCLinkKeyInit)
                  00014588    000000b0     drivers_cc26x2.a : GPIOCC26XX.c.obj (.text.GPIO_setConfigAndMux)
                  00014638    000000b0     driverlib.lib : osc.c.obj (.text.NOROM_OSC_HPOSCInitializeFrequencyOffsetParameters)
                  000146e8    000000b0     drivers_cc26x2.a : PowerCC26X2.c.obj (.text.Power_setDependency)
                  00014798    000000b0     libZStack_nwk_zed.a : nwk_util.o (.text.RTG_UpdateNeighborEntry)
                  00014848    000000b0     driverlib.lib : setup.c.obj (.text.TrimAfterColdResetWakeupFromShutDown)
                  000148f8    000000b0     zd_profile.o (.text.ZDP_EndDeviceBindReq)
                  000149a8    000000b0     zd_profile.o (.text.ZDP_MatchDescReq)
                  00014a58    000000b0     maclib_nosecure_cc26x2_2_4g_tirtos7.a : mac_hl_patch.c.o (.text.macApiBeaconStartReq)
                  00014b08    000000b0     libclang_rt.builtins.a : udivmoddi4.S.obj (.text)
                  00014bb8    000000ac     libZStack_nwk_zed.a : aps.o (.text.APS_GetBind)
                  00014c64    000000ac     drivers_cc26x2.a : PowerCC26X2.c.obj (.text.Power_releaseDependency)
                  00014d10    000000ac     rf_multiMode_cc26x2.a : RFCC26X2_multiMode.c.cc26x2.ticlang.o (.text.RF_pendCmd)
                  00014dbc    000000ac     bdb_reporting.o (.text.bdb_repAttrCfgRecordsArrayAdd)
                  00014e68    000000ac     maclib_nosecure_cc26x2_2_4g_tirtos7.a : mac.c.o (.text.macGetRFCmdDuration)
                  00014f14    000000aa     zd_object.o (.text.ZDO_ProcessMgmtBindReq)
                  00014fbe    00000002     drivers_cc26x2.a : UART2CC26X2.c.obj (.text.UART2CC26X2_eventCallback)
                  00014fc0    000000a8     zd_app.o (.text.ZDApp_ProcessOSALMsg)
                  00015068    000000a8     zmac.o (.text.ZMacAssociateReq)
                  00015110    000000a8     maclib_nosecure_cc26x2_2_4g_tirtos7.a : mac_hl_patch.c.o (.text.macBuildPendAddr)
                  000151b8    000000a8                                           : mac_hl_patch.c.o (.text.macCbackForEvent)
                  00015260    000000a8     drivers_cc26x2.a : TemperatureCC26X2.c.obj (.text.temperatureHwiFxn)
                  00015308    000000a4     osal_port.o (.text.OsalPort_heapMalloc)
                  000153ac    000000a4     rf_multiMode_cc26x2.a : RFCC26X2_multiMode.c.cc26x2.ticlang.o (.text.RF_initRadioSetup)
                  00015450    000000a4     maclib_nosecure_cc26x2_2_4g_tirtos7.a : mac_hl_patch.c.o (.text.macTrackTimeoutCallback)
                  000154f4    000000a4                                           : mac_radio.c.o (.text.scheduleNopWakeupCmd)
                  00015598    000000a4     ti_sysbios_config.o (.text.ti_sysbios_knl_Task_Instance_init)
                  0001563c    000000a0     nvocmp.o (.text.NVOCMP_readContItemApi)
                  000156dc    000000a0     rf_multiMode_cc26x2.a : RFCC26X2_multiMode.c.cc26x2.ticlang.o (.text.RF_calculateDispatchTime)
                  0001577c    000000a0                           : RFCC26X2_multiMode.c.cc26x2.ticlang.o (.text.RF_requestAccess)
                  0001581c    000000a0     libZStack_nwk_zed.a : ssp.o (.text.SSP_SwitchNwkKey)
                  000158bc    000000a0     zcl_sampleapps_ui.o (.text.UI_DeviceStateUpdated)
                  0001595c    000000a0     zd_sec_mgr.o (.text.ZDSecMgrDeviceRemove)
                  000159fc    0000009e     zstackapi.o (.text.Zstackapi_freeIndMsg)
                  00015a9a    0000009e     drivers_cc26x2.a : SPICC26X2DMA.c.obj (.text.finishTransfer)
                  00015b38    0000009c     zcl_sampleapps_ui.o (.text.UI_UpdateBindInfoLine)
                  00015bd4    0000009c     bdb_reporting.o (.text.bdb_RepFindAttrEntry)
                  00015c70    0000009c     zcl_sampleapps_ui.o (.text.uiActionProcessConfigureChannels)
                  00015d0c    0000009a     libZStack_nwk_zed.a : aps.o (.text.APS_DataConfirmReflect)
                  00015da6    0000009a     drivers_cc26x2.a : UART2.c.obj (.text.UART2_writeCancel)
                  00015e40    0000009a     zcl.o (.text.zclParseInWriteCmd)
                  00015eda    00000002     zd_app.o (.text.ZDO_PollConfirmCB)
                  00015edc    00000098     libZStack_nwk_zed.a : aps_frag.o (.text.APSF_ProcessAck)
                  00015f74    00000098                         : aps_mede.o (.text.APSME_RemoveDeviceReq)
                  0001600c    00000098     nvocmp.o (.text.NVOCMP_erase)
                  000160a4    00000098     rf_multiMode_cc26x2.a : RFCC26X2_multiMode.c.cc26x2.ticlang.o (.text.RF_defaultSubmitPolicy)
                  0001613c    00000098     libZStack_nwk_zed.a : rtg.o (.text.RTG_UpdateRtDiscEntry)
                  000161d4    00000098     drivers_cc26x2.a : UART2CC26X2.c.obj (.text.UART2_close)
                  0001626c    00000098     zd_object.o (.text.ZDO_ProcessMgmtLeaveReq)
                  00016304    00000096     rf_multiMode_cc26x2.a : RFCC26X2_multiMode.c.cc26x2.ticlang.o (.text.RF_verifyGap)
                  0001639a    00000096     zcl.o (.text.zclFindNextCmdRec)
                  00016430    00000094     maclib_nosecure_cc26x2_2_4g_tirtos7.a : mac_autopend.c.o (.text.MAC_SrcMatchAddEntry)
                  000164c4    00000094     rf_multiMode_cc26x2.a : RFCC26X2_multiMode.c.cc26x2.ticlang.o (.text.RF_hposcRfCompensateFxn)
                  00016558    00000094                           : RFCC26X2_multiMode.c.cc26x2.ticlang.o (.text.RF_ratRestartChannels)
                  000165ec    00000094     zd_app.o (.text.ZDO_JoinConfirmCB)
                  00016680    00000094     bdb_finding_and_binding.o (.text.bdb_ProcessIEEEAddrRsp)
                  00016714    00000094     maclib_nosecure_cc26x2_2_4g_tirtos7.a : mac_hl_patch.c.o (.text.macCcmDecrypt)
                  000167a8    00000094                                           : mac_radio.c.o (.text.macRadioUpdateChannel)
                  0001683c    00000094                                           : mac_rx.c.o (.text.macRxInit)
                  000168d0    00000094                                           : mac_timer.c.o (.text.macTimerUpdateSymbolTimer)
                  00016964    00000094     zstacktask.o (.text.sendSimpleDescRspInd)
                  000169f8    00000094     ti_sysbios_config.o (.text.ti_sysbios_knl_Clock_startI)
                  00016a8c    00000094     ti_sysbios_config.o (.text.ti_sysbios_knl_Task_sleep)
                  00016b20    00000090     libZStack_nwk_zed.a : aps.o (.text.APS_EndDeviceBroadcastCheck)
                  00016bb0    00000090     drivers_cc26x2.a : SPICC26X2DMA.c.obj (.text.SPICC26X2DMA_transferCancel)
                  00016c40    00000090     maclib_nosecure_cc26x2_2_4g_tirtos7.a : mac_hl_patch.c.o (.text.macCcmEncrypt)
                  00016cd0    00000090                                           : mac_radio.c.o (.text.macRadioUpdateChannelRx)
                  00016d60    00000090                                           : mac_hl_patch.c.o (.text.macScanRxCoordRealign)
                  00016df0    00000090                                           : mac_sleep.c.o (.text.macSleep)
                  00016e80    00000090                                           : mac_autopend.c.o (.text.macSrcMatchCheckSrcAddr)
                  00016f10    00000090     zcl_port.o (.text.zcl_HandleExternal)
                  00016fa0    0000008c     libZStack_nwk_zed.a : nwk_util.o (.text.NLDE_ParseMsg2)
                  0001702c    0000008c                         : nwk_util.o (.text.NLME_LeaveCmdSend)
                  000170b8    0000008c                         : nwk_util.o (.text.NLME_SendNetworkReport)
                  00017144    0000008c     nvocmp.o (.text.NVOCMP_updateItemApi)
                  000171d0    0000008c     drivers_cc26x2.a : TRNGCC26XX.c.obj (.text.TRNG_construct)
                  0001725c    0000008c     zstacktask.o (.text.ZStackTaskInit)
                  000172e8    0000008c     maclib_nosecure_cc26x2_2_4g_tirtos7.a : mac_tx.c.o (.text.macTxStartQueuedFrame)
                  00017374    0000008c     ti_sysbios_config.o (.text.ti_sysbios_knl_Clock_init)
                  00017400    0000008c     zcl_general.o (.text.zclGeneral_SendGroupGetMembershipRequest)
                  0001748c    0000008a     zcl.o (.text.zcl_SendConfigReportRspCmdEx)
                  00017516    00000002     zd_object.o (.text.ZDO_ProcessNodeDescRsp)
                  00017518    00000088     libZStack_nwk_zed.a : addr_mgr.o (.text.AddrMgrEntryLookupNwk)
                  000175a0    00000088                         : nwk_util.o (.text.NLME_CheckNewAddrSet)
                  00017628    00000088     nvocmp.o (.text.NVOCMP_deleteItemApi)
                  000176b0    00000088     rf_multiMode_cc26x2.a : RFCC26X2_multiMode.c.cc26x2.ticlang.o (.text.RF_cmdDispatchTime)
                  00017738    00000088                           : RFCC26X2_multiMode.c.cc26x2.ticlang.o (.text.RF_discardPendCmd)
                  000177c0    00000088     zd_app.o (.text.ZDApp_SaveNwkKey)
                  00017848    00000088     zmac.o (.text.ZMacDataReqSec)
                  000178d0    00000088     bdb_reporting.o (.text.bdb_RepUpdateMarkBindings)
                  00017958    00000088     maclib_nosecure_cc26x2_2_4g_tirtos7.a : mac_pwr.c.o (.text.macPwrVote)
                  000179e0    00000088                                           : mac_symbol_timer.c.o (.text.macSymbolTimerInit)
                  00017a68    00000084     libZStack_nwk_zed.a : aps_mede.o (.text.APSME_SearchTCLinkKeyEntry)
                  00017aec    00000084     cui.o (.text.CUI_clientOpen)
                  00017b70    00000084     libZStack_nwk_zed.a : nwk_util.o (.text.NLME_CmdCnf)
                  00017bf4    00000084     nvocmp.o (.text.NVOCMP_createItemApi)
                  00017c78    00000084     rf_multiMode_cc26x2.a : RFCC26X2_multiMode.c.cc26x2.ticlang.o (.text.RF_getInfo)
                  00017cfc    00000084                           : RFCC26X2_multiMode.c.cc26x2.ticlang.o (.text.RF_yield)
                  00017d80    00000084     zd_profile.o (.text.ZDP_IncomingData)
                  00017e04    00000084     zd_sec_mgr.o (.text.ZDSecMgrReadKeyFromNv)
                  00017e88    00000084     maclib_nosecure_cc26x2_2_4g_tirtos7.a : mac_mcu.c.o (.text.macMcuOverflowSetPeriod)
                  00017f0c    00000084     libZStack_nwk_zed.a : nwk_util.o (.text.nwkChangePanID)
                  00017f90    00000084                         : nwk.o (.text.nwk_data_req_send)
                  00018014    00000084     zcl.o (.text.zcl_SendWriteRsp)
                  00018098    00000084     zcl_port.o (.text.zclport_registerEndpoint)
                  0001811c    00000082     zcl.o (.text.zcl_SendDiscoverAttrsRspCmd)
                  0001819e    00000002     zd_object.o (.text.ZDO_ProcessSimpleDescRsp)
                  000181a0    00000080     zd_sec_mgr.o (.text.APSME_LinkKeySet)
                  00018220    00000080     libZStack_nwk_zed.a : nwk_util.o (.text.NLDE_SendMsg)
                  000182a0    00000080                         : nl_mede.o (.text.NLME_GetRequest)
                  00018320    00000080     drivers_cc26x2.a : NVSSPI25X.c.obj (.text.NVSSPI25X_close)
                  000183a0    00000080     osal_port.o (.text.OsalPort_setTimer)
                  00018420    00000080     libZStack_nwk_zed.a : rtg.o (.text.RTG_GetRtgEntry)
                  000184a0    00000080     drivers_cc26x2.a : UART2CC26X2.c.obj (.text.UART2Support_dmaStopTx)
                  00018520    00000080     zd_app.o (.text.ZDO_LeaveInd)
                  000185a0    00000080     zd_sec_mgr.o (.text.ZDSecMgrSetDefaultNV)
                  00018620    00000080     drivers_cc26x2.a : NVSCC26XX.c.obj (.text.doErase)
                  000186a0    00000080     maclib_nosecure_cc26x2_2_4g_tirtos7.a : mac_tx.c.o (.text.macTxDoneCallback)
                  00018720    00000080     libZStack_nwk_zed.a : nwk_bufs.o (.text.nwk_MacDataBuffersDealloc)
                  000187a0    00000080     ti_sysbios_config.o (.text.ti_sysbios_family_arm_m3_Hwi_initNVIC)
                  00018820    00000080     ti_sysbios_config.o (.text.ti_sysbios_gates_GateMutexPri_enter)
                  000188a0    00000080     zcl.o (.text.zcl_SendDiscoverAttrsExtRsp)
                  00018920    00000080     zcl.o (.text.zcl_SendDiscoverCmdsRspCmd)
                  000189a0    0000007e     nvocmp.o (.text.NVOCMP_readHeader)
                  00018a1e    00000002     zdiags.o (.text.ZDiagsUpdateStats)
                  00018a20    0000007c     maclib_nosecure_cc26x2_2_4g_tirtos7.a : mac_hl_patch.c.o (.text.MAC_ResumeReq)
                  00018a9c    0000007c     libZStack_nwk_zed.a : nwk_util.o (.text.NLME_RejoinRspCmdProcess)
                  00018b18    0000007c     rf_multiMode_cc26x2.a : RFCC26X2_multiMode.c.cc26x2.ticlang.o (.text.RF_ratDisableChannel)
                  00018b94    0000007c     drivers_cc26x2.a : TemperatureCC26X2.c.obj (.text.Temperature_init)
                  00018c10    0000007c     binding_table.o (.text.bindFindExisting)
                  00018c8c    0000007c     drivers_cc26x2.a : NVSSPI25X.c.obj (.text.doRead)
                  00018d08    0000007c     maclib_nosecure_cc26x2_2_4g_tirtos7.a : mac_mcu.c.o (.text.macMcuOverflowSetCompare)
                  00018d84    0000007c                                           : mac_radio.c.o (.text.macRadioStartScan)
                  00018e00    0000007c     ti_sysbios_config.o (.text.ti_sysbios_family_arm_m3_Hwi_postInit)
                  00018e7c    0000007c     zcl_general.o (.text.zclGeneral_SendGroupViewResponse)
                  00018ef8    0000007a     zd_object.o (.text.ZDO_ParseNodeDescRsp)
                  00018f72    00000002     libclang_rt.builtins.a : aeabi_div0.c.obj (.text.__aeabi_ldiv0)
                  00018f74    00000078     libZStack_nwk_zed.a : aps_mede.o (.text.APSME_CmdPkt)
                  00018fec    00000078                         : aps_mede.o (.text.APSME_LookupExtAddr)
                  00019064    00000078                         : addr_mgr.o (.text.AddrMgrEntryAdd)
                  000190dc    00000078                         : assoc_list.o (.text.AssocGetWithAddress)
                  00019154    00000078     driverlib.lib : chipinfo.c.obj (.text.NOROM_ChipInfo_GetChipType)
                  000191cc    00000078                   : sys_ctrl.c.obj (.text.NOROM_SysCtrlSetRechargeBeforePowerDown)
                  00019244    00000078     nvocmp.o (.text.NVOCMP_loadApiPtrs)
                  000192bc    00000078     drivers_cc26x2.a : NVSCC26XX.c.obj (.text.NVSCC26XX_open)
                  00019334    00000078     rf_multiMode_cc26x2.a : RFCC26X2_multiMode.c.cc26x2.ticlang.o (.text.RF_ratFreeChannel)
                  000193ac    00000078     drivers_cc26x2.a : SPICC26X2DMA.c.obj (.text.SPICC26X2DMA_close)
                  00019424    00000078     zd_app.o (.text.ZDApp_StoreNwkSecMaterial)
                  0001949c    00000078     maclib_nosecure_cc26x2_2_4g_tirtos7.a : mac.c.o (.text.macRequestBackoff)
                  00019514    00000078                                           : mac_timer.c.o (.text.macTimerRealign)
                  0001958c    00000078                                           : mac_hl_patch.c.o (.text.macTrackStartCallback)
                  00019604    00000078     ti_sysbios_config.o (.text.ti_sysbios_knl_Task_postInit)
                  0001967c    00000076     libZStack_nwk_zed.a : aps_util.o (.text.apsGenerateAck)
                  000196f2    00000076     zcl_general.o (.text.zclGeneral_SendAddGroupRequestEx)
                  00019768    00000074     libZStack_nwk_zed.a : aps_mede.o (.text.APSME_RequestKeyReq)
                  000197dc    00000074                         : addr_mgr.o (.text.AddrMgrEntryLookupExt)
                  00019850    00000074     nvocmp.o (.text.NVOCMP_readItemApi)
                  000198c4    00000074     osal_port.o (.text.OsalPort_heapInit)
                  00019938    00000074     drivers_cc26x2.a : PowerCC26X2_calibrateRCOSC_helpers.c.obj (.text.PowerCC26X2_updateSubSecInc)
                  000199ac    00000074     rf_multiMode_cc26x2.a : RFCC26X2_multiMode.c.cc26x2.ticlang.o (.text.RF_hwiHw)
                  00019a20    00000074     libZStack_nwk_zed.a : rtg.o (.text.RTG_CheckRtStatus)
                  00019a94    00000074     zd_profile.o (.text.ZDO_SendMsgCBs)
                  00019b08    00000074     zd_sec_mgr.o (.text.ZDSecMgrClearNVKeyValues)
                  00019b7c    00000074     bdb.o (.text.bdb_parentLost)
                  00019bf0    00000074     bdb_finding_and_binding.o (.text.bdb_zclFindingBindingEpType)
                  00019c64    00000074     maclib_nosecure_cc26x2_2_4g_tirtos7.a : mac_timer.c.o (.text.macTimerSetRollover)
                  00019cd8    00000074     libZStack_nwk_zed.a : nwk.o (.text.nwkPollConfirmProcessing)
                  00019d4c    00000074                         : nwk_util.o (.text.nwkProcessPanIdScan)
                  00019dc0    00000074                         : nwk_util.o (.text.nwk_GetConfigPollRate)
                  00019e34    00000074     ti_sysbios_config.o (.text.ti_sysbios_knl_Swi_restoreHwi)
                  00019ea8    00000074     zcl_sampleapps_ui.o (.text.uiActionProcessConfigurePriChannels)
                  00019f1c    00000074     zcl_sampleapps_ui.o (.text.uiActionProcessConfigureSecChannels)
                  00019f90    00000074     zglobals.o (.text.zgInit)
                  0001a004    00000072     libZStack_nwk_zed.a : nwk_util.o (.text.NLME_SendNetworkStatus)
                  0001a076    00000002     libc.a : _lock.c.obj (.text._nop)
                  0001a078    00000070     drivers_cc26x2.a : AESCCMCC26XX.c.obj (.text.AESCCM_cleanup)
                  0001a0e8    00000070                      : AESECBCC26XX.c.obj (.text.AESECB_construct)
                  0001a158    00000070     libZStack_nwk_zed.a : aps_mede.o (.text.APSME_CmdTransportKey)
                  0001a1c8    00000070     osal_port.o (.text.OsalPort_pwrmgrTaskState)
                  0001a238    00000070     zd_profile.o (.text.ZDP_BindUnbindReq)
                  0001a2a8    00000070     zd_sec_mgr.o (.text.ZDSecMgrSaveApsLinkKey)
                  0001a318    00000070     bdb_finding_and_binding.o (.text.bdb_ProcessSimpleDesc)
                  0001a388    00000070     maclib_nosecure_cc26x2_2_4g_tirtos7.a : mac_hl_patch.c.o (.text.macAutoPoll)
                  0001a3f8    00000070                                           : mac_duty_cycle.c.o (.text.macDutyCycleTimerCB)
                  0001a468    00000070                                           : mac_low_level.c.o (.text.macLowLevelInit)
                  0001a4d8    00000070                                           : mac_rx.c.o (.text.macRxHaltCleanup)
                  0001a548    00000070                                           : mac_symbol_timer.c.o (.text.macSymbolTimerPeriodIsr)
                  0001a5b8    00000070     driverlib.lib : osc.c.obj (.text.multiplyColumns)
                  0001a628    00000070     libZStack_nwk_zed.a : nwk_bufs.o (.text.nwkDB_Add)
                  0001a698    00000070     zstackstartup.o (.text.stackTask_init)
                  0001a708    00000070     ti_sysbios_config.o (.text.ti_sysbios_family_arm_m3_Hwi_Instance_init)
                  0001a778    00000070     ti_sysbios_config.o (.text.ti_sysbios_knl_Task_startup)
                  0001a7e8    00000070     ti_sysbios_config.o (.text.ti_sysbios_runtime_System_formatNum)
                  0001a858    00000070     zcl_sampleapps_ui.o (.text.zclsampleApp_ui_event_loop)
                  0001a8c8    00000070     libc.a : copy_decompress_lzss.c.obj (.text:decompress:lzss)
                  0001a938    0000006e     zd_object.o (.text.ZDO_ParseSimpleDescBuf)
                  0001a9a6    00000002     drivers_cc26x2.a : PowerCC26X2.c.obj (.text.emptyClockFunc)
                  0001a9a8    0000006e     libclang_rt.builtins.a : comparedf2.c.obj (.text.__gedf2)
                  0001aa16    00000002     drivers_cc26x2.a : CryptoResourceCC26XX.c.obj (.text.errorSpin)
                  0001aa18    0000006e     libclang_rt.builtins.a : comparedf2.c.obj (.text.__ledf2)
                  0001aa86    0000006e     driverlib.lib : osc.c.obj (.text.findNumerator)
                  0001aaf4    0000006e     zstacktask.o (.text.sendBeaconNotifyInd)
                  0001ab62    00000002     maclib_nosecure_cc26x2_2_4g_tirtos7.a : mac_pwr.c.o (.text.macApiPwrOnReq)
                  0001ab64    0000006c     drivers_cc26x2.a : AESECBCC26XX.c.obj (.text.AESECB_hwiFxn)
                  0001abd0    0000006c     nvocmp.o (.text.NVOCMP_eraseNvApi)
                  0001ac3c    0000006c     nvocmp.o (.text.NVOCMP_writeItemApi)
                  0001aca8    0000006c     osal_port.o (.text.OsalPort_msgFindDequeue)
                  0001ad14    0000006c     rf_multiMode_cc26x2.a : RFCC26X2_multiMode.c.cc26x2.ticlang.o (.text.RF_getTxPower)
                  0001ad80    0000006c                           : RFCC26X2_multiMode.c.cc26x2.ticlang.o (.text.RF_issueRadioFreeCb)
                  0001adec    0000006c     drivers_cc26x2.a : Random.c.obj (.text.Random_seedAutomatic)
                  0001ae58    0000006c     zcl_sampleapps_ui.o (.text.UI_UpdateNwkStatusLine)
                  0001aec4    0000006c     zd_sec_mgr.o (.text.ZDSecMgrWriteNV)
                  0001af30    0000006c     drivers_cc26x2.a : PowerCC26X2.c.obj (.text.oscillatorISR)
                  0001af9c    0000006c     zstackapi.o (.text.sendReqRsp)
                  0001b008    0000006c     ti_sysbios_config.o (.text.ti_sysbios_family_arm_m3_Hwi_dispatchC)
                  0001b074    00000068     rf_multiMode_cc26x2.a : RFCC26X2_multiMode.c.cc26x2.ticlang.o (.text.RF_detachOverrides)
                  0001b0dc    00000068     libZStack_nwk_zed.a : rtg.o (.text.RTG_GetRtgSrcIndex)
                  0001b144    00000068     drivers_cc26x2.a : UART2CC26X2.c.obj (.text.UART2Support_dmaStopRx)
                  0001b1ac    00000068     zd_app.o (.text.ZDApp_LeaveReset)
                  0001b214    00000068     zd_app.o (.text.ZDApp_RestoreNetworkState)
                  0001b27c    00000068     zd_sec_mgr.o (.text.ZDSecMgrSaveTCLinkKey)
                  0001b2e4    00000068     maclib_nosecure_cc26x2_2_4g_tirtos7.a : mac_radio.c.o (.text.macRadioWakeupCb)
                  0001b34c    00000068                                           : mac_rx_onoff.c.o (.text.macRxOn)
                  0001b3b4    00000068                                           : mac.c.o (.text.macSetTxPowerVal)
                  0001b41c    00000068                                           : mac_timer.c.o (.text.macTimerGetNextTimer)
                  0001b484    00000068     zstackapi.o (.text.sendReqDefaultRsp)
                  0001b4ec    00000068     ti_sysbios_config.o (.text.ti_sysbios_knl_Swi_run)
                  0001b554    00000068     zcl_sampleapps_ui.o (.text.uiProcessIdentifyTimeChange)
                  0001b5bc    00000066     libZStack_nwk_zed.a : nwk_util.o (.text.NLDE_DataIndSend)
                  0001b622    00000002     maclib_nosecure_cc26x2_2_4g_tirtos7.a : mac_radio.c.o (.text.macRadioSetRE)
                  0001b624    00000064     drivers_cc26x2.a : AESCCMCC26XX.c.obj (.text.AESCCM_hwiFxn)
                  0001b688    00000064     libZStack_nwk_zed.a : aps_mede.o (.text.APSME_LinkKeySync)
                  0001b6ec    00000064     binding_table.o (.text.InitBindingTable)
                  0001b750    00000064     driverlib.lib : osc.c.obj (.text.NOROM_OSCHF_AttemptToSwitchToXosc)
                  0001b7b4    00000064     osal_port.o (.text.OsalPort_clearEvent)
                  0001b818    00000064     drivers_cc26x2.a : PowerCC26X2_calibrateRCOSC.c.obj (.text.PowerCC26X2_initiateCalibration)
                  0001b87c    00000064     rf_multiMode_cc26x2.a : RFCC26X2_multiMode.c.cc26x2.ticlang.o (.text.RF_attachOverrides)
                  0001b8e0    00000064                           : RFCC26X2_multiMode.c.cc26x2.ticlang.o (.text.RF_dispatchNextEvent)
                  0001b944    00000064                           : RFCC26X2_multiMode.c.cc26x2.ticlang.o (.text.RF_hwiCpe0PowerFsm)
                  0001b9a8    00000064     drivers_cc26x2.a : UDMACC26XX.c.obj (.text.UDMACC26XX_open)
                  0001ba0c    00000064     zd_profile.o (.text.ZDP_NodeDescMsg)
                  0001ba70    00000064     zd_sec_mgr.o (.text.ZDSecMgrGenerateKeyFromSeed)
                  0001bad4    00000064     libZStack_nwk_zed.a : aps_groups.o (.text.aps_AddGroup)
                  0001bb38    00000064     maclib_nosecure_cc26x2_2_4g_tirtos7.a : mac_timer.c.o (.text.macTimerAddTimer)
                  0001bb9c    00000064                                           : mac_hl_patch.c.o (.text.macTrackPeriodCallback)
                  0001bc00    00000064     ti_sysbios_config.o (.text.ti_sysbios_gates_GateMutexPri_leave)
                  0001bc64    00000064     ti_sysbios_config.o (.text.ti_sysbios_knl_Idle_init)
                  0001bcc8    00000064     ti_sysbios_config.o (.text.ti_sysbios_knl_TaskSupport_buildTaskStack)
                  0001bd2c    00000064     zcl.o (.text.zclParseHdr)
                  0001bd90    00000062     rf_multiMode_cc26x2.a : RFCC26X2_multiMode.c.cc26x2.ticlang.o (.text.RF_syncCb)
                  0001bdf2    00000002     maclib_nosecure_cc26x2_2_4g_tirtos7.a : mac_radio_tx.c.o (.text.macRadioTxCancelTxAck)
                  0001bdf4    00000062     libclang_rt.builtins.a : aeabi_dcmp.S.obj (.text.__aeabi_dcmp)
                  0001be56    00000002     maclib_nosecure_cc26x2_2_4g_tirtos7.a : mac_rx.c.o (.text.macRxRadioPowerUpInit)
                  0001be58    00000060     drivers_cc26x2.a : CryptoResourceCC26XX.c.obj (.text.CryptoResourceCC26XX_constructRTOSObjects)
                  0001beb8    00000060     libZStack_nwk_zed.a : nwk_util.o (.text.NLME_NetworkReportCB)
                  0001bf18    00000060     nvocmp.o (.text.NVOCMP_checkItem)
                  0001bf78    00000060     nvocmp.o (.text.NVOCMP_verifyCRC)
                  0001bfd8    00000060     osal_port.o (.text.OsalPort_setEvent)
                  0001c038    00000060     zd_app.o (.text.ZDAppDetermineDeviceType)
                  0001c098    00000060     zd_object.o (.text.ZDO_ParseAddrRsp)
                  0001c0f8    00000060     zd_object.o (.text.ZDO_ProcessSimpleDescReq)
                  0001c158    00000060     zd_profile.o (.text.ZDP_NwkAddrReq)
                  0001c1b8    00000060     zstackapi.o (.text.Zstackapi_sysNwkInfoReadReq)
                  0001c218    00000060     binding_table.o (.text.bindAddrMgrLocalLoad)
                  0001c278    00000060     maclib_nosecure_cc26x2_2_4g_tirtos7.a : mac_hl_patch.c.o (.text.macRxAssociateReq)
                  0001c2d8    00000060                                           : mac_timer.c.o (.text.macSymbolTimerRolloverCallback)
                  0001c338    00000060                                           : mac_timer.c.o (.text.macTimerCancel)
                  0001c398    00000060     libZStack_nwk_zed.a : nwk.o (.text.nwk_scan_cnf_processing)
                  0001c3f8    00000060     zstacktask.o (.text.sendIeeeAddrRspInd)
                  0001c458    00000060     zstacktask.o (.text.sendNwkAddrRspInd)
                  0001c4b8    00000060     ti_sysbios_config.o (.text.ti_sysbios_knl_Clock_walkQueueDynamic)
                  0001c518    00000060     ti_sysbios_config.o (.text.ti_sysbios_knl_Semaphore_post)
                  0001c578    00000060     ti_sysbios_config.o (.text.ti_sysbios_knl_Swi_schedule)
                  0001c5d8    00000060     zcl.o (.text.zclFindNextAttrRec)
                  0001c638    0000005e     libZStack_nwk_zed.a : aps_mede.o (.text.APSME_FrameSecApplyCM)
                  0001c696    0000005e                         : aps.o (.text.APS_ReflectMonitor)
                  0001c6f4    0000005e     rf_multiMode_cc26x2.a : rfc.c.cc26x2.ticlang.o (.text.NOROM_RFCAnaDivTxOverride)
                  0001c752    0000005c     drivers_cc26x2.a : LED.c.obj (.text.LED_startBlinking)
                  0001c7ae    00000002     maclib_nosecure_cc26x2_2_4g_tirtos7.a : mac_hl_patch.c.o (.text.macSetDefaultsByPatch)
                  0001c7b0    0000005c     libZStack_nwk_zed.a : nl_mede.o (.text.NLDE_DataReq)
                  0001c80c    0000005c     drivers_cc26x2.a : NVSSPI25X.c.obj (.text.NVSSPI25X_control)
                  0001c868    0000005c     osal_port.o (.text.OsalPort_msgReceive)
                  0001c8c4    0000005c     libZStack_nwk_zed.a : rtg.o (.text.RTG_SendRErr)
                  0001c920    0000005c                         : ssp.o (.text.SSP_ParseAuxHdr)
                  0001c97c    0000005c     drivers_cc26x2.a : TRNGCC26XX.c.obj (.text.TRNGCC26XX_startTrng)
                  0001c9d8    0000005c     zd_app.o (.text.ZDApp_AnnounceNewAddress)
                  0001ca34    0000005c     zmac.o (.text.ZMacScanReq)
                  0001ca90    0000005c     zmac.o (.text.ZMacSetZigbeeMACParams)
                  0001caec    0000005c     libclang_rt.builtins.a : divmoddi4.c.obj (.text.__divmoddi4)
                  0001cb48    0000005c     bdb.o (.text.bdb_nwkJoiningFormation)
                  0001cba4    0000005c     binding_table.o (.text.bindRemoveDev)
                  0001cc00    0000005c     drivers_cc26x2.a : NVSSPI25X.c.obj (.text.extFlashWaitReady)
                  0001cc5c    0000005c     maclib_nosecure_cc26x2_2_4g_tirtos7.a : mac_sleep.c.o (.text.macCanSleep)
                  0001ccb8    0000005c                                           : mac_radio.c.o (.text.macRadioSetChannel)
                  0001cd14    0000005c                                           : mac_symbol_timer.c.o (.text.macSymbolTimerEventHandler)
                  0001cd70    0000005c     libZStack_nwk_zed.a : nwk_util.o (.text.nwkNeighborRemoveStranded)
                  0001cdcc    0000005c     zstacktask.o (.text.sendLeaveInd)
                  0001ce28    0000005c     osal_port_timers.o (.text.timerCb)
                  0001ce84    0000005c     zcl.o (.text.zclParseInWriteRspCmd)
                  0001cee0    0000005c     zglobals.o (.text.zgInitItems)
                  0001cf3c    0000005a     zstacktask.o (.text.sendActiveEPRspInd)
                  0001cf96    0000005a     zstacktask.o (.text.sendMatchDescRspInd)
                  0001cff0    0000005a     zstacktask.o (.text.sendZdoSrcRtgInd)
                  0001d04a    00000002     nwk_globals.o (.text.nwk_Status)
                  0001d04c    00000058     zstacktask.o (.text.BDBBindNotificationsendMsgToAllCBs)
                  0001d0a4    00000058     drivers_cc26x2.a : Button.c.obj (.text.Button_gpioCallbackFxn)
                  0001d0fc    00000058     cui.o (.text.CUI_writeString)
                  0001d154    00000058     osal_port.o (.text.HEAPMGR_GETLARGESTFREEBUF)
                  0001d1ac    00000058     libZStack_nwk_zed.a : nl_mede.o (.text.NLME_NwkDiscReq2)
                  0001d204    00000058                         : nwk_util.o (.text.NLME_SendEndDevTimeoutReq)
                  0001d25c    00000058     osal_port.o (.text.OsalPort_msgSend)
                  0001d2b4    00000058     rf_multiMode_cc26x2.a : RFCC26X2_multiMode.c.cc26x2.ticlang.o (.text.RF_applyRfCorePatch)
                  0001d30c    00000058     libZStack_nwk_zed.a : ssp_hash.o (.text.SSP_KeyedHash)
                  0001d364    00000058     drivers_cc26x2.a : TRNGCC26XX.c.obj (.text.TRNG_init)
                  0001d3bc    00000058     zd_profile.o (.text.ZDP_EPRsp)
                  0001d414    00000058     zd_profile.o (.text.ZDP_MgmtPermitJoinReq)
                  0001d46c    00000058     bdb_finding_and_binding.o (.text.bdb_SendIdentifyQuery)
                  0001d4c4    00000058     bdb.o (.text.bdb_ZclIdentifyCmdInd)
                  0001d51c    00000058     drivers_cc26x2.a : NVSSPI25X.c.obj (.text.doWriteVerify)
                  0001d574    00000058     zd_profile.o (.text.fillAndSend)
                  0001d5cc    00000058     maclib_nosecure_cc26x2_2_4g_tirtos7.a : mac_radio.c.o (.text.macRadioSetChannelRx)
                  0001d624    00000058                                           : mac_radio_tx.c.o (.text.macRadioTxPrepCsmaSlottedIeee)
                  0001d67c    00000058                                           : mac.c.o (.text.macRequestSFDTimeout)
                  0001d6d4    00000058     libZStack_nwk_zed.a : nwk_util.o (.text.nlmeAddConflictedAddrTable)
                  0001d72c    00000058                         : nwk_util.o (.text.nwkNeighborCheckAddr)
                  0001d784    00000058     nwk_globals.o (.text.nwk_InitializeDefaultPollRates)
                  0001d7dc    00000058     sysbios.a : Hwi_asm_switch_gcc.s.obj (.text.ti_sysbios_family_arm_m3_Hwi_initStacks)
                  0001d834    00000056     drivers_cc26x2.a : StructRingBuf.c.obj (.text.StructRingBuf_put)
                  0001d88a    00000056                      : UART2.c.obj (.text.UART2_readCancel)
                  0001d8e0    00000056     util_timer.o (.text.UtilTimer_construct)
                  0001d936    00000056     bdb.o (.text.bdb_AddRespondentNode)
                  0001d98c    00000056     libZStack_nwk_zed.a : nwk.o (.text.nwk_BeaconToNative)
                  0001d9e2    00000002     ti_sysbios_config.o (.text.ti_sysbios_runtime_System_exitSpin)
                  0001d9e4    00000054     drivers_cc26x2.a : AESCCMCC26XX.c.obj (.text.AESCCM_construct)
                  0001da38    00000054     libZStack_nwk_zed.a : addr_mgr.o (.text.AddrMgrWriteNV)
                  0001da8c    00000054                         : nl_mede.o (.text.NLME_NetworkDiscoveryRequest)
                  0001dae0    00000054     nvocmp.o (.text.NVOCMP_compactNvApi)
                  0001db34    00000054     nvocmp.o (.text.NVOCMP_getDstPage)
                  0001db88    00000054     nvocmp.o (.text.NVOCMP_getItemLenApi)
                  0001dbdc    00000054     osal_port_timers.o (.text.OsalPortTimers_stopTimer)
                  0001dc30    00000054     rf_multiMode_cc26x2.a : RFCC26X2_multiMode.c.cc26x2.ticlang.o (.text.RF_getCurrentTime)
                  0001dc84    00000054     libZStack_nwk_zed.a : rtg.o (.text.RTG_MTORouteReq)
                  0001dcd8    00000054     zd_app.o (.text.ZDApp_ProcessMsgCBs)
                  0001dd2c    00000054     zd_sec_mgr.o (.text.ZDSecMgrAuthenticationCheck)
                  0001dd80    00000054     libZStack_nwk_zed.a : aps_groups.o (.text.aps_GroupsRestoreFromNV)
                  0001ddd4    00000054     bdb.o (.text.bdb_joinProcess)
                  0001de28    00000054     bdb.o (.text.bdb_tryNwkAssoc)
                  0001de7c    00000054     bdb_finding_and_binding.o (.text.bdb_zclFindingBindingAddBindEntry)
                  0001ded0    00000054     drivers_cc26x2.a : NVSSPI25X.c.obj (.text.extFlashSpiWrite)
                  0001df24    00000054     maclib_nosecure_cc26x2_2_4g_tirtos7.a : mac_tx.c.o (.text.macTxAckReceivedCallback)
                  0001df78    00000054     libZStack_nwk_zed.a : nwk.o (.text.nwk_BeaconFromNative)
                  0001dfcc    00000054                         : nwk_bufs.o (.text.nwk_broadcastSend)
                  0001e020    00000054     osal_nv.o (.text.osal_nv_item_init_ex)
                  0001e074    00000054     zcl_sampletemperaturesensor.o (.text.zclSampleTemperatureSensor_UpdateStatusLine)
                  0001e0c8    00000054     zcl_port.o (.text.zclport_registerZclHandleExternal)
                  0001e11c    00000052     libZStack_nwk_zed.a : rtg.o (.text.RTG_SendBrokenRoute)
                  0001e16e    00000052     zd_app.o (.text.ZDApp_ProcessSecEvent)
                  0001e1c0    00000052     binding_table.o (.text.bindAddrIndexGet)
                  0001e212    00000002     zcl_sampletemperaturesensor.o (.text.zclSampleTemperatureSensor_RemoveAppNvmData)
                  0001e214    00000050     libZStack_nwk_zed.a : aps.o (.text.APS_CmdInd)
                  0001e264    00000050                         : addr_mgr.o (.text.AddrMgrEntryGet)
                  0001e2b4    00000050     ti_drivers_config.o (.text.Board_shutDownExtFlash)
                  0001e304    00000050     drivers_cc26x2.a : NVSSPI25X.c.obj (.text.NVSSPI25X_read)
                  0001e354    00000050     rf_multiMode_cc26x2.a : RFCC26X2_multiMode.c.cc26x2.ticlang.o (.text.RF_enableHPOSCTemperatureCompensation)
                  0001e3a4    00000050                           : RFCC26X2_multiMode.c.cc26x2.ticlang.o (.text.RF_wakeupNotification)
                  0001e3f4    00000050     libZStack_nwk_zed.a : ssp.o (.text.SSP_GetNwkKey)
                  0001e444    00000050     zd_app.o (.text.ZDApp_LeaveUpdate)
                  0001e494    00000050     zd_object.o (.text.ZDO_UpdateNwkStatus)
                  0001e4e4    00000050     bdb.o (.text.bdb_nwkDiscoveryAttempt)
                  0001e534    00000050     maclib_nosecure_cc26x2_2_4g_tirtos7.a : mac_hl_patch.c.o (.text.macCheckPhyRate)
                  0001e584    00000050                                           : mac_radio.c.o (.text.macGetRadioTxPowerReg)
                  0001e5d4    00000050                                           : mac_radio.c.o (.text.macRadioUpdateTxPower)
                  0001e624    00000050                                           : mac_tx.c.o (.text.macTxTimestampCallback)
                  0001e674    00000050     libZStack_nwk_zed.a : nwk.o (.text.nwk_getNetworkDesc)
                  0001e6c4    00000050     maclib_nosecure_cc26x2_2_4g_tirtos7.a : mac_rx.c.o (.text.rxPostRxUpdates)
                  0001e714    00000050     ti_sysbios_config.o (.text.ti_sysbios_family_arm_m3_Hwi_excHandlerMin)
                  0001e764    00000050     ti_sysbios_config.o (.text.ti_sysbios_knl_Swi_post)
                  0001e7b4    00000050     ti_sysbios_config.o (.text.ti_sysbios_knl_Swi_runLoop)
                  0001e804    0000004e     drivers_cc26x2.a : AESECBCC26XX.c.obj (.text.AESECB_startOperation)
                  0001e852    0000004e     ti_drivers_config.o (.text.Board_sendExtFlashByte)
                  0001e8a0    0000004e     nvocmp.o (.text.NVOCMP_readItem)
                  0001e8ee    0000004e     libZStack_nwk_zed.a : ssp.o (.text.SSP_BuildAuxHdr)
                  0001e93c    0000004e     zd_sec_mgr.o (.text.ZDSecMgrAddLinkKey)
                  0001e98a    00000002     --HOLE-- [fill = 0]
                  0001e98c    0000004c     libZStack_nwk_zed.a : aps_mede.o (.text.APSME_GetRequest)
                  0001e9d8    0000004c                         : aps.o (.text.APS_Init)
                  0001ea24    0000004c     ti_sysbios_config.o (.text.BIOS_startFunc)
                  0001ea70    0000004c     binding_table.o (.text.BindRestoreFromNV)
                  0001eabc    0000004c     maclib_nosecure_cc26x2_2_4g_tirtos7.a : mac_autopend.c.o (.text.MAC_SrcMatchAckAllPending)
                  0001eb08    0000004c                                           : mac_autopend.c.o (.text.MAC_SrcMatchEnable)
                  0001eb54    0000004c     libZStack_nwk_zed.a : nwk_util.o (.text.NLME_InitNV)
                  0001eba0    0000004c                         : nwk_util.o (.text.NLME_ProcessNetworkStatus)
                  0001ebec    0000004c     driverlib.lib : chipinfo.c.obj (.text.NOROM_ChipInfo_GetHwRevision)
                  0001ec38    0000004c     nvocmp.o (.text.NVOCMP_setItemInactive)
                  0001ec84    0000004c     drivers_cc26x2.a : NVSCC26XX.c.obj (.text.NVSCC26XX_init)
                  0001ecd0    0000004c                      : NVSCC26XX.c.obj (.text.NVSCC26XX_read)
                  0001ed1c    0000004c     osal_port.o (.text.OsalPort_msgFind)
                  0001ed68    0000004c     rf_multiMode_cc26x2.a : RFCC26X2_multiMode.c.cc26x2.ticlang.o (.text.RF_fsmXOSCState)
                  0001edb4    0000004c     drivers_cc26x2.a : StructRingBuf.c.obj (.text.StructRingBuf_get)
                  0001ee00    0000004c     mac_util.o (.text.Util_itoa)
                  0001ee4c    0000004c     zd_app.o (.text.ZDApp_ForceConcentratorChange)
                  0001ee98    0000004c     zd_profile.o (.text.ZDO_RegisterForZDOMsg)
                  0001eee4    0000004c     af.o (.text.afRegisterExtended)
                  0001ef30    0000004c     libZStack_nwk_zed.a : aps_util.o (.text.apsAckFindMatchCB)
                  0001ef7c    0000004c     bdb.o (.text.bdb_GenerateInstallCodeCRC)
                  0001efc8    0000004c     bdb_reporting.o (.text.bdb_RepStartOrContinueReporting)
                  0001f014    0000004c     bdb_finding_and_binding.o (.text.bdb_ZclIdentifyQueryCmdInd)
                  0001f060    0000004c     bdb_reporting.o (.text.bdb_clusterEndpointArrayIncrementAll)
                  0001f0ac    0000004c     bdb.o (.text.bdb_setActiveCentralizedLinkKey)
                  0001f0f8    0000004c     bdb.o (.text.bdb_tcLinkKeyExchangeAttempt)
                  0001f144    0000004c     binding_table.o (.text.bindAddressClear)
                  0001f190    0000004c     drivers_cc26x2.a : SPICC26X2DMA.c.obj (.text.initHw)
                  0001f1dc    0000004c     maclib_nosecure_cc26x2_2_4g_tirtos7.a : mac_low_level.c.o (.text.macLowLevelYield)
                  0001f228    0000004c                                           : mac_mcu.c.o (.text.macMcuInit)
                  0001f274    0000004c                                           : mac_radio.c.o (.text.macRadioPowerDown)
                  0001f2c0    0000004c                                           : mac_rx_onoff.c.o (.text.macRxOffRequest)
                  0001f30c    0000004c                                           : mac_timer.c.o (.text.macTimerUpdActive)
                  0001f358    0000004c     libZStack_nwk_zed.a : nwk_util.o (.text.nwkNeighborAdd)
                  0001f3a4    0000004c                         : nwk_util.o (.text.nwkNeighborInitTable)
                  0001f3f0    0000004c     osal_nv.o (.text.osal_nv_delete_ex)
                  0001f43c    0000004c     drivers_cc26x2.a : PowerCC26X2.c.obj (.text.switchXOSCHF)
                  0001f488    0000004c     ti_sysbios_config.o (.text.ti_sysbios_knl_Swi_Instance_init)
                  0001f4d4    0000004c     zcl.o (.text.zclParseInDiscAttrsRspCmd)
                  0001f520    0000004c     zcl.o (.text.zclParseInReadReportCfgCmd)
                  0001f56c    0000004c     zcl.o (.text.zclWriteAttrData)
                  0001f5b8    0000004a     drivers_cc26x2.a : SPICC26X2DMA.c.obj (.text.SPICC26X2DMA_swiFxn)
                  0001f602    0000004a     libZStack_nwk_zed.a : ssp.o (.text.SSP_BuildAuxHdr2)
                  0001f64c    0000004a     zstacktask.o (.text.sendDeviceAnnounceInd)
                  0001f696    00000048     libZStack_nwk_zed.a : aps_mede.o (.text.APSME_SetDefaultKey)
                  0001f6de    00000002     --HOLE-- [fill = 0]
                  0001f6e0    00000048                         : nl_mede.o (.text.NLME_LeaveReq)
                  0001f728    00000048                         : nl_mede.o (.text.NLME_LeaveRsp)
                  0001f770    00000048     rf_multiMode_cc26x2.a : rfc.c.cc26x2.ticlang.o (.text.NOROM_RFCSynthPowerDown)
                  0001f7b8    00000048     drivers_cc26x2.a : NVS.c.obj (.text.NVS_open)
                  0001f800    00000048     osal_port.o (.text.OsalPort_heapFree)
                  0001f848    00000048     drivers_cc26x2.a : PowerCC26X2.c.obj (.text.PowerCC26XX_switchXOSC_HF)
                  0001f890    00000048                      : TemperatureCC26X2.c.obj (.text.Temperature_registerNotifyRange)
                  0001f8d8    00000048                      : UART2.c.obj (.text.UART2_readFull)
                  0001f920    00000048     zd_object.o (.text.ZDO_ProcessActiveEPReq)
                  0001f968    00000048     zd_profile.o (.text.ZDP_SendData)
                  0001f9b0    00000048     zd_sec_mgr.o (.text.ZDSecMgrInitNV)
                  0001f9f8    00000048     libZStack_nwk_zed.a : aps_util.o (.text.apsProcessAck)
                  0001fa40    00000048     bdb.o (.text.bdb_NetworkRestoredResumeState)
                  0001fa88    00000048     bdb_reporting.o (.text.bdb_RepLoadCfgRecords)
                  0001fad0    00000048     bdb_reporting.o (.text.bdb_clusterEndpointArrayUpdateAt)
                  0001fb18    00000048     bdb.o (.text.bdb_nwkAssocAttemt)
                  0001fb60    00000048     bdb_finding_and_binding.o (.text.bdb_setEpDescListToActiveEndpoint)
                  0001fba8    00000048     drivers_cc26x2.a : LED.c.obj (.text.clockTimeoutHandler)
                  0001fbf0    00000048     maclib_nosecure_cc26x2_2_4g_tirtos7.a : mac_rx_onoff.c.o (.text.macRxDisable)
                  0001fc38    00000048     libZStack_nwk_zed.a : nwk.o (.text.nwkBuildDataCnf)
                  0001fc80    00000048                         : nwk_bufs.o (.text.nwk_broadcastReceive)
                  0001fcc8    00000048     rf_multiMode_cc26x2.a : rf_patch_cpe_ieee_802_15_4.c.cc26x2.ticlang.o (.text.rf_patch_cpe_ieee_802_15_4)
                  0001fd10    00000048     zstacktask.o (.text.sendTcDeviceInd)
                  0001fd58    00000048     drivers_cc26x2.a : TemperatureCC26X2.c.obj (.text.setNextThresholds)
                  0001fda0    00000048     ti_sysbios_config.o (.text.ti_sysbios_family_arm_cc26xx_Timer_start)
                  0001fde8    00000048     ti_sysbios_config.o (.text.ti_sysbios_knl_Task_schedule)
                  0001fe30    00000048     zcl_general.o (.text.zclGeneral_RegisterCmdCallbacks)
                  0001fe78    00000048     zcl.o (.text.zclParseInDiscAttrsExtRspCmd)
                  0001fec0    00000046     drivers_cc26x2.a : RingBuf.c.obj (.text.RingBuf_put)
                  0001ff06    00000044     af.o (.text.AF_DataRequestSrcRtg)
                  0001ff4a    00000002     --HOLE-- [fill = 0]
                  0001ff4c    00000044     libZStack_nwk_zed.a : aps_mede_cb.o (.text.APSME_TransportKeyInd)
                  0001ff90    00000044                         : addr_mgr.o (.text.AddrMgrEntrySet)
                  0001ffd4    00000044     zstacktask.o (.text.BDBsendMsgToAllCBs)
                  00020018    00000044     ti_sysbios_config.o (.text.BIOS_atExitFunc)
                  0002005c    00000044     binding_table.o (.text.BindInitNV)
                  000200a0    00000044     cui.o (.text.CUI_menuActionHelp)
                  000200e4    00000044     drivers_cc26x2.a : GPIOCC26X2.c.obj (.text.GPIO_hwiIntFxn)
                  00020128    00000044     libZStack_nwk_zed.a : nwk_util.o (.text.NLME_SetUpdateID)
                  0002016c    00000044     driverlib.lib : prcm.c.obj (.text.NOROM_PRCMPowerDomainsAllOff)
                  000201b0    00000044                   : prcm.c.obj (.text.NOROM_PRCMPowerDomainsAllOn)
                  000201f4    00000044     drivers_cc26x2.a : PWM.c.obj (.text.PWM_init)
                  00020238    00000044     rf_multiMode_cc26x2.a : RFCC26X2_multiMode.c.cc26x2.ticlang.o (.text.RF_TxPowerTable_findValue)
                  0002027c    00000044                           : RFCC26X2_multiMode.c.cc26x2.ticlang.o (.text.RF_cmdGet)
                  000202c0    00000044                           : RFCC26X2_multiMode.c.cc26x2.ticlang.o (.text.RF_updatePowerupDuration)
                  00020304    00000044     libZStack_nwk_zed.a : rtg.o (.text.RTG_ValidateSrcRtg)
                  00020348    00000044     drivers_cc26x2.a : SPI.c.obj (.text.SPI_init)
                  0002038c    00000044     zmac.o (.text.ZMacSetReq)
                  000203d0    00000044     bdb_finding_and_binding.o (.text.bdb_GetFBInitiatorStatus)
                  00020414    00000044     bdb_finding_and_binding.o (.text.bdb_SetIdentifyActiveEndpoint)
                  00020458    00000044     binding_table.o (.text.bindRemoveClusterIdFromList)
                  0002049c    00000044     zmac.o (.text.convertTxOptions)
                  000204e0    00000044     drivers_cc26x2.a : TemperatureCC26X2.c.obj (.text.degreesToCode)
                  00020524    00000044     maclib_nosecure_cc26x2_2_4g_tirtos7.a : mac.c.o (.text.macRatDisableChannels)
                  00020568    00000044                                           : mac_rx.c.o (.text.macRxNokIsr)
                  000205ac    00000044                                           : mac_symbol_timer.c.o (.text.macSymbolTimerRealignIeee)
                  000205f0    00000044                                           : mac_tx.c.o (.text.macTxUpdateIE)
                  00020634    00000044     libZStack_nwk_zed.a : nwk_util.o (.text.nwkNeighborKeepPANID)
                  00020678    00000044                         : reflecttrack.o (.text.reflectTrack_RemoveEntry)
                  000206bc    00000044     zstacktask.o (.text.sendZdoConcentratorInd)
                  00020700    00000044     ti_sysbios_config.o (.text.ti_sysbios_family_arm_m3_Hwi_Instance_finalize)
                  00020744    00000044     ti_sysbios_config.o (.text.ti_sysbios_family_arm_m3_Hwi_construct2)
                  00020788    00000044     ti_sysbios_config.o (.text.ti_sysbios_family_arm_m3_Hwi_disableInterrupt)
                  000207cc    00000044     ti_sysbios_config.o (.text.ti_sysbios_family_arm_m3_Hwi_enableInterrupt)
                  00020810    00000044     ti_sysbios_config.o (.text.ti_sysbios_knl_Swi_restore)
                  00020854    00000044     zcl_general.o (.text.zclGeneral_AddGroup)
                  00020898    00000042     af.o (.text.afReflectError)
                  000208da    00000042     zcl.o (.text.zcl_DeviceOperational)
                  0002091c    00000040     libZStack_nwk_zed.a : aps_mede.o (.text.APSDE_FrameSend)
                  0002095c    00000040                         : addr_mgr.o (.text.AddrMgrInitNV)
                  0002099c    00000040                         : addr_mgr.o (.text.AddrMgrRestoreFromNV)
                  000209dc    00000040     zstacktask.o (.text.BDBFilterNwkDescriptorsendMsgCB)
                  00020a1c    00000040     binding_table.o (.text.BindSetDefaultNV)
                  00020a5c    00000040     maclib_nosecure_cc26x2_2_4g_tirtos7.a : mac_timer.c.o (.text.MAC_PwrNextTimeout)
                  00020a9c    00000040     main.o (.text.Main_assertHandler)
                  00020adc    00000040     osal_port.o (.text.OsalPort_deleteTimer)
                  00020b1c    00000040     osal_port.o (.text.OsalPort_msgEnqueueMax)
                  00020b5c    00000040     drivers_cc26x2.a : PWM.c.obj (.text.PWM_open)
                  00020b9c    00000040                      : PowerCC26X2_calibrateRCOSC.c.obj (.text.PowerCC26X2_RCOSC_clockFunc)
                  00020bdc    00000040                      : PowerCC26X2_calibrateRCOSC_helpers.c.obj (.text.PowerCC26X2_setAclkRefSrc)
                  00020c1c    00000040     rf_multiMode_cc26x2.a : RFCC26X2_multiMode.c.cc26x2.ticlang.o (.text.RF_updateHpOscOverride)
                  00020c5c    00000040     libZStack_nwk_zed.a : rtg.o (.text.RTG_nextHopIsBad)
                  00020c9c    00000040     drivers_cc26x2.a : SPI.c.obj (.text.SPI_open)
                  00020cdc    00000040     zd_app.o (.text.ZDApp_ProcessSecMsg)
                  00020d1c    00000040     zd_sec_mgr.o (.text.ZDSecMgrApsLinkKeyInit)
                  00020d5c    00000040     zd_sec_mgr.o (.text.ZDSecMgrEntryLookupExtGetIndex)
                  00020d9c    00000040     zmac.o (.text.ZMacInit)
                  00020ddc    00000040     zmac.o (.text.ZMacReset)
                  00020e1c    00000040     libZStack_nwk_zed.a : aps_groups.o (.text.aps_RemoveGroup)
                  00020e5c    00000040     bdb_reporting.o (.text.bdb_linkedListAttrAdd)
                  00020e9c    00000040     binding_table.o (.text.bindFind)
                  00020edc    00000040     drivers_cc26x2.a : NVSCC26XX.c.obj (.text.disableFlashCache)
                  00020f1c    00000040     maclib_nosecure_cc26x2_2_4g_tirtos7.a : mac_radio.c.o (.text.macRadioInit)
                  00020f5c    00000040                                           : mac_radio_tx.c.o (.text.macRadioTxPrepSlotted)
                  00020f9c    00000040                                           : mac_timer.c.o (.text.macTimerRecalcUnaligned)
                  00020fdc    00000040                                           : mac_tx.c.o (.text.macTxFrameIsr)
                  0002101c    00000040     ti_sysbios_config.o (.text.ti_sysbios_knl_Clock_getTicksUntilInterrupt)
                  0002105c    00000040     ti_sysbios_config.o (.text.ti_sysbios_knl_Task_exit)
                  0002109c    00000040     ti_sysbios_config.o (.text.ti_sysbios_runtime_Startup_exec)
                  000210dc    00000040     zcl_sampleapps_ui.o (.text.uiActionProcessConfigureBdbModes)
                  0002111c    00000040     zcl_general.o (.text.zclGeneral_SendGroupResponse)
                  0002115c    00000040     zd_object.o (.text.zdoSendStateChangeMsg)
[...]
2000299d  macTxCmdActive                                                     
2000299e  macTxSlottedDelay                                                  
2000299f  mac_reset_underway                                                 
200029a1  numTx                                                              
200029a3  nwkSendMTOReq                                                      
200029a5  nwk_beaconPayloadSize                                              
200029a6  requestNewTrustCenterLinkKey                                       
200029a7  zclSampleTemperatureSensor_PhysicalEnvironment                     
200029a8  zgAllowInstallCodes                                                
200029a9  zgAllowRadioRxOff                                                  
200029aa  zgApsAckWaitMultiplier                                             
200029ab  zgApsAllowR19Sec                                                   
200029ac  zgApsLinkKeyType                                                   
200029ad  zgApsNonMemberRadius                                               
200029ae  zgApsUseInsecureJoin                                               
200029af  zgApscDupRejTimeoutCount                                           
200029b0  zgApscMaxFrameRetries                                              
200029b1  zgBcastDeliveryTime                                                
200029b2  zgBdbAttemptUnsecureRejoin                                         
200029b3  zgBdbMaxSecureRejoinAttempts                                       
200029b4  zgChildAgingEnable                                                 
200029b5  zgConcentratorDiscoveryTime                                        
200029b6  zgConcentratorEnable                                               
200029b7  zgConcentratorRC                                                   
200029b8  zgConcentratorRadius                                               
200029b9  zgDeviceLogicalType                                                
200029ba  zgEndDeviceConfiguration                                           
200029bb  zgEndDeviceKeepAliveMessagesPerTimeout                             
200029bc  zgEndDeviceTimeoutValue                                            
200029bd  zgIndirectMsgTimeout                                               
200029be  zgMaxBcastRetires                                                  
200029bf  zgMaxDataRetries                                                   
200029c0  zgMaxMissingMacAckLinkFailure                                      
200029c1  zgNwkEndDeviceTimeoutDefault                                       
200029c2  zgNwkLeaveRequestAllowed                                           
200029c3  zgNwkMgrMinTransmissions                                           
200029c4  zgNwkMgrMode                                                       
200029c5  zgNwkParentInformation                                             
200029c6  zgNwkProcessLocalLeaveCnf                                          
200029c7  zgNwkSrcRtgExpiryTime                                              
200029c8  zgPassiveAckTimeout                                                
200029c9  zgPreConfigKeys                                                    
200029ca  zgRouteDiscoveryTime                                               
200029cb  zgRouteExpiryTime                                                  
200029cc  zgRouterOffAssocCleanup                                            
200029cd  zgRxAlwaysOn                                                       
200029ce  zgSapiEndpoint                                                     
200029cf  zgSecurePermitJoin                                                 
200029d0  zgStackProfile                                                     
200029d1  zgStartDelay                                                       
200029d2  zgZdoDirectCB                                                      
200035d8  myTaskStack                                                        
20004190  AssociatedDevList                                                  
20004948  ti_sysbios_knl_Idle_taskStack                                      
20004b48  menuBuff                                                           
20004cf0  uart2CC26X2Objects                                                 
20004e60  taskTbl                                                            
20004fc8  rtgTable                                                           
20005208  spiCC26X2DMAObjects                                                
20005308  enhancedAckBuf                                                     
20005404  ti_sysbios_family_arm_m3_Hwi_dispatchTable                         
200054dc  LEDObjects                                                         
20005594  macPib                                                             
2000561c  trngCC26XXObjects                                                  
200056a0  gpioCallbackFunctions                                              
2000571c  gpioUserArgs                                                       
20005798  _NIB                                                               
2000580c  neighborTable                                                      
2000587c  apsEndDeviceBroadcastTable                                         
20005950  bdb_reportingClusterEndpointArray                                  
200059b4  rtgSrcTable                                                        
20005a14  AIB_apsTrustCenterAddress                                          
20005a18  ti_sysbios_knl_ClockSupport_timerStruct                            
20005a78  myTask                                                             
20005ad0  stackTask                                                          
20005b28  ti_sysbios_knl_Idle_taskStruct                                     
20005b80  macScan                                                            
20005d68  CryptoResourceCC26XX_accessSemaphore                               
20005db8  CryptoResourceCC26XX_operationSemaphore                            
20005e08  rtDiscTable                                                        
20005e58  cuiMultiMenuData                                                   
20005ea4  ButtonObjects                                                      
20005ff8  RF_cmdIEEERx                                                       
20006074  macBeaconCoord                                                     
200060b0  BindingTable                                                       
200060e8  macDeviceAction1                                                   
20006154  dcBucket                                                           
20006188  macBeaconDevice                                                    
200061bc  macMgmtAction1                                                     
200061ec  macSrcExtAddrList                                                  
2000621c  ti_sysbios_knl_Swi_readyQs                                         
2000624c  ti_sysbios_knl_Task_readyQs                                        
2000627c  NVOCMP_nvHandle                                                    
200062aa  bdb_reportingNextEventTimeout                                      
200062ac  macCoord                                                           
200062d8  macDevice                                                          
20006304  aesecbCC26XXObjects                                                
2000632c  nwk_pollRateTable                                                  
20006354  ApsLinkKeyRAMEntry                                                 
20006378  TCLinkKeyRAMEntry                                                  
2000639c  bcastHoldAckMask                                                   
200063c0  zdoCBFunc                                                          
20006424  RF_cmdIEEECsma                                                     
20006444  RF_cmdRadioSetup                                                   
20006464  RF_params                                                          
20006484  macBeacon                                                          
200064a4  udmaCC26XXObject                                                   
200064fc  BIOS_heapCallbackObject                                            
20006518  BIOS_rtsGate                                                       
20006534  CryptoResourceCC26XX_hwi                                           
20006550  macCoordAction2                                                    
2000656c  macReset                                                           
20006588  macSrcShortAddrList                                                
200065a4  stackSem                                                           
200065c0  RF_cmdFsRx                                                         
200065d8  RF_cmdFsTx                                                         
200065f0  RF_cmdIEEETx                                                       
20006608  aesccmCC26XXObjects                                                
20006620  macScanAction                                                      
20006638  rtgSrcRelayList                                                    
20006678  RF_cmdRxAckCmd                                                     
2000668c  bdb_FindingBindingTargetSimpleDesc                                 
200066a0  macAckDbg                                                          
200066b4  macDeviceAction2                                                   
200066c8  macMgmtAction2                                                     
200066dc  macStatistics                                                      
200066ee  macRxDataEntryOffset                                               
200066f0  macBeaconDeviceAction                                              
20006700  macCoordAction3                                                    
20006710  macData                                                            
20006720  macDataTxDelay                                                     
20006730  macFrmFilter                                                       
20006740  macRxOutputIeee                                                    
20006750  nwk_beaconPayload                                                  
20006760  ZDO_Config_Node_Descriptor                                         
2000677a  macTxCsmaBackoffDelay                                              
2000677c  coexMetricsStruct                                                  
20006788  macMain                                                            
20006794  nvsSPI25XObjects                                                   
200067a0  ZDAppNwkAddr                                                       
200067aa  bcastHoldHandle                                                    
200067bc  AIB_apsUseExtendedPANID                                            
200067c4  ZDO_UseExtendedPANID                                               
200067cc  aExtendedAddress                                                   
200067d4  attrDefaultCfgRecordLinkedList                                     
200067dc  coexOverrideUseCases                                               
200067e4  macBeaconCoordAction1                                              
200067ec  macCoordAction1                                                    
200067f4  macRxDataEntryQueue                                                
200067fc  saveExtAddr                                                        
20006804  HEAPMGR_SIZE                                                       
20006808  NwkDescList                                                        
2000680c  PowerCC26XX_swiKey                                                 
20006810  PowerCC26XX_taskKey                                                
20006814  TRNG_handle                                                        
20006818  ZAESCCM_handle                                                     
2000681c  ZAESECB_handle                                                     
20006820  ZDO_Config_Power_Descriptor                                        
20006824  _ScanChannels                                                      
20006828  bdbCommissioningProcedureState                                     
2000682c  bdb_reportingAttrCfgRecordsArray                                   
20006830  dcCritical                                                         
20006834  dcLimited                                                          
20006838  dcPtr                                                              
2000683c  dcRegulated                                                        
20006840  dcTimeUsed                                                         
20006844  epList                                                             
20006848  gAttrDataValue                                                     
2000684c  gCuiHandle                                                         
20006850  macPhyTxPower                                                      
20006854  macPrevPeriodRatCount                                              
20006858  macRfDrvTblPtr                                                     
2000685c  macRxSymbol                                                        
20006860  macSymbolTimerRollover                                             
20006864  macSymbolTimerTrigger                                              
20006868  macTimerActive                                                     
2000686c  macTxTimestamp                                                     
20006870  nwkDataBufQueue                                                    
20006874  pClockHandleEDScan                                                 
20006878  pMacRadioConfig                                                    
2000687c  pMaxPower                                                          
20006880  pRfMode                                                            
20006884  pRfPowerTable                                                      
20006888  pTasksEvents                                                       
2000688c  runtimeChannel                                                     
20006890  rxRadioBufferPtr                                                   
20006894  ti_sysbios_knl_Task_defaultStackHeap                               
20006898  ti_sysbios_runtime_System_atexitHandlers                           
2000689c  timerAlignedQ                                                      
200068a0  timerUnalignedQ                                                    
200068a4  rxCmdHandle                                                        
200068a6  txCmdHandle                                                        
200068a8  zclSampleTemperatureSensor_IdentifyTime                            
200068ab  AIB_apsUseInsecureJoin                                             
200068ac  APS_Counter                                                        
200068ad  APS_TaskID                                                         
200068ae  NVOCMP_size                                                        
200068af  NWK_TaskID                                                         
200068b0  ZDAppTaskID                                                        
200068b1  ZDApp_LeaveCtrl                                                    
200068b2  _tmpRejoinState                                                    
200068b3  bdb_TaskID                                                         
200068b4  bdb_reportingAcceptDefaultConfs                                    
200068b5  bdb_reportingAttrCfgRecordsArrayCount                              
200068b6  bdb_reportingAttrCfgRecordsArrayMaxSize                            
200068b7  bdb_reportingClusterEndpointArrayCount                             
200068b8  bdb_reportingNextClusterEndpointIndex                              
200068b9  dcStatus                                                           
200068ba  gAction                                                            
200068bb  lastRxPriority                                                     
200068bc  lastTxPriority                                                     
200068bd  macAckTxActive                                                     
200068be  macMgmt                                                            
200068bf  macPanCoordinator                                                  
200068c0  macPhyChannel                                                      
200068c1  macPwr                                                             
200068c2  macRxActive                                                        
200068c3  macRxEnableFlags                                                   
200068c4  macRxFilter                                                        
200068c5  macRxOutgoingAckFlag                                               
200068c6  macSpecUsecsPerSymbol                                              
200068c7  macSrcResIndex                                                     
200068c8  macSymbolTimerImpending                                            
200068c9  macTaskId                                                          
200068ca  macTxActive                                                        
200068cb  macTxBe                                                            
200068cc  macTxGpInterframeDelay                                             
200068cd  macTxType                                                          
200068ce  macUnitBackoffPeriod                                               
200068cf  nvsCC26XXObjects                                                   
200068d0  nwkStatus                                                          
200068d1  rreqCounter                                                        
200068d2  rxFhRsl                                                            
200068d3  rxPromiscuousMode                                                  
200068d4  rxSeqNum                                                           
200068d5  stackServiceTaskId                                                 
200068d6  txAckReq                                                           
200068d7  txSeqn                                                             
200068d8  zgUseDefaultTCLK                                                   
200068d9  heapStart                                                          
20013c00  __stack                                                            
20013c00  heapEnd                                                            
20014000  __STACK_END                                                        
20014000  __STACK_TOP                                                        
90000000  TimestampP_nativeFormat64_copy                                     
90000004  TimestampP_nativeFormat32_copy                                     
ffffffff  __TI_pprof_out_hndl                                                
ffffffff  __TI_prof_data_size                                                
ffffffff  __TI_prof_data_start                                               
ffffffff  __binit__                                                          
ffffffff  binit                                                              
UNDEFED   ITM_flush                                                          
UNDEFED   ITM_restore                                                        
UNDEFED   PWM_config                                                         
UNDEFED   PWM_count                                                          
UNDEFED   __mpu_init                                                         

[2303 symbols]
